<?xml version="1.0" encoding="UTF-8"?>
<testsuites>
  <testsuite name="" tests="708" assertions="2028" errors="29" warnings="4" failures="0" skipped="68" time="42.454222">
    <testsuite name="OFX Parser Test Suite" tests="708" assertions="2028" errors="29" warnings="4" failures="0" skipped="68" time="42.454222">
      <testsuite name="Tests\Builder\TransactionBuilderTest" file="C:\Users\prote\Documents\software-devel\ksf_ofxparser\tests\Builder\TransactionBuilderTest.php" tests="30" assertions="36" errors="0" warnings="0" failures="0" skipped="0" time="0.099800">
        <testcase name="testCreateFreshBuilder" class="Tests\Builder\TransactionBuilderTest" classname="Tests.Builder.TransactionBuilderTest" file="C:\Users\prote\Documents\software-devel\ksf_ofxparser\tests\Builder\TransactionBuilderTest.php" line="36" assertions="2" time="0.021966"/>
        <testcase name="testBuildTransactionsFromXML" class="Tests\Builder\TransactionBuilderTest" classname="Tests.Builder.TransactionBuilderTest" file="C:\Users\prote\Documents\software-devel\ksf_ofxparser\tests\Builder\TransactionBuilderTest.php" line="49" assertions="1" time="0.004039"/>
        <testcase name="testBuilderWithRecoveryContextIntegration" class="Tests\Builder\TransactionBuilderTest" classname="Tests.Builder.TransactionBuilderTest" file="C:\Users\prote\Documents\software-devel\ksf_ofxparser\tests\Builder\TransactionBuilderTest.php" line="77" assertions="1" time="0.001278"/>
        <testcase name="testBuilderWithMetricsIntegration" class="Tests\Builder\TransactionBuilderTest" classname="Tests.Builder.TransactionBuilderTest" file="C:\Users\prote\Documents\software-devel\ksf_ofxparser\tests\Builder\TransactionBuilderTest.php" line="89" assertions="1" time="0.001128"/>
        <testcase name="testBuilderInstancesAreIndependent" class="Tests\Builder\TransactionBuilderTest" classname="Tests.Builder.TransactionBuilderTest" file="C:\Users\prote\Documents\software-devel\ksf_ofxparser\tests\Builder\TransactionBuilderTest.php" line="101" assertions="3" time="0.003761"/>
        <testcase name="testFieldExtractorIsInjected" class="Tests\Builder\TransactionBuilderTest" classname="Tests.Builder.TransactionBuilderTest" file="C:\Users\prote\Documents\software-devel\ksf_ofxparser\tests\Builder\TransactionBuilderTest.php" line="122" assertions="1" time="0.001265"/>
        <testcase name="testRecoveryContextIsInjected" class="Tests\Builder\TransactionBuilderTest" classname="Tests.Builder.TransactionBuilderTest" file="C:\Users\prote\Documents\software-devel\ksf_ofxparser\tests\Builder\TransactionBuilderTest.php" line="134" assertions="1" time="0.001141"/>
        <testcase name="testMetricsIsInjected" class="Tests\Builder\TransactionBuilderTest" classname="Tests.Builder.TransactionBuilderTest" file="C:\Users\prote\Documents\software-devel\ksf_ofxparser\tests\Builder\TransactionBuilderTest.php" line="146" assertions="1" time="0.001479"/>
        <testcase name="testBuildWithSingleTransaction" class="Tests\Builder\TransactionBuilderTest" classname="Tests.Builder.TransactionBuilderTest" file="C:\Users\prote\Documents\software-devel\ksf_ofxparser\tests\Builder\TransactionBuilderTest.php" line="158" assertions="1" time="0.001398"/>
        <testcase name="testBuildWithMultipleTransactions" class="Tests\Builder\TransactionBuilderTest" classname="Tests.Builder.TransactionBuilderTest" file="C:\Users\prote\Documents\software-devel\ksf_ofxparser\tests\Builder\TransactionBuilderTest.php" line="184" assertions="1" time="0.001431"/>
        <testcase name="testRecoveryContextAppliedToBuilder" class="Tests\Builder\TransactionBuilderTest" classname="Tests.Builder.TransactionBuilderTest" file="C:\Users\prote\Documents\software-devel\ksf_ofxparser\tests\Builder\TransactionBuilderTest.php" line="215" assertions="1" time="0.001174"/>
        <testcase name="testMetricsCollectedDuringBuild" class="Tests\Builder\TransactionBuilderTest" classname="Tests.Builder.TransactionBuilderTest" file="C:\Users\prote\Documents\software-devel\ksf_ofxparser\tests\Builder\TransactionBuilderTest.php" line="229" assertions="1" time="0.001255"/>
        <testcase name="testBuilderHandlesMalformedXML" class="Tests\Builder\TransactionBuilderTest" classname="Tests.Builder.TransactionBuilderTest" file="C:\Users\prote\Documents\software-devel\ksf_ofxparser\tests\Builder\TransactionBuilderTest.php" line="243" assertions="1" time="0.001588"/>
        <testcase name="testBuilderHandlesMissingTransactionId" class="Tests\Builder\TransactionBuilderTest" classname="Tests.Builder.TransactionBuilderTest" file="C:\Users\prote\Documents\software-devel\ksf_ofxparser\tests\Builder\TransactionBuilderTest.php" line="264" assertions="1" time="0.001525"/>
        <testcase name="testBuilderHandlesMissingAmount" class="Tests\Builder\TransactionBuilderTest" classname="Tests.Builder.TransactionBuilderTest" file="C:\Users\prote\Documents\software-devel\ksf_ofxparser\tests\Builder\TransactionBuilderTest.php" line="290" assertions="1" time="0.001428"/>
        <testcase name="testBuilderWithZeroAmount" class="Tests\Builder\TransactionBuilderTest" classname="Tests.Builder.TransactionBuilderTest" file="C:\Users\prote\Documents\software-devel\ksf_ofxparser\tests\Builder\TransactionBuilderTest.php" line="316" assertions="1" time="0.001666"/>
        <testcase name="testBuilderWithNegativeAmount" class="Tests\Builder\TransactionBuilderTest" classname="Tests.Builder.TransactionBuilderTest" file="C:\Users\prote\Documents\software-devel\ksf_ofxparser\tests\Builder\TransactionBuilderTest.php" line="342" assertions="1" time="0.001573"/>
        <testcase name="testBuilderWithLargeAmount" class="Tests\Builder\TransactionBuilderTest" classname="Tests.Builder.TransactionBuilderTest" file="C:\Users\prote\Documents\software-devel\ksf_ofxparser\tests\Builder\TransactionBuilderTest.php" line="368" assertions="1" time="0.006695"/>
        <testcase name="testBuilderWithSpecialCharactersInMemo" class="Tests\Builder\TransactionBuilderTest" classname="Tests.Builder.TransactionBuilderTest" file="C:\Users\prote\Documents\software-devel\ksf_ofxparser\tests\Builder\TransactionBuilderTest.php" line="394" assertions="1" time="0.001692"/>
        <testcase name="testBuilderApplesFieldValidation" class="Tests\Builder\TransactionBuilderTest" classname="Tests.Builder.TransactionBuilderTest" file="C:\Users\prote\Documents\software-devel\ksf_ofxparser\tests\Builder\TransactionBuilderTest.php" line="420" assertions="1" time="0.001887"/>
        <testcase name="testBuilderHandlesEmptyMemo" class="Tests\Builder\TransactionBuilderTest" classname="Tests.Builder.TransactionBuilderTest" file="C:\Users\prote\Documents\software-devel\ksf_ofxparser\tests\Builder\TransactionBuilderTest.php" line="448" assertions="1" time="0.001519"/>
        <testcase name="testBuilderWithUnicodeCharacters" class="Tests\Builder\TransactionBuilderTest" classname="Tests.Builder.TransactionBuilderTest" file="C:\Users\prote\Documents\software-devel\ksf_ofxparser\tests\Builder\TransactionBuilderTest.php" line="474" assertions="1" time="0.001484"/>
        <testcase name="testBuilderPassesFieldExtractorThrough" class="Tests\Builder\TransactionBuilderTest" classname="Tests.Builder.TransactionBuilderTest" file="C:\Users\prote\Documents\software-devel\ksf_ofxparser\tests\Builder\TransactionBuilderTest.php" line="500" assertions="1" time="0.001247"/>
        <testcase name="testBuilderPassesRecoveryContextThrough" class="Tests\Builder\TransactionBuilderTest" classname="Tests.Builder.TransactionBuilderTest" file="C:\Users\prote\Documents\software-devel\ksf_ofxparser\tests\Builder\TransactionBuilderTest.php" line="514" assertions="1" time="0.001206"/>
        <testcase name="testBuilderReturnsArrayOfTransactions" class="Tests\Builder\TransactionBuilderTest" classname="Tests.Builder.TransactionBuilderTest" file="C:\Users\prote\Documents\software-devel\ksf_ofxparser\tests\Builder\TransactionBuilderTest.php" line="528" assertions="1" time="0.001609"/>
        <testcase name="testBuilderHandlesWhitespaceInAmounts" class="Tests\Builder\TransactionBuilderTest" classname="Tests.Builder.TransactionBuilderTest" file="C:\Users\prote\Documents\software-devel\ksf_ofxparser\tests\Builder\TransactionBuilderTest.php" line="555" assertions="1" time="0.001572"/>
        <testcase name="testBuilderWithLongTransactionId" class="Tests\Builder\TransactionBuilderTest" classname="Tests.Builder.TransactionBuilderTest" file="C:\Users\prote\Documents\software-devel\ksf_ofxparser\tests\Builder\TransactionBuilderTest.php" line="581" assertions="1" time="0.008115"/>
        <testcase name="testBuilderHandlesManyTransactions" class="Tests\Builder\TransactionBuilderTest" classname="Tests.Builder.TransactionBuilderTest" file="C:\Users\prote\Documents\software-devel\ksf_ofxparser\tests\Builder\TransactionBuilderTest.php" line="606" assertions="3" time="0.021157"/>
        <testcase name="testBuilderStatePersistsAcrossCalls" class="Tests\Builder\TransactionBuilderTest" classname="Tests.Builder.TransactionBuilderTest" file="C:\Users\prote\Documents\software-devel\ksf_ofxparser\tests\Builder\TransactionBuilderTest.php" line="634" assertions="2" time="0.001249"/>
        <testcase name="testBuilderWithStrictMode" class="Tests\Builder\TransactionBuilderTest" classname="Tests.Builder.TransactionBuilderTest" file="C:\Users\prote\Documents\software-devel\ksf_ofxparser\tests\Builder\TransactionBuilderTest.php" line="649" assertions="1" time="0.001274"/>
      </testsuite>
      <testsuite name="Tests\Config\DefensiveParsingConfigTest" file="C:\Users\prote\Documents\software-devel\ksf_ofxparser\tests\Config\DefensiveParsingConfigTest.php" tests="25" assertions="45" errors="0" warnings="0" failures="0" skipped="0" time="0.052804">
        <testcase name="testCreateDefaultConfiguration" class="Tests\Config\DefensiveParsingConfigTest" classname="Tests.Config.DefensiveParsingConfigTest" file="C:\Users\prote\Documents\software-devel\ksf_ofxparser\tests\Config\DefensiveParsingConfigTest.php" line="19" assertions="3" time="0.001609"/>
        <testcase name="testAddFieldSpecificStrategy" class="Tests\Config\DefensiveParsingConfigTest" classname="Tests.Config.DefensiveParsingConfigTest" file="C:\Users\prote\Documents\software-devel\ksf_ofxparser\tests\Config\DefensiveParsingConfigTest.php" line="29" assertions="1" time="0.002005"/>
        <testcase name="testAddDefaultValueStrategy" class="Tests\Config\DefensiveParsingConfigTest" classname="Tests.Config.DefensiveParsingConfigTest" file="C:\Users\prote\Documents\software-devel\ksf_ofxparser\tests\Config\DefensiveParsingConfigTest.php" line="41" assertions="1" time="0.003870"/>
        <testcase name="testAddZeroAmountStrategy" class="Tests\Config\DefensiveParsingConfigTest" classname="Tests.Config.DefensiveParsingConfigTest" file="C:\Users\prote\Documents\software-devel\ksf_ofxparser\tests\Config\DefensiveParsingConfigTest.php" line="53" assertions="1" time="0.001056"/>
        <testcase name="testAddEmptyStringStrategy" class="Tests\Config\DefensiveParsingConfigTest" classname="Tests.Config.DefensiveParsingConfigTest" file="C:\Users\prote\Documents\software-devel\ksf_ofxparser\tests\Config\DefensiveParsingConfigTest.php" line="63" assertions="1" time="0.002768"/>
        <testcase name="testAddCurrentDateStrategy" class="Tests\Config\DefensiveParsingConfigTest" classname="Tests.Config.DefensiveParsingConfigTest" file="C:\Users\prote\Documents\software-devel\ksf_ofxparser\tests\Config\DefensiveParsingConfigTest.php" line="73" assertions="1" time="0.006160"/>
        <testcase name="testAddNullStrategy" class="Tests\Config\DefensiveParsingConfigTest" classname="Tests.Config.DefensiveParsingConfigTest" file="C:\Users\prote\Documents\software-devel\ksf_ofxparser\tests\Config\DefensiveParsingConfigTest.php" line="83" assertions="1" time="0.001170"/>
        <testcase name="testRegisterTransactionStrategy" class="Tests\Config\DefensiveParsingConfigTest" classname="Tests.Config.DefensiveParsingConfigTest" file="C:\Users\prote\Documents\software-devel\ksf_ofxparser\tests\Config\DefensiveParsingConfigTest.php" line="93" assertions="1" time="0.001088"/>
        <testcase name="testAddSkipTransactionStrategy" class="Tests\Config\DefensiveParsingConfigTest" classname="Tests.Config.DefensiveParsingConfigTest" file="C:\Users\prote\Documents\software-devel\ksf_ofxparser\tests\Config\DefensiveParsingConfigTest.php" line="105" assertions="1" time="0.001137"/>
        <testcase name="testAddLogAndContinueStrategy" class="Tests\Config\DefensiveParsingConfigTest" classname="Tests.Config.DefensiveParsingConfigTest" file="C:\Users\prote\Documents\software-devel\ksf_ofxparser\tests\Config\DefensiveParsingConfigTest.php" line="115" assertions="1" time="0.001853"/>
        <testcase name="testAddPartialTransactionStrategy" class="Tests\Config\DefensiveParsingConfigTest" classname="Tests.Config.DefensiveParsingConfigTest" file="C:\Users\prote\Documents\software-devel\ksf_ofxparser\tests\Config\DefensiveParsingConfigTest.php" line="125" assertions="1" time="0.001101"/>
        <testcase name="testGetStrategyForException" class="Tests\Config\DefensiveParsingConfigTest" classname="Tests.Config.DefensiveParsingConfigTest" file="C:\Users\prote\Documents\software-devel\ksf_ofxparser\tests\Config\DefensiveParsingConfigTest.php" line="135" assertions="1" time="0.001134"/>
        <testcase name="testReturnNullForUnconfiguredException" class="Tests\Config\DefensiveParsingConfigTest" classname="Tests.Config.DefensiveParsingConfigTest" file="C:\Users\prote\Documents\software-devel\ksf_ofxparser\tests\Config\DefensiveParsingConfigTest.php" line="149" assertions="1" time="0.001157"/>
        <testcase name="testFieldStrategyOverridesDefault" class="Tests\Config\DefensiveParsingConfigTest" classname="Tests.Config.DefensiveParsingConfigTest" file="C:\Users\prote\Documents\software-devel\ksf_ofxparser\tests\Config\DefensiveParsingConfigTest.php" line="160" assertions="1" time="0.006365"/>
        <testcase name="testEnableDisableStrictMode" class="Tests\Config\DefensiveParsingConfigTest" classname="Tests.Config.DefensiveParsingConfigTest" file="C:\Users\prote\Documents\software-devel\ksf_ofxparser\tests\Config\DefensiveParsingConfigTest.php" line="175" assertions="3" time="0.001134"/>
        <testcase name="testEnableDisableMetrics" class="Tests\Config\DefensiveParsingConfigTest" classname="Tests.Config.DefensiveParsingConfigTest" file="C:\Users\prote\Documents\software-devel\ksf_ofxparser\tests\Config\DefensiveParsingConfigTest.php" line="189" assertions="3" time="0.007914"/>
        <testcase name="testGetAllFieldStrategies" class="Tests\Config\DefensiveParsingConfigTest" classname="Tests.Config.DefensiveParsingConfigTest" file="C:\Users\prote\Documents\software-devel\ksf_ofxparser\tests\Config\DefensiveParsingConfigTest.php" line="203" assertions="4" time="0.002110"/>
        <testcase name="testGetAllTransactionStrategies" class="Tests\Config\DefensiveParsingConfigTest" classname="Tests.Config.DefensiveParsingConfigTest" file="C:\Users\prote\Documents\software-devel\ksf_ofxparser\tests\Config\DefensiveParsingConfigTest.php" line="221" assertions="4" time="0.001320"/>
        <testcase name="testMultipleConfigurationsIndependent" class="Tests\Config\DefensiveParsingConfigTest" classname="Tests.Config.DefensiveParsingConfigTest" file="C:\Users\prote\Documents\software-devel\ksf_ofxparser\tests\Config\DefensiveParsingConfigTest.php" line="239" assertions="4" time="0.001181"/>
        <testcase name="testConfigurationModifiable" class="Tests\Config\DefensiveParsingConfigTest" classname="Tests.Config.DefensiveParsingConfigTest" file="C:\Users\prote\Documents\software-devel\ksf_ofxparser\tests\Config\DefensiveParsingConfigTest.php" line="258" assertions="6" time="0.001390"/>
        <testcase name="testDefaultConfigurationIncludes" class="Tests\Config\DefensiveParsingConfigTest" classname="Tests.Config.DefensiveParsingConfigTest" file="C:\Users\prote\Documents\software-devel\ksf_ofxparser\tests\Config\DefensiveParsingConfigTest.php" line="277" assertions="1" time="0.000959"/>
        <testcase name="testStrategyRetrievalExceptionNameAware" class="Tests\Config\DefensiveParsingConfigTest" classname="Tests.Config.DefensiveParsingConfigTest" file="C:\Users\prote\Documents\software-devel\ksf_ofxparser\tests\Config\DefensiveParsingConfigTest.php" line="286" assertions="1" time="0.001137"/>
        <testcase name="testFluentConfigurationChain" class="Tests\Config\DefensiveParsingConfigTest" classname="Tests.Config.DefensiveParsingConfigTest" file="C:\Users\prote\Documents\software-devel\ksf_ofxparser\tests\Config\DefensiveParsingConfigTest.php" line="301" assertions="1" time="0.000907"/>
        <testcase name="testConfigurationPersistence" class="Tests\Config\DefensiveParsingConfigTest" classname="Tests.Config.DefensiveParsingConfigTest" file="C:\Users\prote\Documents\software-devel\ksf_ofxparser\tests\Config\DefensiveParsingConfigTest.php" line="316" assertions="1" time="0.001025"/>
        <testcase name="testStrategyImmutabilityOrReset" class="Tests\Config\DefensiveParsingConfigTest" classname="Tests.Config.DefensiveParsingConfigTest" file="C:\Users\prote\Documents\software-devel\ksf_ofxparser\tests\Config\DefensiveParsingConfigTest.php" line="330" assertions="1" time="0.001253"/>
      </testsuite>
      <testsuite name="OfxParserTest\DefensiveParsing\DefensiveParsingConfigTest" file="C:\Users\prote\Documents\software-devel\ksf_ofxparser\tests\DefensiveParsing\DefensiveParsingConfigTest.php" tests="9" assertions="18" errors="0" warnings="0" failures="0" skipped="0" time="0.011593">
        <testcase name="testCreateDefaultConfiguration" class="OfxParserTest\DefensiveParsing\DefensiveParsingConfigTest" classname="OfxParserTest.DefensiveParsing.DefensiveParsingConfigTest" file="C:\Users\prote\Documents\software-devel\ksf_ofxparser\tests\DefensiveParsing\DefensiveParsingConfigTest.php" line="16" assertions="3" time="0.001127"/>
        <testcase name="testCreateStrictConfiguration" class="OfxParserTest\DefensiveParsing\DefensiveParsingConfigTest" classname="OfxParserTest.DefensiveParsing.DefensiveParsingConfigTest" file="C:\Users\prote\Documents\software-devel\ksf_ofxparser\tests\DefensiveParsing\DefensiveParsingConfigTest.php" line="25" assertions="2" time="0.000929"/>
        <testcase name="testCreateLenientConfiguration" class="OfxParserTest\DefensiveParsing\DefensiveParsingConfigTest" classname="OfxParserTest.DefensiveParsing.DefensiveParsingConfigTest" file="C:\Users\prote\Documents\software-devel\ksf_ofxparser\tests\DefensiveParsing\DefensiveParsingConfigTest.php" line="33" assertions="3" time="0.001167"/>
        <testcase name="testSetFieldStrategy" class="OfxParserTest\DefensiveParsing\DefensiveParsingConfigTest" classname="OfxParserTest.DefensiveParsing.DefensiveParsingConfigTest" file="C:\Users\prote\Documents\software-devel\ksf_ofxparser\tests\DefensiveParsing\DefensiveParsingConfigTest.php" line="45" assertions="2" time="0.001217"/>
        <testcase name="testSetTransactionStrategy" class="OfxParserTest\DefensiveParsing\DefensiveParsingConfigTest" classname="OfxParserTest.DefensiveParsing.DefensiveParsingConfigTest" file="C:\Users\prote\Documents\software-devel\ksf_ofxparser\tests\DefensiveParsing\DefensiveParsingConfigTest.php" line="57" assertions="2" time="0.001172"/>
        <testcase name="testGetStrategyForException" class="OfxParserTest\DefensiveParsing\DefensiveParsingConfigTest" classname="OfxParserTest.DefensiveParsing.DefensiveParsingConfigTest" file="C:\Users\prote\Documents\software-devel\ksf_ofxparser\tests\DefensiveParsing\DefensiveParsingConfigTest.php" line="69" assertions="1" time="0.001841"/>
        <testcase name="testGetStrategyForExceptionReturnsNullWhenNotConfigured" class="OfxParserTest\DefensiveParsing\DefensiveParsingConfigTest" classname="OfxParserTest.DefensiveParsing.DefensiveParsingConfigTest" file="C:\Users\prote\Documents\software-devel\ksf_ofxparser\tests\DefensiveParsing\DefensiveParsingConfigTest.php" line="81" assertions="1" time="0.001723"/>
        <testcase name="testSetMetricsEnabled" class="OfxParserTest\DefensiveParsing\DefensiveParsingConfigTest" classname="OfxParserTest.DefensiveParsing.DefensiveParsingConfigTest" file="C:\Users\prote\Documents\software-devel\ksf_ofxparser\tests\DefensiveParsing\DefensiveParsingConfigTest.php" line="91" assertions="2" time="0.001223"/>
        <testcase name="testSetStrictMode" class="OfxParserTest\DefensiveParsing\DefensiveParsingConfigTest" classname="OfxParserTest.DefensiveParsing.DefensiveParsingConfigTest" file="C:\Users\prote\Documents\software-devel\ksf_ofxparser\tests\DefensiveParsing\DefensiveParsingConfigTest.php" line="102" assertions="2" time="0.001195"/>
      </testsuite>
      <testsuite name="OfxParserTest\DefensiveParsing\ExceptionsTest" file="C:\Users\prote\Documents\software-devel\ksf_ofxparser\tests\DefensiveParsing\ExceptionsTest.php" tests="9" assertions="30" errors="0" warnings="0" failures="0" skipped="0" time="0.019703">
        <testcase name="testOfxParsingExceptionWithContext" class="OfxParserTest\DefensiveParsing\ExceptionsTest" classname="OfxParserTest.DefensiveParsing.ExceptionsTest" file="C:\Users\prote\Documents\software-devel\ksf_ofxparser\tests\DefensiveParsing\ExceptionsTest.php" line="17" assertions="3" time="0.001019"/>
        <testcase name="testOfxParsingExceptionWithoutContext" class="OfxParserTest\DefensiveParsing\ExceptionsTest" classname="OfxParserTest.DefensiveParsing.ExceptionsTest" file="C:\Users\prote\Documents\software-devel\ksf_ofxparser\tests\DefensiveParsing\ExceptionsTest.php" line="27" assertions="2" time="0.001034"/>
        <testcase name="testRequiredFieldMissingException" class="OfxParserTest\DefensiveParsing\ExceptionsTest" classname="OfxParserTest.DefensiveParsing.ExceptionsTest" file="C:\Users\prote\Documents\software-devel\ksf_ofxparser\tests\DefensiveParsing\ExceptionsTest.php" line="35" assertions="4" time="0.001806"/>
        <testcase name="testOptionalFieldMissingException" class="OfxParserTest\DefensiveParsing\ExceptionsTest" classname="OfxParserTest.DefensiveParsing.ExceptionsTest" file="C:\Users\prote\Documents\software-devel\ksf_ofxparser\tests\DefensiveParsing\ExceptionsTest.php" line="45" assertions="3" time="0.001284"/>
        <testcase name="testInvalidFieldFormatException" class="OfxParserTest\DefensiveParsing\ExceptionsTest" classname="OfxParserTest.DefensiveParsing.ExceptionsTest" file="C:\Users\prote\Documents\software-devel\ksf_ofxparser\tests\DefensiveParsing\ExceptionsTest.php" line="54" assertions="4" time="0.002027"/>
        <testcase name="testInvalidFieldValueException" class="OfxParserTest\DefensiveParsing\ExceptionsTest" classname="OfxParserTest.DefensiveParsing.ExceptionsTest" file="C:\Users\prote\Documents\software-devel\ksf_ofxparser\tests\DefensiveParsing\ExceptionsTest.php" line="64" assertions="4" time="0.001225"/>
        <testcase name="testTransactionParsingException" class="OfxParserTest\DefensiveParsing\ExceptionsTest" classname="OfxParserTest.DefensiveParsing.ExceptionsTest" file="C:\Users\prote\Documents\software-devel\ksf_ofxparser\tests\DefensiveParsing\ExceptionsTest.php" line="74" assertions="3" time="0.007469"/>
        <testcase name="testCorruptTransactionException" class="OfxParserTest\DefensiveParsing\ExceptionsTest" classname="OfxParserTest.DefensiveParsing.ExceptionsTest" file="C:\Users\prote\Documents\software-devel\ksf_ofxparser\tests\DefensiveParsing\ExceptionsTest.php" line="83" assertions="3" time="0.002038"/>
        <testcase name="testIncompleteTransactionException" class="OfxParserTest\DefensiveParsing\ExceptionsTest" classname="OfxParserTest.DefensiveParsing.ExceptionsTest" file="C:\Users\prote\Documents\software-devel\ksf_ofxparser\tests\DefensiveParsing\ExceptionsTest.php" line="92" assertions="4" time="0.001801"/>
      </testsuite>
      <testsuite name="OfxParserTest\DefensiveParsing\FieldExtractorTest" file="C:\Users\prote\Documents\software-devel\ksf_ofxparser\tests\DefensiveParsing\FieldExtractorTest.php" tests="4" assertions="4" errors="0" warnings="0" failures="0" skipped="0" time="0.010191">
        <testcase name="testExtractRequiredFieldSuccess" class="OfxParserTest\DefensiveParsing\FieldExtractorTest" classname="OfxParserTest.DefensiveParsing.FieldExtractorTest" file="C:\Users\prote\Documents\software-devel\ksf_ofxparser\tests\DefensiveParsing\FieldExtractorTest.php" line="28" assertions="1" time="0.001096"/>
        <testcase name="testExtractOptionalFieldSuccess" class="OfxParserTest\DefensiveParsing\FieldExtractorTest" classname="OfxParserTest.DefensiveParsing.FieldExtractorTest" file="C:\Users\prote\Documents\software-devel\ksf_ofxparser\tests\DefensiveParsing\FieldExtractorTest.php" line="37" assertions="1" time="0.001158"/>
        <testcase name="testExtractRequiredAmount" class="OfxParserTest\DefensiveParsing\FieldExtractorTest" classname="OfxParserTest.DefensiveParsing.FieldExtractorTest" file="C:\Users\prote\Documents\software-devel\ksf_ofxparser\tests\DefensiveParsing\FieldExtractorTest.php" line="46" assertions="1" time="0.006742"/>
        <testcase name="testExtractOptionalAmount" class="OfxParserTest\DefensiveParsing\FieldExtractorTest" classname="OfxParserTest.DefensiveParsing.FieldExtractorTest" file="C:\Users\prote\Documents\software-devel\ksf_ofxparser\tests\DefensiveParsing\FieldExtractorTest.php" line="55" assertions="1" time="0.001195"/>
      </testsuite>
      <testsuite name="OfxParserTest\DefensiveParsing\ParserIntegrationTest" file="C:\Users\prote\Documents\software-devel\ksf_ofxparser\tests\DefensiveParsing\ParserIntegrationTest.php" tests="3" assertions="3" errors="0" warnings="0" failures="0" skipped="0" time="0.048374">
        <testcase name="testParserWithoutDefensiveParsing" class="OfxParserTest\DefensiveParsing\ParserIntegrationTest" classname="OfxParserTest.DefensiveParsing.ParserIntegrationTest" file="C:\Users\prote\Documents\software-devel\ksf_ofxparser\tests\DefensiveParsing\ParserIntegrationTest.php" line="13" assertions="1" time="0.009139"/>
        <testcase name="testParserWithDefensiveParsingEnabled" class="OfxParserTest\DefensiveParsing\ParserIntegrationTest" classname="OfxParserTest.DefensiveParsing.ParserIntegrationTest" file="C:\Users\prote\Documents\software-devel\ksf_ofxparser\tests\DefensiveParsing\ParserIntegrationTest.php" line="20" assertions="1" time="0.007965"/>
        <testcase name="testParserWithDefensiveParsingCustomConfig" class="OfxParserTest\DefensiveParsing\ParserIntegrationTest" classname="OfxParserTest.DefensiveParsing.ParserIntegrationTest" file="C:\Users\prote\Documents\software-devel\ksf_ofxparser\tests\DefensiveParsing\ParserIntegrationTest.php" line="28" assertions="1" time="0.031270"/>
      </testsuite>
      <testsuite name="OfxParserTest\DefensiveParsing\ParsingMetricsTest" file="C:\Users\prote\Documents\software-devel\ksf_ofxparser\tests\DefensiveParsing\ParsingMetricsTest.php" tests="15" assertions="48" errors="0" warnings="0" failures="0" skipped="0" time="0.025093">
        <testcase name="testInitialState" class="OfxParserTest\DefensiveParsing\ParsingMetricsTest" classname="OfxParserTest.DefensiveParsing.ParsingMetricsTest" file="C:\Users\prote\Documents\software-devel\ksf_ofxparser\tests\DefensiveParsing\ParsingMetricsTest.php" line="17" assertions="6" time="0.001210"/>
        <testcase name="testIncrementSuccessfulTransaction" class="OfxParserTest\DefensiveParsing\ParsingMetricsTest" classname="OfxParserTest.DefensiveParsing.ParsingMetricsTest" file="C:\Users\prote\Documents\software-devel\ksf_ofxparser\tests\DefensiveParsing\ParsingMetricsTest.php" line="27" assertions="2" time="0.001606"/>
        <testcase name="testIncrementIncompleteTransaction" class="OfxParserTest\DefensiveParsing\ParsingMetricsTest" classname="OfxParserTest.DefensiveParsing.ParsingMetricsTest" file="C:\Users\prote\Documents\software-devel\ksf_ofxparser\tests\DefensiveParsing\ParsingMetricsTest.php" line="36" assertions="2" time="0.001087"/>
        <testcase name="testIncrementCorruptTransaction" class="OfxParserTest\DefensiveParsing\ParsingMetricsTest" classname="OfxParserTest.DefensiveParsing.ParsingMetricsTest" file="C:\Users\prote\Documents\software-devel\ksf_ofxparser\tests\DefensiveParsing\ParsingMetricsTest.php" line="44" assertions="2" time="0.001068"/>
        <testcase name="testIncrementUnexpectedError" class="OfxParserTest\DefensiveParsing\ParsingMetricsTest" classname="OfxParserTest.DefensiveParsing.ParsingMetricsTest" file="C:\Users\prote\Documents\software-devel\ksf_ofxparser\tests\DefensiveParsing\ParsingMetricsTest.php" line="52" assertions="1" time="0.001011"/>
        <testcase name="testSuccessRateCalculation" class="OfxParserTest\DefensiveParsing\ParsingMetricsTest" classname="OfxParserTest.DefensiveParsing.ParsingMetricsTest" file="C:\Users\prote\Documents\software-devel\ksf_ofxparser\tests\DefensiveParsing\ParsingMetricsTest.php" line="59" assertions="1" time="0.001084"/>
        <testcase name="testSuccessRateWithZeroTransactions" class="OfxParserTest\DefensiveParsing\ParsingMetricsTest" classname="OfxParserTest.DefensiveParsing.ParsingMetricsTest" file="C:\Users\prote\Documents\software-devel\ksf_ofxparser\tests\DefensiveParsing\ParsingMetricsTest.php" line="70" assertions="1" time="0.001498"/>
        <testcase name="testIncrementMissingRequiredField" class="OfxParserTest\DefensiveParsing\ParsingMetricsTest" classname="OfxParserTest.DefensiveParsing.ParsingMetricsTest" file="C:\Users\prote\Documents\software-devel\ksf_ofxparser\tests\DefensiveParsing\ParsingMetricsTest.php" line="75" assertions="4" time="0.006638"/>
        <testcase name="testIncrementMissingOptionalField" class="OfxParserTest\DefensiveParsing\ParsingMetricsTest" classname="OfxParserTest.DefensiveParsing.ParsingMetricsTest" file="C:\Users\prote\Documents\software-devel\ksf_ofxparser\tests\DefensiveParsing\ParsingMetricsTest.php" line="88" assertions="4" time="0.001318"/>
        <testcase name="testIncrementFieldRecovery" class="OfxParserTest\DefensiveParsing\ParsingMetricsTest" classname="OfxParserTest.DefensiveParsing.ParsingMetricsTest" file="C:\Users\prote\Documents\software-devel\ksf_ofxparser\tests\DefensiveParsing\ParsingMetricsTest.php" line="101" assertions="2" time="0.001207"/>
        <testcase name="testLogCorruptTransaction" class="OfxParserTest\DefensiveParsing\ParsingMetricsTest" classname="OfxParserTest.DefensiveParsing.ParsingMetricsTest" file="C:\Users\prote\Documents\software-devel\ksf_ofxparser\tests\DefensiveParsing\ParsingMetricsTest.php" line="111" assertions="5" time="0.001216"/>
        <testcase name="testLogIncompleteTransaction" class="OfxParserTest\DefensiveParsing\ParsingMetricsTest" classname="OfxParserTest.DefensiveParsing.ParsingMetricsTest" file="C:\Users\prote\Documents\software-devel\ksf_ofxparser\tests\DefensiveParsing\ParsingMetricsTest.php" line="123" assertions="3" time="0.001141"/>
        <testcase name="testLogUnexpectedError" class="OfxParserTest\DefensiveParsing\ParsingMetricsTest" classname="OfxParserTest.DefensiveParsing.ParsingMetricsTest" file="C:\Users\prote\Documents\software-devel\ksf_ofxparser\tests\DefensiveParsing\ParsingMetricsTest.php" line="134" assertions="4" time="0.002307"/>
        <testcase name="testToArray" class="OfxParserTest\DefensiveParsing\ParsingMetricsTest" classname="OfxParserTest.DefensiveParsing.ParsingMetricsTest" file="C:\Users\prote\Documents\software-devel\ksf_ofxparser\tests\DefensiveParsing\ParsingMetricsTest.php" line="145" assertions="6" time="0.001337"/>
        <testcase name="testReset" class="OfxParserTest\DefensiveParsing\ParsingMetricsTest" classname="OfxParserTest.DefensiveParsing.ParsingMetricsTest" file="C:\Users\prote\Documents\software-devel\ksf_ofxparser\tests\DefensiveParsing\ParsingMetricsTest.php" line="162" assertions="5" time="0.001366"/>
      </testsuite>
      <testsuite name="OfxParserTest\DefensiveParsing\ParsingResultTest" file="C:\Users\prote\Documents\software-devel\ksf_ofxparser\tests\DefensiveParsing\ParsingResultTest.php" tests="9" assertions="17" errors="0" warnings="0" failures="0" skipped="0" time="0.035694">
        <testcase name="testConstructorAndGetters" class="OfxParserTest\DefensiveParsing\ParsingResultTest" classname="OfxParserTest.DefensiveParsing.ParsingResultTest" file="C:\Users\prote\Documents\software-devel\ksf_ofxparser\tests\DefensiveParsing\ParsingResultTest.php" line="12" assertions="2" time="0.015740"/>
        <testcase name="testHasErrorsWhenNoErrors" class="OfxParserTest\DefensiveParsing\ParsingResultTest" classname="OfxParserTest.DefensiveParsing.ParsingResultTest" file="C:\Users\prote\Documents\software-devel\ksf_ofxparser\tests\DefensiveParsing\ParsingResultTest.php" line="24" assertions="1" time="0.001317"/>
        <testcase name="testHasErrorsWhenCorruptTransactions" class="OfxParserTest\DefensiveParsing\ParsingResultTest" classname="OfxParserTest.DefensiveParsing.ParsingResultTest" file="C:\Users\prote\Documents\software-devel\ksf_ofxparser\tests\DefensiveParsing\ParsingResultTest.php" line="37" assertions="1" time="0.005868"/>
        <testcase name="testHasErrorsWhenUnexpectedErrors" class="OfxParserTest\DefensiveParsing\ParsingResultTest" classname="OfxParserTest.DefensiveParsing.ParsingResultTest" file="C:\Users\prote\Documents\software-devel\ksf_ofxparser\tests\DefensiveParsing\ParsingResultTest.php" line="50" assertions="1" time="0.001333"/>
        <testcase name="testIsCompleteWhenAllSuccessful" class="OfxParserTest\DefensiveParsing\ParsingResultTest" classname="OfxParserTest.DefensiveParsing.ParsingResultTest" file="C:\Users\prote\Documents\software-devel\ksf_ofxparser\tests\DefensiveParsing\ParsingResultTest.php" line="63" assertions="1" time="0.001346"/>
        <testcase name="testIsCompleteWhenIncompleteTransactions" class="OfxParserTest\DefensiveParsing\ParsingResultTest" classname="OfxParserTest.DefensiveParsing.ParsingResultTest" file="C:\Users\prote\Documents\software-devel\ksf_ofxparser\tests\DefensiveParsing\ParsingResultTest.php" line="76" assertions="1" time="0.001337"/>
        <testcase name="testGetSuccessRate" class="OfxParserTest\DefensiveParsing\ParsingResultTest" classname="OfxParserTest.DefensiveParsing.ParsingResultTest" file="C:\Users\prote\Documents\software-devel\ksf_ofxparser\tests\DefensiveParsing\ParsingResultTest.php" line="89" assertions="1" time="0.005806"/>
        <testcase name="testGetCountMethods" class="OfxParserTest\DefensiveParsing\ParsingResultTest" classname="OfxParserTest.DefensiveParsing.ParsingResultTest" file="C:\Users\prote\Documents\software-devel\ksf_ofxparser\tests\DefensiveParsing\ParsingResultTest.php" line="104" assertions="4" time="0.001432"/>
        <testcase name="testToArray" class="OfxParserTest\DefensiveParsing\ParsingResultTest" classname="OfxParserTest.DefensiveParsing.ParsingResultTest" file="C:\Users\prote\Documents\software-devel\ksf_ofxparser\tests\DefensiveParsing\ParsingResultTest.php" line="122" assertions="5" time="0.001516"/>
      </testsuite>
      <testsuite name="OfxParserTest\DefensiveParsing\RecoveryContextTest" file="C:\Users\prote\Documents\software-devel\ksf_ofxparser\tests\DefensiveParsing\RecoveryContextTest.php" tests="7" assertions="8" errors="0" warnings="0" failures="0" skipped="0" time="0.009027">
        <testcase name="testConstructorWithDefaultConfig" class="OfxParserTest\DefensiveParsing\RecoveryContextTest" classname="OfxParserTest.DefensiveParsing.RecoveryContextTest" file="C:\Users\prote\Documents\software-devel\ksf_ofxparser\tests\DefensiveParsing\RecoveryContextTest.php" line="15" assertions="2" time="0.001037"/>
        <testcase name="testCanRecoverReturnsFalseInStrictMode" class="OfxParserTest\DefensiveParsing\RecoveryContextTest" classname="OfxParserTest.DefensiveParsing.RecoveryContextTest" file="C:\Users\prote\Documents\software-devel\ksf_ofxparser\tests\DefensiveParsing\RecoveryContextTest.php" line="24" assertions="1" time="0.001373"/>
        <testcase name="testCanRecoverReturnsTrueWhenStrategyConfigured" class="OfxParserTest\DefensiveParsing\RecoveryContextTest" classname="OfxParserTest.DefensiveParsing.RecoveryContextTest" file="C:\Users\prote\Documents\software-devel\ksf_ofxparser\tests\DefensiveParsing\RecoveryContextTest.php" line="33" assertions="1" time="0.001131"/>
        <testcase name="testCanRecoverReturnsFalseWhenNoStrategyConfigured" class="OfxParserTest\DefensiveParsing\RecoveryContextTest" classname="OfxParserTest.DefensiveParsing.RecoveryContextTest" file="C:\Users\prote\Documents\software-devel\ksf_ofxparser\tests\DefensiveParsing\RecoveryContextTest.php" line="43" assertions="1" time="0.001185"/>
        <testcase name="testRecoverUsesConfiguredStrategy" class="OfxParserTest\DefensiveParsing\RecoveryContextTest" classname="OfxParserTest.DefensiveParsing.RecoveryContextTest" file="C:\Users\prote\Documents\software-devel\ksf_ofxparser\tests\DefensiveParsing\RecoveryContextTest.php" line="53" assertions="1" time="0.001178"/>
        <testcase name="testRecoverThrowsWhenNoStrategy" class="OfxParserTest\DefensiveParsing\RecoveryContextTest" classname="OfxParserTest.DefensiveParsing.RecoveryContextTest" file="C:\Users\prote\Documents\software-devel\ksf_ofxparser\tests\DefensiveParsing\RecoveryContextTest.php" line="65" assertions="1" time="0.001868"/>
        <testcase name="testRecoverForTransactionException" class="OfxParserTest\DefensiveParsing\RecoveryContextTest" classname="OfxParserTest.DefensiveParsing.RecoveryContextTest" file="C:\Users\prote\Documents\software-devel\ksf_ofxparser\tests\DefensiveParsing\RecoveryContextTest.php" line="77" assertions="1" time="0.001255"/>
      </testsuite>
      <testsuite name="OfxParserTest\DefensiveParsing\RecoveryStrategiesTest" file="C:\Users\prote\Documents\software-devel\ksf_ofxparser\tests\DefensiveParsing\RecoveryStrategiesTest.php" tests="11" assertions="29" errors="0" warnings="0" failures="0" skipped="0" time="0.026130">
        <testcase name="testEmptyStringStrategy" class="OfxParserTest\DefensiveParsing\RecoveryStrategiesTest" classname="OfxParserTest.DefensiveParsing.RecoveryStrategiesTest" file="C:\Users\prote\Documents\software-devel\ksf_ofxparser\tests\DefensiveParsing\RecoveryStrategiesTest.php" line="20" assertions="3" time="0.001254"/>
        <testcase name="testNullStrategy" class="OfxParserTest\DefensiveParsing\RecoveryStrategiesTest" classname="OfxParserTest.DefensiveParsing.RecoveryStrategiesTest" file="C:\Users\prote\Documents\software-devel\ksf_ofxparser\tests\DefensiveParsing\RecoveryStrategiesTest.php" line="30" assertions="3" time="0.001093"/>
        <testcase name="testDefaultValueStrategy" class="OfxParserTest\DefensiveParsing\RecoveryStrategiesTest" classname="OfxParserTest.DefensiveParsing.RecoveryStrategiesTest" file="C:\Users\prote\Documents\software-devel\ksf_ofxparser\tests\DefensiveParsing\RecoveryStrategiesTest.php" line="40" assertions="3" time="0.001122"/>
        <testcase name="testDefaultValueStrategyWithDifferentTypes" class="OfxParserTest\DefensiveParsing\RecoveryStrategiesTest" classname="OfxParserTest.DefensiveParsing.RecoveryStrategiesTest" file="C:\Users\prote\Documents\software-devel\ksf_ofxparser\tests\DefensiveParsing\RecoveryStrategiesTest.php" line="50" assertions="2" time="0.001016"/>
        <testcase name="testZeroAmountStrategy" class="OfxParserTest\DefensiveParsing\RecoveryStrategiesTest" classname="OfxParserTest.DefensiveParsing.RecoveryStrategiesTest" file="C:\Users\prote\Documents\software-devel\ksf_ofxparser\tests\DefensiveParsing\RecoveryStrategiesTest.php" line="59" assertions="3" time="0.001171"/>
        <testcase name="testCurrentDateStrategy" class="OfxParserTest\DefensiveParsing\RecoveryStrategiesTest" classname="OfxParserTest.DefensiveParsing.RecoveryStrategiesTest" file="C:\Users\prote\Documents\software-devel\ksf_ofxparser\tests\DefensiveParsing\RecoveryStrategiesTest.php" line="69" assertions="3" time="0.005899"/>
        <testcase name="testSkipTransactionStrategy" class="OfxParserTest\DefensiveParsing\RecoveryStrategiesTest" classname="OfxParserTest.DefensiveParsing.RecoveryStrategiesTest" file="C:\Users\prote\Documents\software-devel\ksf_ofxparser\tests\DefensiveParsing\RecoveryStrategiesTest.php" line="80" assertions="3" time="0.001153"/>
        <testcase name="testLogAndContinueStrategy" class="OfxParserTest\DefensiveParsing\RecoveryStrategiesTest" classname="OfxParserTest.DefensiveParsing.RecoveryStrategiesTest" file="C:\Users\prote\Documents\software-devel\ksf_ofxparser\tests\DefensiveParsing\RecoveryStrategiesTest.php" line="90" assertions="3" time="0.005561"/>
        <testcase name="testPartialTransactionStrategy" class="OfxParserTest\DefensiveParsing\RecoveryStrategiesTest" classname="OfxParserTest.DefensiveParsing.RecoveryStrategiesTest" file="C:\Users\prote\Documents\software-devel\ksf_ofxparser\tests\DefensiveParsing\RecoveryStrategiesTest.php" line="100" assertions="3" time="0.001162"/>
        <testcase name="testPartialTransactionStrategyReturnsNullWhenNoTransaction" class="OfxParserTest\DefensiveParsing\RecoveryStrategiesTest" classname="OfxParserTest.DefensiveParsing.RecoveryStrategiesTest" file="C:\Users\prote\Documents\software-devel\ksf_ofxparser\tests\DefensiveParsing\RecoveryStrategiesTest.php" line="113" assertions="2" time="0.005771"/>
        <testcase name="testStrategyDoesNotHandleWrongExceptionType" class="OfxParserTest\DefensiveParsing\RecoveryStrategiesTest" classname="OfxParserTest.DefensiveParsing.RecoveryStrategiesTest" file="C:\Users\prote\Documents\software-devel\ksf_ofxparser\tests\DefensiveParsing\RecoveryStrategiesTest.php" line="123" assertions="1" time="0.000927"/>
      </testsuite>
      <testsuite name="Tests\EdgeCases\BoundaryConditionTest" file="C:\Users\prote\Documents\software-devel\ksf_ofxparser\tests\EdgeCases\BoundaryConditionTest.php" tests="20" assertions="0" errors="0" warnings="0" failures="0" skipped="20" time="0.029339">
        <testcase name="testLargeFileHandling" class="Tests\EdgeCases\BoundaryConditionTest" classname="Tests.EdgeCases.BoundaryConditionTest" file="C:\Users\prote\Documents\software-devel\ksf_ofxparser\tests\EdgeCases\BoundaryConditionTest.php" line="24" assertions="0" time="0.001507">
          <skipped/>
        </testcase>
        <testcase name="testManyTransactions" class="Tests\EdgeCases\BoundaryConditionTest" classname="Tests.EdgeCases.BoundaryConditionTest" file="C:\Users\prote\Documents\software-devel\ksf_ofxparser\tests\EdgeCases\BoundaryConditionTest.php" line="30" assertions="0" time="0.000803">
          <skipped/>
        </testcase>
        <testcase name="testManyAccounts" class="Tests\EdgeCases\BoundaryConditionTest" classname="Tests.EdgeCases.BoundaryConditionTest" file="C:\Users\prote\Documents\software-devel\ksf_ofxparser\tests\EdgeCases\BoundaryConditionTest.php" line="36" assertions="0" time="0.000904">
          <skipped/>
        </testcase>
        <testcase name="testMaximumFieldStringLength" class="Tests\EdgeCases\BoundaryConditionTest" classname="Tests.EdgeCases.BoundaryConditionTest" file="C:\Users\prote\Documents\software-devel\ksf_ofxparser\tests\EdgeCases\BoundaryConditionTest.php" line="42" assertions="0" time="0.000914">
          <skipped/>
        </testcase>
        <testcase name="testLargeAmountValue" class="Tests\EdgeCases\BoundaryConditionTest" classname="Tests.EdgeCases.BoundaryConditionTest" file="C:\Users\prote\Documents\software-devel\ksf_ofxparser\tests\EdgeCases\BoundaryConditionTest.php" line="54" assertions="0" time="0.001100">
          <skipped/>
        </testcase>
        <testcase name="testSmallFractionalAmount" class="Tests\EdgeCases\BoundaryConditionTest" classname="Tests.EdgeCases.BoundaryConditionTest" file="C:\Users\prote\Documents\software-devel\ksf_ofxparser\tests\EdgeCases\BoundaryConditionTest.php" line="66" assertions="0" time="0.001046">
          <skipped/>
        </testcase>
        <testcase name="testNegativeAmount" class="Tests\EdgeCases\BoundaryConditionTest" classname="Tests.EdgeCases.BoundaryConditionTest" file="C:\Users\prote\Documents\software-devel\ksf_ofxparser\tests\EdgeCases\BoundaryConditionTest.php" line="76" assertions="0" time="0.000895">
          <skipped/>
        </testcase>
        <testcase name="testZeroAmount" class="Tests\EdgeCases\BoundaryConditionTest" classname="Tests.EdgeCases.BoundaryConditionTest" file="C:\Users\prote\Documents\software-devel\ksf_ofxparser\tests\EdgeCases\BoundaryConditionTest.php" line="86" assertions="0" time="0.000912">
          <skipped/>
        </testcase>
        <testcase name="testVeryOldDate" class="Tests\EdgeCases\BoundaryConditionTest" classname="Tests.EdgeCases.BoundaryConditionTest" file="C:\Users\prote\Documents\software-devel\ksf_ofxparser\tests\EdgeCases\BoundaryConditionTest.php" line="96" assertions="0" time="0.000931">
          <skipped/>
        </testcase>
        <testcase name="testFutureDate" class="Tests\EdgeCases\BoundaryConditionTest" classname="Tests.EdgeCases.BoundaryConditionTest" file="C:\Users\prote\Documents\software-devel\ksf_ofxparser\tests\EdgeCases\BoundaryConditionTest.php" line="106" assertions="0" time="0.001006">
          <skipped/>
        </testcase>
        <testcase name="testMillisecondPrecisionDate" class="Tests\EdgeCases\BoundaryConditionTest" classname="Tests.EdgeCases.BoundaryConditionTest" file="C:\Users\prote\Documents\software-devel\ksf_ofxparser\tests\EdgeCases\BoundaryConditionTest.php" line="116" assertions="0" time="0.000871">
          <skipped/>
        </testcase>
        <testcase name="testTimezoneDateFormat" class="Tests\EdgeCases\BoundaryConditionTest" classname="Tests.EdgeCases.BoundaryConditionTest" file="C:\Users\prote\Documents\software-devel\ksf_ofxparser\tests\EdgeCases\BoundaryConditionTest.php" line="126" assertions="0" time="0.000778">
          <skipped/>
        </testcase>
        <testcase name="testMinimalTransactionID" class="Tests\EdgeCases\BoundaryConditionTest" classname="Tests.EdgeCases.BoundaryConditionTest" file="C:\Users\prote\Documents\software-devel\ksf_ofxparser\tests\EdgeCases\BoundaryConditionTest.php" line="141" assertions="0" time="0.001561">
          <skipped/>
        </testcase>
        <testcase name="testVeryLongTransactionID" class="Tests\EdgeCases\BoundaryConditionTest" classname="Tests.EdgeCases.BoundaryConditionTest" file="C:\Users\prote\Documents\software-devel\ksf_ofxparser\tests\EdgeCases\BoundaryConditionTest.php" line="151" assertions="0" time="0.000839">
          <skipped/>
        </testcase>
        <testcase name="testAccountIDSpecialCharacters" class="Tests\EdgeCases\BoundaryConditionTest" classname="Tests.EdgeCases.BoundaryConditionTest" file="C:\Users\prote\Documents\software-devel\ksf_ofxparser\tests\EdgeCases\BoundaryConditionTest.php" line="163" assertions="0" time="0.006034">
          <skipped/>
        </testcase>
        <testcase name="testEmptyStatementInAccount" class="Tests\EdgeCases\BoundaryConditionTest" classname="Tests.EdgeCases.BoundaryConditionTest" file="C:\Users\prote\Documents\software-devel\ksf_ofxparser\tests\EdgeCases\BoundaryConditionTest.php" line="173" assertions="0" time="0.000953">
          <skipped/>
        </testcase>
        <testcase name="testAccountWithNullBalance" class="Tests\EdgeCases\BoundaryConditionTest" classname="Tests.EdgeCases.BoundaryConditionTest" file="C:\Users\prote\Documents\software-devel\ksf_ofxparser\tests\EdgeCases\BoundaryConditionTest.php" line="183" assertions="0" time="0.000906">
          <skipped/>
        </testcase>
        <testcase name="testMaximumNestingDepth" class="Tests\EdgeCases\BoundaryConditionTest" classname="Tests.EdgeCases.BoundaryConditionTest" file="C:\Users\prote\Documents\software-devel\ksf_ofxparser\tests\EdgeCases\BoundaryConditionTest.php" line="193" assertions="0" time="0.000897">
          <skipped/>
        </testcase>
        <testcase name="testSingleTransaction" class="Tests\EdgeCases\BoundaryConditionTest" classname="Tests.EdgeCases.BoundaryConditionTest" file="C:\Users\prote\Documents\software-devel\ksf_ofxparser\tests\EdgeCases\BoundaryConditionTest.php" line="212" assertions="0" time="0.000734">
          <skipped/>
        </testcase>
        <testcase name="testStatementPeriodBoundary" class="Tests\EdgeCases\BoundaryConditionTest" classname="Tests.EdgeCases.BoundaryConditionTest" file="C:\Users\prote\Documents\software-devel\ksf_ofxparser\tests\EdgeCases\BoundaryConditionTest.php" line="222" assertions="0" time="0.005747">
          <skipped/>
        </testcase>
      </testsuite>
      <testsuite name="Tests\EdgeCases\DataFormatVariationTest" file="C:\Users\prote\Documents\software-devel\ksf_ofxparser\tests\EdgeCases\DataFormatVariationTest.php" tests="20" assertions="0" errors="0" warnings="0" failures="0" skipped="20" time="0.034762">
        <testcase name="testDateFormatYYYYMMDD" class="Tests\EdgeCases\DataFormatVariationTest" classname="Tests.EdgeCases.DataFormatVariationTest" file="C:\Users\prote\Documents\software-devel\ksf_ofxparser\tests\EdgeCases\DataFormatVariationTest.php" line="24" assertions="0" time="0.000790">
          <skipped/>
        </testcase>
        <testcase name="testDateFormatWithTime" class="Tests\EdgeCases\DataFormatVariationTest" classname="Tests.EdgeCases.DataFormatVariationTest" file="C:\Users\prote\Documents\software-devel\ksf_ofxparser\tests\EdgeCases\DataFormatVariationTest.php" line="36" assertions="0" time="0.001114">
          <skipped/>
        </testcase>
        <testcase name="testDateFormatFullTimestamp" class="Tests\EdgeCases\DataFormatVariationTest" classname="Tests.EdgeCases.DataFormatVariationTest" file="C:\Users\prote\Documents\software-devel\ksf_ofxparser\tests\EdgeCases\DataFormatVariationTest.php" line="45" assertions="0" time="0.000907">
          <skipped/>
        </testcase>
        <testcase name="testAmountWithLeadingZeros" class="Tests\EdgeCases\DataFormatVariationTest" classname="Tests.EdgeCases.DataFormatVariationTest" file="C:\Users\prote\Documents\software-devel\ksf_ofxparser\tests\EdgeCases\DataFormatVariationTest.php" line="65" assertions="0" time="0.000736">
          <skipped/>
        </testcase>
        <testcase name="testAmountWithCommaThousands" class="Tests\EdgeCases\DataFormatVariationTest" classname="Tests.EdgeCases.DataFormatVariationTest" file="C:\Users\prote\Documents\software-devel\ksf_ofxparser\tests\EdgeCases\DataFormatVariationTest.php" line="85" assertions="0" time="0.000919">
          <skipped/>
        </testcase>
        <testcase name="testAmountWithPeriodThousands" class="Tests\EdgeCases\DataFormatVariationTest" classname="Tests.EdgeCases.DataFormatVariationTest" file="C:\Users\prote\Documents\software-devel\ksf_ofxparser\tests\EdgeCases\DataFormatVariationTest.php" line="105" assertions="0" time="0.000731">
          <skipped/>
        </testcase>
        <testcase name="testMultipleCurrencyCodes" class="Tests\EdgeCases\DataFormatVariationTest" classname="Tests.EdgeCases.DataFormatVariationTest" file="C:\Users\prote\Documents\software-devel\ksf_ofxparser\tests\EdgeCases\DataFormatVariationTest.php" line="125" assertions="0" time="0.006624">
          <skipped/>
        </testcase>
        <testcase name="testEmptyOptionalFields" class="Tests\EdgeCases\DataFormatVariationTest" classname="Tests.EdgeCases.DataFormatVariationTest" file="C:\Users\prote\Documents\software-devel\ksf_ofxparser\tests\EdgeCases\DataFormatVariationTest.php" line="150" assertions="0" time="0.000805">
          <skipped/>
        </testcase>
        <testcase name="testNullVsEmptyFields" class="Tests\EdgeCases\DataFormatVariationTest" classname="Tests.EdgeCases.DataFormatVariationTest" file="C:\Users\prote\Documents\software-devel\ksf_ofxparser\tests\EdgeCases\DataFormatVariationTest.php" line="173" assertions="0" time="0.000735">
          <skipped/>
        </testcase>
        <testcase name="testMixedCaseOFXTags" class="Tests\EdgeCases\DataFormatVariationTest" classname="Tests.EdgeCases.DataFormatVariationTest" file="C:\Users\prote\Documents\software-devel\ksf_ofxparser\tests\EdgeCases\DataFormatVariationTest.php" line="195" assertions="0" time="0.000867">
          <skipped/>
        </testcase>
        <testcase name="testWhitespaceVariations" class="Tests\EdgeCases\DataFormatVariationTest" classname="Tests.EdgeCases.DataFormatVariationTest" file="C:\Users\prote\Documents\software-devel\ksf_ofxparser\tests\EdgeCases\DataFormatVariationTest.php" line="220" assertions="0" time="0.000830">
          <skipped/>
        </testcase>
        <testcase name="testTabsAndMixedWhitespace" class="Tests\EdgeCases\DataFormatVariationTest" classname="Tests.EdgeCases.DataFormatVariationTest" file="C:\Users\prote\Documents\software-devel\ksf_ofxparser\tests\EdgeCases\DataFormatVariationTest.php" line="243" assertions="0" time="0.008274">
          <skipped/>
        </testcase>
        <testcase name="testCRLFLineEndings" class="Tests\EdgeCases\DataFormatVariationTest" classname="Tests.EdgeCases.DataFormatVariationTest" file="C:\Users\prote\Documents\software-devel\ksf_ofxparser\tests\EdgeCases\DataFormatVariationTest.php" line="263" assertions="0" time="0.000790">
          <skipped/>
        </testcase>
        <testcase name="testBooleanLikeValues" class="Tests\EdgeCases\DataFormatVariationTest" classname="Tests.EdgeCases.DataFormatVariationTest" file="C:\Users\prote\Documents\software-devel\ksf_ofxparser\tests\EdgeCases\DataFormatVariationTest.php" line="272" assertions="0" time="0.005375">
          <skipped/>
        </testcase>
        <testcase name="testNumericStringHandling" class="Tests\EdgeCases\DataFormatVariationTest" classname="Tests.EdgeCases.DataFormatVariationTest" file="C:\Users\prote\Documents\software-devel\ksf_ofxparser\tests\EdgeCases\DataFormatVariationTest.php" line="290" assertions="0" time="0.000876">
          <skipped/>
        </testcase>
        <testcase name="testSignIndicators" class="Tests\EdgeCases\DataFormatVariationTest" classname="Tests.EdgeCases.DataFormatVariationTest" file="C:\Users\prote\Documents\software-devel\ksf_ofxparser\tests\EdgeCases\DataFormatVariationTest.php" line="312" assertions="0" time="0.000735">
          <skipped/>
        </testcase>
        <testcase name="testScientificNotationAmounts" class="Tests\EdgeCases\DataFormatVariationTest" classname="Tests.EdgeCases.DataFormatVariationTest" file="C:\Users\prote\Documents\software-devel\ksf_ofxparser\tests\EdgeCases\DataFormatVariationTest.php" line="335" assertions="0" time="0.000849">
          <skipped/>
        </testcase>
        <testcase name="testMultipleDecimalSeparators" class="Tests\EdgeCases\DataFormatVariationTest" classname="Tests.EdgeCases.DataFormatVariationTest" file="C:\Users\prote\Documents\software-devel\ksf_ofxparser\tests\EdgeCases\DataFormatVariationTest.php" line="360" assertions="0" time="0.000915">
          <skipped/>
        </testcase>
        <testcase name="testTransactionTypeCodes" class="Tests\EdgeCases\DataFormatVariationTest" classname="Tests.EdgeCases.DataFormatVariationTest" file="C:\Users\prote\Documents\software-devel\ksf_ofxparser\tests\EdgeCases\DataFormatVariationTest.php" line="386" assertions="0" time="0.000994">
          <skipped/>
        </testcase>
        <testcase name="testAccountTypeVariations" class="Tests\EdgeCases\DataFormatVariationTest" classname="Tests.EdgeCases.DataFormatVariationTest" file="C:\Users\prote\Documents\software-devel\ksf_ofxparser\tests\EdgeCases\DataFormatVariationTest.php" line="410" assertions="0" time="0.000897">
          <skipped/>
        </testcase>
      </testsuite>
      <testsuite name="Tests\EdgeCases\ErrorHandlingTest" file="C:\Users\prote\Documents\software-devel\ksf_ofxparser\tests\EdgeCases\ErrorHandlingTest.php" tests="15" assertions="15" errors="0" warnings="0" failures="0" skipped="0" time="0.035865">
        <testcase name="testFileWithNoAccounts" class="Tests\EdgeCases\ErrorHandlingTest" classname="Tests.EdgeCases.ErrorHandlingTest" file="C:\Users\prote\Documents\software-devel\ksf_ofxparser\tests\EdgeCases\ErrorHandlingTest.php" line="18" assertions="1" time="0.008345"/>
        <testcase name="testNoTransactionsInAccount" class="Tests\EdgeCases\ErrorHandlingTest" classname="Tests.EdgeCases.ErrorHandlingTest" file="C:\Users\prote\Documents\software-devel\ksf_ofxparser\tests\EdgeCases\ErrorHandlingTest.php" line="35" assertions="1" time="0.001271"/>
        <testcase name="testCorruptTransactionSkipped" class="Tests\EdgeCases\ErrorHandlingTest" classname="Tests.EdgeCases.ErrorHandlingTest" file="C:\Users\prote\Documents\software-devel\ksf_ofxparser\tests\EdgeCases\ErrorHandlingTest.php" line="62" assertions="1" time="0.001714"/>
        <testcase name="testMissingRequiredFieldRecovery" class="Tests\EdgeCases\ErrorHandlingTest" classname="Tests.EdgeCases.ErrorHandlingTest" file="C:\Users\prote\Documents\software-devel\ksf_ofxparser\tests\EdgeCases\ErrorHandlingTest.php" line="87" assertions="1" time="0.001325"/>
        <testcase name="testEmptyOFXFile" class="Tests\EdgeCases\ErrorHandlingTest" classname="Tests.EdgeCases.ErrorHandlingTest" file="C:\Users\prote\Documents\software-devel\ksf_ofxparser\tests\EdgeCases\ErrorHandlingTest.php" line="115" assertions="1" time="0.001152"/>
        <testcase name="testNullValuesInFields" class="Tests\EdgeCases\ErrorHandlingTest" classname="Tests.EdgeCases.ErrorHandlingTest" file="C:\Users\prote\Documents\software-devel\ksf_ofxparser\tests\EdgeCases\ErrorHandlingTest.php" line="130" assertions="1" time="0.005898"/>
        <testcase name="testInvalidFieldTypesDetected" class="Tests\EdgeCases\ErrorHandlingTest" classname="Tests.EdgeCases.ErrorHandlingTest" file="C:\Users\prote\Documents\software-devel\ksf_ofxparser\tests\EdgeCases\ErrorHandlingTest.php" line="157" assertions="1" time="0.002532"/>
        <testcase name="testDuplicateTransactionIDsAllowed" class="Tests\EdgeCases\ErrorHandlingTest" classname="Tests.EdgeCases.ErrorHandlingTest" file="C:\Users\prote\Documents\software-devel\ksf_ofxparser\tests\EdgeCases\ErrorHandlingTest.php" line="183" assertions="1" time="0.001272"/>
        <testcase name="testUnclosedTags" class="Tests\EdgeCases\ErrorHandlingTest" classname="Tests.EdgeCases.ErrorHandlingTest" file="C:\Users\prote\Documents\software-devel\ksf_ofxparser\tests\EdgeCases\ErrorHandlingTest.php" line="217" assertions="1" time="0.005086"/>
        <testcase name="testSGMLMalformedHeader" class="Tests\EdgeCases\ErrorHandlingTest" classname="Tests.EdgeCases.ErrorHandlingTest" file="C:\Users\prote\Documents\software-devel\ksf_ofxparser\tests\EdgeCases\ErrorHandlingTest.php" line="239" assertions="1" time="0.001248"/>
        <testcase name="testOFXHeaderOnlyFile" class="Tests\EdgeCases\ErrorHandlingTest" classname="Tests.EdgeCases.ErrorHandlingTest" file="C:\Users\prote\Documents\software-devel\ksf_ofxparser\tests\EdgeCases\ErrorHandlingTest.php" line="256" assertions="1" time="0.001075"/>
        <testcase name="testDeeplyNestedElements" class="Tests\EdgeCases\ErrorHandlingTest" classname="Tests.EdgeCases.ErrorHandlingTest" file="C:\Users\prote\Documents\software-devel\ksf_ofxparser\tests\EdgeCases\ErrorHandlingTest.php" line="271" assertions="1" time="0.000959"/>
        <testcase name="testSpecialXMLCharacters" class="Tests\EdgeCases\ErrorHandlingTest" classname="Tests.EdgeCases.ErrorHandlingTest" file="C:\Users\prote\Documents\software-devel\ksf_ofxparser\tests\EdgeCases\ErrorHandlingTest.php" line="307" assertions="1" time="0.001640"/>
        <testcase name="testByteOrderMarkHandling" class="Tests\EdgeCases\ErrorHandlingTest" classname="Tests.EdgeCases.ErrorHandlingTest" file="C:\Users\prote\Documents\software-devel\ksf_ofxparser\tests\EdgeCases\ErrorHandlingTest.php" line="332" assertions="1" time="0.001025"/>
        <testcase name="testMixedEncodingContent" class="Tests\EdgeCases\ErrorHandlingTest" classname="Tests.EdgeCases.ErrorHandlingTest" file="C:\Users\prote\Documents\software-devel\ksf_ofxparser\tests\EdgeCases\ErrorHandlingTest.php" line="349" assertions="1" time="0.001323"/>
      </testsuite>
      <testsuite name="Tests\Integration\ComponentIntegrationTest" file="C:\Users\prote\Documents\software-devel\ksf_ofxparser\tests\Integration\ComponentIntegrationTest.php" tests="20" assertions="24" errors="0" warnings="0" failures="0" skipped="0" time="1.954924">
        <testcase name="testParserLoaderBuilderFlow" class="Tests\Integration\ComponentIntegrationTest" classname="Tests.Integration.ComponentIntegrationTest" file="C:\Users\prote\Documents\software-devel\ksf_ofxparser\tests\Integration\ComponentIntegrationTest.php" line="56" assertions="1" time="0.084551"/>
        <testcase name="testTokenizerParserFactoryFlow" class="Tests\Integration\ComponentIntegrationTest" classname="Tests.Integration.ComponentIntegrationTest" file="C:\Users\prote\Documents\software-devel\ksf_ofxparser\tests\Integration\ComponentIntegrationTest.php" line="65" assertions="1" time="0.070851"/>
        <testcase name="testRecoveryConfigStrategyMetricsIntegration" class="Tests\Integration\ComponentIntegrationTest" classname="Tests.Integration.ComponentIntegrationTest" file="C:\Users\prote\Documents\software-devel\ksf_ofxparser\tests\Integration\ComponentIntegrationTest.php" line="73" assertions="1" time="0.001189"/>
        <testcase name="testLoaderSelectionByFormat" class="Tests\Integration\ComponentIntegrationTest" classname="Tests.Integration.ComponentIntegrationTest" file="C:\Users\prote\Documents\software-devel\ksf_ofxparser\tests\Integration\ComponentIntegrationTest.php" line="90" assertions="2" time="0.142378"/>
        <testcase name="testFormatDetectionAccuracy" class="Tests\Integration\ComponentIntegrationTest" classname="Tests.Integration.ComponentIntegrationTest" file="C:\Users\prote\Documents\software-devel\ksf_ofxparser\tests\Integration\ComponentIntegrationTest.php" line="102" assertions="2" time="0.144760"/>
        <testcase name="testEntityBuilderWithDefensiveContext" class="Tests\Integration\ComponentIntegrationTest" classname="Tests.Integration.ComponentIntegrationTest" file="C:\Users\prote\Documents\software-devel\ksf_ofxparser\tests\Integration\ComponentIntegrationTest.php" line="114" assertions="1" time="0.001227"/>
        <testcase name="testMetricsCollectionIntegration" class="Tests\Integration\ComponentIntegrationTest" classname="Tests.Integration.ComponentIntegrationTest" file="C:\Users\prote\Documents\software-devel\ksf_ofxparser\tests\Integration\ComponentIntegrationTest.php" line="124" assertions="1" time="0.070428"/>
        <testcase name="testParserHandlesBothFormatsInSeries" class="Tests\Integration\ComponentIntegrationTest" classname="Tests.Integration.ComponentIntegrationTest" file="C:\Users\prote\Documents\software-devel\ksf_ofxparser\tests\Integration\ComponentIntegrationTest.php" line="138" assertions="2" time="0.298723"/>
        <testcase name="testParserStateIndependent" class="Tests\Integration\ComponentIntegrationTest" classname="Tests.Integration.ComponentIntegrationTest" file="C:\Users\prote\Documents\software-devel\ksf_ofxparser\tests\Integration\ComponentIntegrationTest.php" line="148" assertions="1" time="0.091743"/>
        <testcase name="testMultiStepParsingWithRecovery" class="Tests\Integration\ComponentIntegrationTest" classname="Tests.Integration.ComponentIntegrationTest" file="C:\Users\prote\Documents\software-devel\ksf_ofxparser\tests\Integration\ComponentIntegrationTest.php" line="163" assertions="1" time="0.131407"/>
        <testcase name="testAccountPopulationFlow" class="Tests\Integration\ComponentIntegrationTest" classname="Tests.Integration.ComponentIntegrationTest" file="C:\Users\prote\Documents\software-devel\ksf_ofxparser\tests\Integration\ComponentIntegrationTest.php" line="173" assertions="1" time="0.083838"/>
        <testcase name="testTransactionListBuilding" class="Tests\Integration\ComponentIntegrationTest" classname="Tests.Integration.ComponentIntegrationTest" file="C:\Users\prote\Documents\software-devel\ksf_ofxparser\tests\Integration\ComponentIntegrationTest.php" line="184" assertions="1" time="0.077268"/>
        <testcase name="testRecoveryStrategyApplicationInConstruction" class="Tests\Integration\ComponentIntegrationTest" classname="Tests.Integration.ComponentIntegrationTest" file="C:\Users\prote\Documents\software-devel\ksf_ofxparser\tests\Integration\ComponentIntegrationTest.php" line="196" assertions="1" time="0.079328"/>
        <testcase name="testCrossComponentDataConsistency" class="Tests\Integration\ComponentIntegrationTest" classname="Tests.Integration.ComponentIntegrationTest" file="C:\Users\prote\Documents\software-devel\ksf_ofxparser\tests\Integration\ComponentIntegrationTest.php" line="216" assertions="1" time="0.077498"/>
        <testcase name="testComponentSequenceCorrectness" class="Tests\Integration\ComponentIntegrationTest" classname="Tests.Integration.ComponentIntegrationTest" file="C:\Users\prote\Documents\software-devel\ksf_ofxparser\tests\Integration\ComponentIntegrationTest.php" line="231" assertions="1" time="0.080229"/>
        <testcase name="testLoaderReturnValueUsage" class="Tests\Integration\ComponentIntegrationTest" classname="Tests.Integration.ComponentIntegrationTest" file="C:\Users\prote\Documents\software-devel\ksf_ofxparser\tests\Integration\ComponentIntegrationTest.php" line="241" assertions="2" time="0.068738"/>
        <testcase name="testMetricsAvailabilityPostParsing" class="Tests\Integration\ComponentIntegrationTest" classname="Tests.Integration.ComponentIntegrationTest" file="C:\Users\prote\Documents\software-devel\ksf_ofxparser\tests\Integration\ComponentIntegrationTest.php" line="252" assertions="1" time="0.131604"/>
        <testcase name="testParsingResultRecoveryInfo" class="Tests\Integration\ComponentIntegrationTest" classname="Tests.Integration.ComponentIntegrationTest" file="C:\Users\prote\Documents\software-devel\ksf_ofxparser\tests\Integration\ComponentIntegrationTest.php" line="266" assertions="1" time="0.148109"/>
        <testcase name="testElementFactoryEntityTypeCreation" class="Tests\Integration\ComponentIntegrationTest" classname="Tests.Integration.ComponentIntegrationTest" file="C:\Users\prote\Documents\software-devel\ksf_ofxparser\tests\Integration\ComponentIntegrationTest.php" line="281" assertions="1" time="0.102984"/>
        <testcase name="testComponentLifecycleWithMalformedInput" class="Tests\Integration\ComponentIntegrationTest" classname="Tests.Integration.ComponentIntegrationTest" file="C:\Users\prote\Documents\software-devel\ksf_ofxparser\tests\Integration\ComponentIntegrationTest.php" line="294" assertions="1" time="0.068071"/>
      </testsuite>
      <testsuite name="Tests\Integration\DataIntegrityTest" file="C:\Users\prote\Documents\software-devel\ksf_ofxparser\tests\Integration\DataIntegrityTest.php" tests="20" assertions="0" errors="0" warnings="0" failures="0" skipped="20" time="0.032717">
        <testcase name="testTransactionCountMatches" class="Tests\Integration\DataIntegrityTest" classname="Tests.Integration.DataIntegrityTest" file="C:\Users\prote\Documents\software-devel\ksf_ofxparser\tests\Integration\DataIntegrityTest.php" line="18" assertions="0" time="0.000974">
          <skipped/>
        </testcase>
        <testcase name="testAmountPreservation" class="Tests\Integration\DataIntegrityTest" classname="Tests.Integration.DataIntegrityTest" file="C:\Users\prote\Documents\software-devel\ksf_ofxparser\tests\Integration\DataIntegrityTest.php" line="30" assertions="0" time="0.001105">
          <skipped/>
        </testcase>
        <testcase name="testDatePreservation" class="Tests\Integration\DataIntegrityTest" classname="Tests.Integration.DataIntegrityTest" file="C:\Users\prote\Documents\software-devel\ksf_ofxparser\tests\Integration\DataIntegrityTest.php" line="47" assertions="0" time="0.003579">
          <skipped/>
        </testcase>
        <testcase name="testMultiAccountSeparation" class="Tests\Integration\DataIntegrityTest" classname="Tests.Integration.DataIntegrityTest" file="C:\Users\prote\Documents\software-devel\ksf_ofxparser\tests\Integration\DataIntegrityTest.php" line="67" assertions="0" time="0.001193">
          <skipped/>
        </testcase>
        <testcase name="testTransactionOrdering" class="Tests\Integration\DataIntegrityTest" classname="Tests.Integration.DataIntegrityTest" file="C:\Users\prote\Documents\software-devel\ksf_ofxparser\tests\Integration\DataIntegrityTest.php" line="89" assertions="0" time="0.001047">
          <skipped/>
        </testcase>
        <testcase name="testAccountBalanceAccuracy" class="Tests\Integration\DataIntegrityTest" classname="Tests.Integration.DataIntegrityTest" file="C:\Users\prote\Documents\software-devel\ksf_ofxparser\tests\Integration\DataIntegrityTest.php" line="110" assertions="0" time="0.001449">
          <skipped/>
        </testcase>
        <testcase name="testCreditCardAmountsSigned" class="Tests\Integration\DataIntegrityTest" classname="Tests.Integration.DataIntegrityTest" file="C:\Users\prote\Documents\software-devel\ksf_ofxparser\tests\Integration\DataIntegrityTest.php" line="124" assertions="0" time="0.001044">
          <skipped/>
        </testcase>
        <testcase name="testInvestmentQuantitiesPreserved" class="Tests\Integration\DataIntegrityTest" classname="Tests.Integration.DataIntegrityTest" file="C:\Users\prote\Documents\software-devel\ksf_ofxparser\tests\Integration\DataIntegrityTest.php" line="142" assertions="0" time="0.003825">
          <skipped/>
        </testcase>
        <testcase name="testMemoPreservation" class="Tests\Integration\DataIntegrityTest" classname="Tests.Integration.DataIntegrityTest" file="C:\Users\prote\Documents\software-devel\ksf_ofxparser\tests\Integration\DataIntegrityTest.php" line="157" assertions="0" time="0.001399">
          <skipped/>
        </testcase>
        <testcase name="testPayeePreservation" class="Tests\Integration\DataIntegrityTest" classname="Tests.Integration.DataIntegrityTest" file="C:\Users\prote\Documents\software-devel\ksf_ofxparser\tests\Integration\DataIntegrityTest.php" line="173" assertions="0" time="0.001019">
          <skipped/>
        </testcase>
        <testcase name="testCheckNumberPreservation" class="Tests\Integration\DataIntegrityTest" classname="Tests.Integration.DataIntegrityTest" file="C:\Users\prote\Documents\software-devel\ksf_ofxparser\tests\Integration\DataIntegrityTest.php" line="189" assertions="0" time="0.001620">
          <skipped/>
        </testcase>
        <testcase name="testSecurityLinking" class="Tests\Integration\DataIntegrityTest" classname="Tests.Integration.DataIntegrityTest" file="C:\Users\prote\Documents\software-devel\ksf_ofxparser\tests\Integration\DataIntegrityTest.php" line="202" assertions="0" time="0.001077">
          <skipped/>
        </testcase>
        <testcase name="testBalanceReconciliation" class="Tests\Integration\DataIntegrityTest" classname="Tests.Integration.DataIntegrityTest" file="C:\Users\prote\Documents\software-devel\ksf_ofxparser\tests\Integration\DataIntegrityTest.php" line="220" assertions="0" time="0.000989">
          <skipped/>
        </testcase>
        <testcase name="testCurrencyCodePreservation" class="Tests\Integration\DataIntegrityTest" classname="Tests.Integration.DataIntegrityTest" file="C:\Users\prote\Documents\software-devel\ksf_ofxparser\tests\Integration\DataIntegrityTest.php" line="237" assertions="0" time="0.001039">
          <skipped/>
        </testcase>
        <testcase name="testRequiredFieldsPresent" class="Tests\Integration\DataIntegrityTest" classname="Tests.Integration.DataIntegrityTest" file="C:\Users\prote\Documents\software-devel\ksf_ofxparser\tests\Integration\DataIntegrityTest.php" line="254" assertions="0" time="0.000993">
          <skipped/>
        </testcase>
        <testcase name="testSpecialCharacterHandling" class="Tests\Integration\DataIntegrityTest" classname="Tests.Integration.DataIntegrityTest" file="C:\Users\prote\Documents\software-devel\ksf_ofxparser\tests\Integration\DataIntegrityTest.php" line="273" assertions="0" time="0.002575">
          <skipped/>
        </testcase>
        <testcase name="testNumericPrecision" class="Tests\Integration\DataIntegrityTest" classname="Tests.Integration.DataIntegrityTest" file="C:\Users\prote\Documents\software-devel\ksf_ofxparser\tests\Integration\DataIntegrityTest.php" line="289" assertions="0" time="0.000934">
          <skipped/>
        </testcase>
        <testcase name="testNoDuplicateTransactions" class="Tests\Integration\DataIntegrityTest" classname="Tests.Integration.DataIntegrityTest" file="C:\Users\prote\Documents\software-devel\ksf_ofxparser\tests\Integration\DataIntegrityTest.php" line="309" assertions="0" time="0.001015">
          <skipped/>
        </testcase>
        <testcase name="testAccountTypeClassification" class="Tests\Integration\DataIntegrityTest" classname="Tests.Integration.DataIntegrityTest" file="C:\Users\prote\Documents\software-devel\ksf_ofxparser\tests\Integration\DataIntegrityTest.php" line="323" assertions="0" time="0.001073">
          <skipped/>
        </testcase>
        <testcase name="testStatementPeriodValidity" class="Tests\Integration\DataIntegrityTest" classname="Tests.Integration.DataIntegrityTest" file="C:\Users\prote\Documents\software-devel\ksf_ofxparser\tests\Integration\DataIntegrityTest.php" line="340" assertions="0" time="0.004770">
          <skipped/>
        </testcase>
      </testsuite>
      <testsuite name="Tests\Integration\ScenarioBasedParsingTest" file="C:\Users\prote\Documents\software-devel\ksf_ofxparser\tests\Integration\ScenarioBasedParsingTest.php" tests="14" assertions="174" errors="0" warnings="0" failures="0" skipped="0" time="0.367861">
        <testcase name="testParseLargeStatement" class="Tests\Integration\ScenarioBasedParsingTest" classname="Tests.Integration.ScenarioBasedParsingTest" file="C:\Users\prote\Documents\software-devel\ksf_ofxparser\tests\Integration\ScenarioBasedParsingTest.php" line="43" assertions="2" time="0.039928"/>
        <testcase name="testParseExtraLargeStatement" class="Tests\Integration\ScenarioBasedParsingTest" classname="Tests.Integration.ScenarioBasedParsingTest" file="C:\Users\prote\Documents\software-devel\ksf_ofxparser\tests\Integration\ScenarioBasedParsingTest.php" line="56" assertions="2" time="0.250637"/>
        <testcase name="testTransactionOrderPreservedInLargeStatement" class="Tests\Integration\ScenarioBasedParsingTest" classname="Tests.Integration.ScenarioBasedParsingTest" file="C:\Users\prote\Documents\software-devel\ksf_ofxparser\tests\Integration\ScenarioBasedParsingTest.php" line="68" assertions="98" time="0.020789"/>
        <testcase name="testPositiveAmountExtremes" class="Tests\Integration\ScenarioBasedParsingTest" classname="Tests.Integration.ScenarioBasedParsingTest" file="C:\Users\prote\Documents\software-devel\ksf_ofxparser\tests\Integration\ScenarioBasedParsingTest.php" line="90" assertions="5" time="0.003362"/>
        <testcase name="testNegativeAmountExtremes" class="Tests\Integration\ScenarioBasedParsingTest" classname="Tests.Integration.ScenarioBasedParsingTest" file="C:\Users\prote\Documents\software-devel\ksf_ofxparser\tests\Integration\ScenarioBasedParsingTest.php" line="110" assertions="5" time="0.010612"/>
        <testcase name="testZeroAndNearZeroAmounts" class="Tests\Integration\ScenarioBasedParsingTest" classname="Tests.Integration.ScenarioBasedParsingTest" file="C:\Users\prote\Documents\software-devel\ksf_ofxparser\tests\Integration\ScenarioBasedParsingTest.php" line="130" assertions="3" time="0.004461"/>
        <testcase name="testDateBoundaries" class="Tests\Integration\ScenarioBasedParsingTest" classname="Tests.Integration.ScenarioBasedParsingTest" file="C:\Users\prote\Documents\software-devel\ksf_ofxparser\tests\Integration\ScenarioBasedParsingTest.php" line="158" assertions="4" time="0.003885"/>
        <testcase name="testDateTimezoneHandling" class="Tests\Integration\ScenarioBasedParsingTest" classname="Tests.Integration.ScenarioBasedParsingTest" file="C:\Users\prote\Documents\software-devel\ksf_ofxparser\tests\Integration\ScenarioBasedParsingTest.php" line="184" assertions="2" time="0.002304"/>
        <testcase name="testMaximumFieldLengths" class="Tests\Integration\ScenarioBasedParsingTest" classname="Tests.Integration.ScenarioBasedParsingTest" file="C:\Users\prote\Documents\software-devel\ksf_ofxparser\tests\Integration\ScenarioBasedParsingTest.php" line="215" assertions="2" time="0.003344"/>
        <testcase name="testAllTransactionTypes" class="Tests\Integration\ScenarioBasedParsingTest" classname="Tests.Integration.ScenarioBasedParsingTest" file="C:\Users\prote\Documents\software-devel\ksf_ofxparser\tests\Integration\ScenarioBasedParsingTest.php" line="238" assertions="2" time="0.007455"/>
        <testcase name="testCreditCardStatement" class="Tests\Integration\ScenarioBasedParsingTest" classname="Tests.Integration.ScenarioBasedParsingTest" file="C:\Users\prote\Documents\software-devel\ksf_ofxparser\tests\Integration\ScenarioBasedParsingTest.php" line="262" assertions="4" time="0.002882"/>
        <testcase name="testSpecialCharactersInFields" class="Tests\Integration\ScenarioBasedParsingTest" classname="Tests.Integration.ScenarioBasedParsingTest" file="C:\Users\prote\Documents\software-devel\ksf_ofxparser\tests\Integration\ScenarioBasedParsingTest.php" line="284" assertions="5" time="0.002882"/>
        <testcase name="testRoundTripParsing" class="Tests\Integration\ScenarioBasedParsingTest" classname="Tests.Integration.ScenarioBasedParsingTest" file="C:\Users\prote\Documents\software-devel\ksf_ofxparser\tests\Integration\ScenarioBasedParsingTest.php" line="311" assertions="31" time="0.006773"/>
        <testcase name="testConsistentRepeatParsing" class="Tests\Integration\ScenarioBasedParsingTest" classname="Tests.Integration.ScenarioBasedParsingTest" file="C:\Users\prote\Documents\software-devel\ksf_ofxparser\tests\Integration\ScenarioBasedParsingTest.php" line="334" assertions="9" time="0.008548"/>
      </testsuite>
      <testsuite name="OfxParserTest\Builder\TransactionBuilderTest" file="C:\Users\prote\Documents\software-devel\ksf_ofxparser\tests\OfxParser\Builder\TransactionBuilderTest.php" tests="16" assertions="79" errors="0" warnings="0" failures="0" skipped="0" time="0.122757">
        <testcase name="testBuildTransactionsWithCompleteTransaction" class="OfxParserTest\Builder\TransactionBuilderTest" classname="OfxParserTest.Builder.TransactionBuilderTest" file="C:\Users\prote\Documents\software-devel\ksf_ofxparser\tests\OfxParser\Builder\TransactionBuilderTest.php" line="47" assertions="14" time="0.006849"/>
        <testcase name="testBuildTransactionsWithRequiredFieldsOnly" class="OfxParserTest\Builder\TransactionBuilderTest" classname="OfxParserTest.Builder.TransactionBuilderTest" file="C:\Users\prote\Documents\software-devel\ksf_ofxparser\tests\OfxParser\Builder\TransactionBuilderTest.php" line="90" assertions="12" time="0.003042"/>
        <testcase name="testBuildTransactionsWithMultipleMemos" class="OfxParserTest\Builder\TransactionBuilderTest" classname="OfxParserTest.Builder.TransactionBuilderTest" file="C:\Users\prote\Documents\software-devel\ksf_ofxparser\tests\OfxParser\Builder\TransactionBuilderTest.php" line="123" assertions="2" time="0.002644"/>
        <testcase name="testBuildTransactionsWithPayee" class="OfxParserTest\Builder\TransactionBuilderTest" classname="OfxParserTest.Builder.TransactionBuilderTest" file="C:\Users\prote\Documents\software-devel\ksf_ofxparser\tests\OfxParser\Builder\TransactionBuilderTest.php" line="149" assertions="9" time="0.003177"/>
        <testcase name="testBuildTransactionsWithPartialPayee" class="OfxParserTest\Builder\TransactionBuilderTest" classname="OfxParserTest.Builder.TransactionBuilderTest" file="C:\Users\prote\Documents\software-devel\ksf_ofxparser\tests\OfxParser\Builder\TransactionBuilderTest.php" line="190" assertions="7" time="0.003205"/>
        <testcase name="testBuildTransactionsWithBankAccountTo" class="OfxParserTest\Builder\TransactionBuilderTest" classname="OfxParserTest.Builder.TransactionBuilderTest" file="C:\Users\prote\Documents\software-devel\ksf_ofxparser\tests\OfxParser\Builder\TransactionBuilderTest.php" line="223" assertions="6" time="0.003249"/>
        <testcase name="testBuildTransactionsWithCreditCardAccountTo" class="OfxParserTest\Builder\TransactionBuilderTest" classname="OfxParserTest.Builder.TransactionBuilderTest" file="C:\Users\prote\Documents\software-devel\ksf_ofxparser\tests\OfxParser\Builder\TransactionBuilderTest.php" line="256" assertions="3" time="0.034166"/>
        <testcase name="testBuildTransactionsWithMissingTrnType" class="OfxParserTest\Builder\TransactionBuilderTest" classname="OfxParserTest.Builder.TransactionBuilderTest" file="C:\Users\prote\Documents\software-devel\ksf_ofxparser\tests\OfxParser\Builder\TransactionBuilderTest.php" line="283" assertions="1" time="0.001533"/>
        <testcase name="testBuildTransactionsWithMissingDatePosted" class="OfxParserTest\Builder\TransactionBuilderTest" classname="OfxParserTest.Builder.TransactionBuilderTest" file="C:\Users\prote\Documents\software-devel\ksf_ofxparser\tests\OfxParser\Builder\TransactionBuilderTest.php" line="306" assertions="1" time="0.001478"/>
        <testcase name="testBuildTransactionsWithMissingAmount" class="OfxParserTest\Builder\TransactionBuilderTest" classname="OfxParserTest.Builder.TransactionBuilderTest" file="C:\Users\prote\Documents\software-devel\ksf_ofxparser\tests\OfxParser\Builder\TransactionBuilderTest.php" line="328" assertions="1" time="0.002426"/>
        <testcase name="testBuildTransactionsWithMissingFitId" class="OfxParserTest\Builder\TransactionBuilderTest" classname="OfxParserTest.Builder.TransactionBuilderTest" file="C:\Users\prote\Documents\software-devel\ksf_ofxparser\tests\OfxParser\Builder\TransactionBuilderTest.php" line="350" assertions="1" time="0.001651"/>
        <testcase name="testBuildTransactionsWithMixedValidAndCorrupt" class="OfxParserTest\Builder\TransactionBuilderTest" classname="OfxParserTest.Builder.TransactionBuilderTest" file="C:\Users\prote\Documents\software-devel\ksf_ofxparser\tests\OfxParser\Builder\TransactionBuilderTest.php" line="372" assertions="3" time="0.003565"/>
        <testcase name="testBuildTransactionsWithPartialTransactionStrategy" class="OfxParserTest\Builder\TransactionBuilderTest" classname="OfxParserTest.Builder.TransactionBuilderTest" file="C:\Users\prote\Documents\software-devel\ksf_ofxparser\tests\OfxParser\Builder\TransactionBuilderTest.php" line="407" assertions="1" time="0.002454"/>
        <testcase name="testBuildTransactionsWithEmptyList" class="OfxParserTest\Builder\TransactionBuilderTest" classname="OfxParserTest.Builder.TransactionBuilderTest" file="C:\Users\prote\Documents\software-devel\ksf_ofxparser\tests\OfxParser\Builder\TransactionBuilderTest.php" line="445" assertions="2" time="0.001420"/>
        <testcase name="testBuildTransactionsWithMalformedPayee" class="OfxParserTest\Builder\TransactionBuilderTest" classname="OfxParserTest.Builder.TransactionBuilderTest" file="C:\Users\prote\Documents\software-devel\ksf_ofxparser\tests\OfxParser\Builder\TransactionBuilderTest.php" line="460" assertions="4" time="0.045631"/>
        <testcase name="testMetricsTrackingForMissingOptionalFields" class="OfxParserTest\Builder\TransactionBuilderTest" classname="OfxParserTest.Builder.TransactionBuilderTest" file="C:\Users\prote\Documents\software-devel\ksf_ofxparser\tests\OfxParser\Builder\TransactionBuilderTest.php" line="489" assertions="12" time="0.006267"/>
      </testsuite>
      <testsuite name="OfxParserTest\Builders\BankAccountParsingTest" file="C:\Users\prote\Documents\software-devel\ksf_ofxparser\tests\OfxParser\Builders\BankAccountParsingTest.php" tests="8" assertions="0" errors="8" warnings="0" failures="0" skipped="0" time="2.311307">
        <testcase name="testBankAccountWithAgencyNumber" class="OfxParserTest\Builders\BankAccountParsingTest" classname="OfxParserTest.Builders.BankAccountParsingTest" file="C:\Users\prote\Documents\software-devel\ksf_ofxparser\tests\OfxParser\Builders\BankAccountParsingTest.php" line="26" assertions="0" time="0.266688">
          <error type="Error">OfxParserTest\Builders\BankAccountParsingTest::testBankAccountWithAgencyNumber
Error: Class "OfxParserTest\Builders\SgmlOfxBuilder" not found

C:\Users\prote\Documents\software-devel\ksf_ofxparser\tests\OfxParser\Builders\BankAccountParsingTest.php:64</error>
        </testcase>
        <testcase name="testNonStandardStmtrnrsTag" class="OfxParserTest\Builders\BankAccountParsingTest" classname="OfxParserTest.Builders.BankAccountParsingTest" file="C:\Users\prote\Documents\software-devel\ksf_ofxparser\tests\OfxParser\Builders\BankAccountParsingTest.php" line="77" assertions="0" time="0.211765">
          <error type="Error">OfxParserTest\Builders\BankAccountParsingTest::testNonStandardStmtrnrsTag
Error: Class "OfxParserTest\Builders\SgmlOfxBuilder" not found

C:\Users\prote\Documents\software-devel\ksf_ofxparser\tests\OfxParser\Builders\BankAccountParsingTest.php:114</error>
        </testcase>
        <testcase name="testStatusWithMessage" class="OfxParserTest\Builders\BankAccountParsingTest" classname="OfxParserTest.Builders.BankAccountParsingTest" file="C:\Users\prote\Documents\software-devel\ksf_ofxparser\tests\OfxParser\Builders\BankAccountParsingTest.php" line="126" assertions="0" time="0.214887">
          <error type="Error">OfxParserTest\Builders\BankAccountParsingTest::testStatusWithMessage
Error: Class "OfxParserTest\Builders\SgmlOfxBuilder" not found

C:\Users\prote\Documents\software-devel\ksf_ofxparser\tests\OfxParser\Builders\BankAccountParsingTest.php:171</error>
        </testcase>
        <testcase name="testTransactionWithUserInitiatedDate" class="OfxParserTest\Builders\BankAccountParsingTest" classname="OfxParserTest.Builders.BankAccountParsingTest" file="C:\Users\prote\Documents\software-devel\ksf_ofxparser\tests\OfxParser\Builders\BankAccountParsingTest.php" line="183" assertions="0" time="0.287891">
          <error type="Error">OfxParserTest\Builders\BankAccountParsingTest::testTransactionWithUserInitiatedDate
Error: Class "OfxParserTest\Builders\SgmlOfxBuilder" not found

C:\Users\prote\Documents\software-devel\ksf_ofxparser\tests\OfxParser\Builders\BankAccountParsingTest.php:229</error>
        </testcase>
        <testcase name="testVariousTransactionTypes" class="OfxParserTest\Builders\BankAccountParsingTest" classname="OfxParserTest.Builders.BankAccountParsingTest" file="C:\Users\prote\Documents\software-devel\ksf_ofxparser\tests\OfxParser\Builders\BankAccountParsingTest.php" line="248" assertions="0" time="0.883024">
          <error type="Error">OfxParserTest\Builders\BankAccountParsingTest::testVariousTransactionTypes
Error: Class "OfxParserTest\Builders\SgmlOfxBuilder" not found

C:\Users\prote\Documents\software-devel\ksf_ofxparser\tests\OfxParser\Builders\BankAccountParsingTest.php:384</error>
        </testcase>
        <testcase name="testStatementDates" class="OfxParserTest\Builders\BankAccountParsingTest" classname="OfxParserTest.Builders.BankAccountParsingTest" file="C:\Users\prote\Documents\software-devel\ksf_ofxparser\tests\OfxParser\Builders\BankAccountParsingTest.php" line="405" assertions="0" time="0.104566">
          <error type="Error">OfxParserTest\Builders\BankAccountParsingTest::testStatementDates
Error: Class "OfxParserTest\Builders\SgmlOfxBuilder" not found

C:\Users\prote\Documents\software-devel\ksf_ofxparser\tests\OfxParser\Builders\BankAccountParsingTest.php:442</error>
        </testcase>
        <testcase name="testTransactionWithPayeeAndPayeeId" class="OfxParserTest\Builders\BankAccountParsingTest" classname="OfxParserTest.Builders.BankAccountParsingTest" file="C:\Users\prote\Documents\software-devel\ksf_ofxparser\tests\OfxParser\Builders\BankAccountParsingTest.php" line="455" assertions="0" time="0.177166">
          <error type="Error">OfxParserTest\Builders\BankAccountParsingTest::testTransactionWithPayeeAndPayeeId
Error: Class "OfxParserTest\Builders\SgmlOfxBuilder" not found

C:\Users\prote\Documents\software-devel\ksf_ofxparser\tests\OfxParser\Builders\BankAccountParsingTest.php:508</error>
        </testcase>
        <testcase name="testMultipleStmtRsSiblings" class="OfxParserTest\Builders\BankAccountParsingTest" classname="OfxParserTest.Builders.BankAccountParsingTest" file="C:\Users\prote\Documents\software-devel\ksf_ofxparser\tests\OfxParser\Builders\BankAccountParsingTest.php" line="524" assertions="0" time="0.165321">
          <error type="Error">OfxParserTest\Builders\BankAccountParsingTest::testMultipleStmtRsSiblings
Error: Class "OfxParserTest\Builders\SgmlOfxBuilder" not found

C:\Users\prote\Documents\software-devel\ksf_ofxparser\tests\OfxParser\Builders\BankAccountParsingTest.php:574</error>
        </testcase>
      </testsuite>
      <testsuite name="OfxParser\Builders\InvestmentTransactionTest" file="C:\Users\prote\Documents\software-devel\ksf_ofxparser\tests\OfxParser\Builders\InvestmentTransactionTest.php" tests="13" assertions="80" errors="0" warnings="0" failures="0" skipped="0" time="1.832591">
        <testcase name="testBuildBuyMutualFundComplete" class="OfxParser\Builders\InvestmentTransactionTest" classname="OfxParser.Builders.InvestmentTransactionTest" file="C:\Users\prote\Documents\software-devel\ksf_ofxparser\tests\OfxParser\Builders\InvestmentTransactionTest.php" line="28" assertions="18" time="0.174246"/>
        <testcase name="testBuildBuyMutualFundMinimal" class="OfxParser\Builders\InvestmentTransactionTest" classname="OfxParser.Builders.InvestmentTransactionTest" file="C:\Users\prote\Documents\software-devel\ksf_ofxparser\tests\OfxParser\Builders\InvestmentTransactionTest.php" line="114" assertions="8" time="0.112441"/>
        <testcase name="testBuildBuyStock" class="OfxParser\Builders\InvestmentTransactionTest" classname="OfxParser.Builders.InvestmentTransactionTest" file="C:\Users\prote\Documents\software-devel\ksf_ofxparser\tests\OfxParser\Builders\InvestmentTransactionTest.php" line="173" assertions="8" time="0.158851"/>
        <testcase name="testBuildBuyOther" class="OfxParser\Builders\InvestmentTransactionTest" classname="OfxParser.Builders.InvestmentTransactionTest" file="C:\Users\prote\Documents\software-devel\ksf_ofxparser\tests\OfxParser\Builders\InvestmentTransactionTest.php" line="240" assertions="2" time="0.122192"/>
        <testcase name="testBuildSellMutualFund" class="OfxParser\Builders\InvestmentTransactionTest" classname="OfxParser.Builders.InvestmentTransactionTest" file="C:\Users\prote\Documents\software-devel\ksf_ofxparser\tests\OfxParser\Builders\InvestmentTransactionTest.php" line="295" assertions="7" time="0.170221"/>
        <testcase name="testBuildSellStock" class="OfxParser\Builders\InvestmentTransactionTest" classname="OfxParser.Builders.InvestmentTransactionTest" file="C:\Users\prote\Documents\software-devel\ksf_ofxparser\tests\OfxParser\Builders\InvestmentTransactionTest.php" line="363" assertions="5" time="0.164452"/>
        <testcase name="testBuildSellOther" class="OfxParser\Builders\InvestmentTransactionTest" classname="OfxParser.Builders.InvestmentTransactionTest" file="C:\Users\prote\Documents\software-devel\ksf_ofxparser\tests\OfxParser\Builders\InvestmentTransactionTest.php" line="427" assertions="2" time="0.121620"/>
        <testcase name="testBuildReinvest" class="OfxParser\Builders\InvestmentTransactionTest" classname="OfxParser.Builders.InvestmentTransactionTest" file="C:\Users\prote\Documents\software-devel\ksf_ofxparser\tests\OfxParser\Builders\InvestmentTransactionTest.php" line="480" assertions="8" time="0.168401"/>
        <testcase name="testBuildIncome" class="OfxParser\Builders\InvestmentTransactionTest" classname="OfxParser.Builders.InvestmentTransactionTest" file="C:\Users\prote\Documents\software-devel\ksf_ofxparser\tests\OfxParser\Builders\InvestmentTransactionTest.php" line="548" assertions="8" time="0.150622"/>
        <testcase name="testBuildInvestmentBanking" class="OfxParser\Builders\InvestmentTransactionTest" classname="OfxParser.Builders.InvestmentTransactionTest" file="C:\Users\prote\Documents\software-devel\ksf_ofxparser\tests\OfxParser\Builders\InvestmentTransactionTest.php" line="614" assertions="6" time="0.131980"/>
        <testcase name="testMultipleInvestmentTransactions" class="OfxParser\Builders\InvestmentTransactionTest" classname="OfxParser.Builders.InvestmentTransactionTest" file="C:\Users\prote\Documents\software-devel\ksf_ofxparser\tests\OfxParser\Builders\InvestmentTransactionTest.php" line="672" assertions="4" time="0.180093"/>
        <testcase name="testInvestmentSingleAccountHelper" class="OfxParser\Builders\InvestmentTransactionTest" classname="OfxParser.Builders.InvestmentTransactionTest" file="C:\Users\prote\Documents\software-devel\ksf_ofxparser\tests\OfxParser\Builders\InvestmentTransactionTest.php" line="744" assertions="3" time="0.086980"/>
        <testcase name="testBuyTransactionWithoutInvBuy" class="OfxParser\Builders\InvestmentTransactionTest" classname="OfxParser.Builders.InvestmentTransactionTest" file="C:\Users\prote\Documents\software-devel\ksf_ofxparser\tests\OfxParser\Builders\InvestmentTransactionTest.php" line="789" assertions="1" time="0.090492"/>
      </testsuite>
      <testsuite name="OfxParserTest\Builders\SgmlBuilderHelpersTest" file="C:\Users\prote\Documents\software-devel\ksf_ofxparser\tests\OfxParser\Builders\SgmlBuilderHelpersTest.php" tests="8" assertions="17" errors="0" warnings="0" failures="0" skipped="0" time="0.184235">
        <testcase name="testParseDateTimeComplete" class="OfxParserTest\Builders\SgmlBuilderHelpersTest" classname="OfxParserTest.Builders.SgmlBuilderHelpersTest" file="C:\Users\prote\Documents\software-devel\ksf_ofxparser\tests\OfxParser\Builders\SgmlBuilderHelpersTest.php" line="28" assertions="3" time="0.001192"/>
        <testcase name="testParseDateTimeWithoutTime" class="OfxParserTest\Builders\SgmlBuilderHelpersTest" classname="OfxParserTest.Builders.SgmlBuilderHelpersTest" file="C:\Users\prote\Documents\software-devel\ksf_ofxparser\tests\OfxParser\Builders\SgmlBuilderHelpersTest.php" line="44" assertions="2" time="0.002279"/>
        <testcase name="testParseDateTimeWithTimezone" class="OfxParserTest\Builders\SgmlBuilderHelpersTest" classname="OfxParserTest.Builders.SgmlBuilderHelpersTest" file="C:\Users\prote\Documents\software-devel\ksf_ofxparser\tests\OfxParser\Builders\SgmlBuilderHelpersTest.php" line="60" assertions="2" time="0.001120"/>
        <testcase name="testParseDateTimeEmptyString" class="OfxParserTest\Builders\SgmlBuilderHelpersTest" classname="OfxParserTest.Builders.SgmlBuilderHelpersTest" file="C:\Users\prote\Documents\software-devel\ksf_ofxparser\tests\OfxParser\Builders\SgmlBuilderHelpersTest.php" line="75" assertions="1" time="0.001073"/>
        <testcase name="testBuildStatementWithEmptyTransactionList" class="OfxParserTest\Builders\SgmlBuilderHelpersTest" classname="OfxParserTest.Builders.SgmlBuilderHelpersTest" file="C:\Users\prote\Documents\software-devel\ksf_ofxparser\tests\OfxParser\Builders\SgmlBuilderHelpersTest.php" line="87" assertions="3" time="0.091124"/>
        <testcase name="testAccountNumberTrimming" class="OfxParserTest\Builders\SgmlBuilderHelpersTest" classname="OfxParserTest.Builders.SgmlBuilderHelpersTest" file="C:\Users\prote\Documents\software-devel\ksf_ofxparser\tests\OfxParser\Builders\SgmlBuilderHelpersTest.php" line="155" assertions="3" time="0.078911"/>
        <testcase name="testParseDateTimeMalformed" class="OfxParserTest\Builders\SgmlBuilderHelpersTest" classname="OfxParserTest.Builders.SgmlBuilderHelpersTest" file="C:\Users\prote\Documents\software-devel\ksf_ofxparser\tests\OfxParser\Builders\SgmlBuilderHelpersTest.php" line="223" assertions="1" time="0.001117"/>
        <testcase name="testParseDateTimeLeapYear" class="OfxParserTest\Builders\SgmlBuilderHelpersTest" classname="OfxParserTest.Builders.SgmlBuilderHelpersTest" file="C:\Users\prote\Documents\software-devel\ksf_ofxparser\tests\OfxParser\Builders\SgmlBuilderHelpersTest.php" line="240" assertions="2" time="0.007420"/>
      </testsuite>
      <testsuite name="OfxParserTest\Builders\SgmlOfxBuilderCoverageTest" file="C:\Users\prote\Documents\software-devel\ksf_ofxparser\tests\OfxParser\Builders\SgmlOfxBuilderCoverageTest.php" tests="8" assertions="26" errors="0" warnings="0" failures="0" skipped="0" time="1.384741">
        <testcase name="testBuildCurrencyWithNullCode" class="OfxParserTest\Builders\SgmlOfxBuilderCoverageTest" classname="OfxParserTest.Builders.SgmlOfxBuilderCoverageTest" file="C:\Users\prote\Documents\software-devel\ksf_ofxparser\tests\OfxParser\Builders\SgmlOfxBuilderCoverageTest.php" line="28" assertions="1" time="0.139483"/>
        <testcase name="testBuildCurrencyWithNullRate" class="OfxParserTest\Builders\SgmlOfxBuilderCoverageTest" classname="OfxParserTest.Builders.SgmlOfxBuilderCoverageTest" file="C:\Users\prote\Documents\software-devel\ksf_ofxparser\tests\OfxParser\Builders\SgmlOfxBuilderCoverageTest.php" line="86" assertions="1" time="0.145008"/>
        <testcase name="testBuildPayeeWithEmptyAddressLines" class="OfxParserTest\Builders\SgmlOfxBuilderCoverageTest" classname="OfxParserTest.Builders.SgmlOfxBuilderCoverageTest" file="C:\Users\prote\Documents\software-devel\ksf_ofxparser\tests\OfxParser\Builders\SgmlOfxBuilderCoverageTest.php" line="144" assertions="4" time="0.159993"/>
        <testcase name="testBuildPayeeWithOnlyAddr2" class="OfxParserTest\Builders\SgmlOfxBuilderCoverageTest" classname="OfxParserTest.Builders.SgmlOfxBuilderCoverageTest" file="C:\Users\prote\Documents\software-devel\ksf_ofxparser\tests\OfxParser\Builders\SgmlOfxBuilderCoverageTest.php" line="209" assertions="3" time="0.157419"/>
        <testcase name="testTransactionWithEmptyStringOptionalFields" class="OfxParserTest\Builders\SgmlOfxBuilderCoverageTest" classname="OfxParserTest.Builders.SgmlOfxBuilderCoverageTest" file="C:\Users\prote\Documents\software-devel\ksf_ofxparser\tests\OfxParser\Builders\SgmlOfxBuilderCoverageTest.php" line="270" assertions="7" time="0.167775"/>
        <testcase name="testOfxWithOnlySignOn" class="OfxParserTest\Builders\SgmlOfxBuilderCoverageTest" classname="OfxParserTest.Builders.SgmlOfxBuilderCoverageTest" file="C:\Users\prote\Documents\software-devel\ksf_ofxparser\tests\OfxParser\Builders\SgmlOfxBuilderCoverageTest.php" line="335" assertions="3" time="0.049846"/>
        <testcase name="testOfxWithMultipleBankAccounts" class="OfxParserTest\Builders\SgmlOfxBuilderCoverageTest" classname="OfxParserTest.Builders.SgmlOfxBuilderCoverageTest" file="C:\Users\prote\Documents\software-devel\ksf_ofxparser\tests\OfxParser\Builders\SgmlOfxBuilderCoverageTest.php" line="364" assertions="2" time="0.415433"/>
        <testcase name="testDateTimeFieldsAlreadyDateTime" class="OfxParserTest\Builders\SgmlOfxBuilderCoverageTest" classname="OfxParserTest.Builders.SgmlOfxBuilderCoverageTest" file="C:\Users\prote\Documents\software-devel\ksf_ofxparser\tests\OfxParser\Builders\SgmlOfxBuilderCoverageTest.php" line="429" assertions="5" time="0.149785"/>
      </testsuite>
      <testsuite name="OfxParserTest\Builders\SgmlOfxBuilderErrorHandlingTest" file="C:\Users\prote\Documents\software-devel\ksf_ofxparser\tests\OfxParser\Builders\SgmlOfxBuilderErrorHandlingTest.php" tests="13" assertions="24" errors="0" warnings="0" failures="0" skipped="0" time="1.412478">
        <testcase name="testParseDateTimeWithYyyyMmDdOnly" class="OfxParserTest\Builders\SgmlOfxBuilderErrorHandlingTest" classname="OfxParserTest.Builders.SgmlOfxBuilderErrorHandlingTest" file="C:\Users\prote\Documents\software-devel\ksf_ofxparser\tests\OfxParser\Builders\SgmlOfxBuilderErrorHandlingTest.php" line="30" assertions="2" time="0.109824"/>
        <testcase name="testParseDateTimeWithTimezoneAndMilliseconds" class="OfxParserTest\Builders\SgmlOfxBuilderErrorHandlingTest" classname="OfxParserTest.Builders.SgmlOfxBuilderErrorHandlingTest" file="C:\Users\prote\Documents\software-devel\ksf_ofxparser\tests\OfxParser\Builders\SgmlOfxBuilderErrorHandlingTest.php" line="78" assertions="2" time="0.117366"/>
        <testcase name="testAccountNumbersAreTrimmed" class="OfxParserTest\Builders\SgmlOfxBuilderErrorHandlingTest" classname="OfxParserTest.Builders.SgmlOfxBuilderErrorHandlingTest" file="C:\Users\prote\Documents\software-devel\ksf_ofxparser\tests\OfxParser\Builders\SgmlOfxBuilderErrorHandlingTest.php" line="126" assertions="2" time="0.150628"/>
        <testcase name="testEmptyTransactionList" class="OfxParserTest\Builders\SgmlOfxBuilderErrorHandlingTest" classname="OfxParserTest.Builders.SgmlOfxBuilderErrorHandlingTest" file="C:\Users\prote\Documents\software-devel\ksf_ofxparser\tests\OfxParser\Builders\SgmlOfxBuilderErrorHandlingTest.php" line="174" assertions="1" time="0.103420"/>
        <testcase name="testMissingStatusElement" class="OfxParserTest\Builders\SgmlOfxBuilderErrorHandlingTest" classname="OfxParserTest.Builders.SgmlOfxBuilderErrorHandlingTest" file="C:\Users\prote\Documents\software-devel\ksf_ofxparser\tests\OfxParser\Builders\SgmlOfxBuilderErrorHandlingTest.php" line="220" assertions="1" time="0.097166"/>
        <testcase name="testMissingFiElement" class="OfxParserTest\Builders\SgmlOfxBuilderErrorHandlingTest" classname="OfxParserTest.Builders.SgmlOfxBuilderErrorHandlingTest" file="C:\Users\prote\Documents\software-devel\ksf_ofxparser\tests\OfxParser\Builders\SgmlOfxBuilderErrorHandlingTest.php" line="265" assertions="1" time="0.092207"/>
        <testcase name="testTransactionWithMissingAmount" class="OfxParserTest\Builders\SgmlOfxBuilderErrorHandlingTest" classname="OfxParserTest.Builders.SgmlOfxBuilderErrorHandlingTest" file="C:\Users\prote\Documents\software-devel\ksf_ofxparser\tests\OfxParser\Builders\SgmlOfxBuilderErrorHandlingTest.php" line="310" assertions="1" time="0.123078"/>
        <testcase name="testBalanceWithNullString" class="OfxParserTest\Builders\SgmlOfxBuilderErrorHandlingTest" classname="OfxParserTest.Builders.SgmlOfxBuilderErrorHandlingTest" file="C:\Users\prote\Documents\software-devel\ksf_ofxparser\tests\OfxParser\Builders\SgmlOfxBuilderErrorHandlingTest.php" line="364" assertions="1" time="0.113520"/>
        <testcase name="testCreditCardAccount" class="OfxParserTest\Builders\SgmlOfxBuilderErrorHandlingTest" classname="OfxParserTest.Builders.SgmlOfxBuilderErrorHandlingTest" file="C:\Users\prote\Documents\software-devel\ksf_ofxparser\tests\OfxParser\Builders\SgmlOfxBuilderErrorHandlingTest.php" line="413" assertions="3" time="0.094909"/>
        <testcase name="testMixedBankAndCreditCardAccounts" class="OfxParserTest\Builders\SgmlOfxBuilderErrorHandlingTest" classname="OfxParserTest.Builders.SgmlOfxBuilderErrorHandlingTest" file="C:\Users\prote\Documents\software-devel\ksf_ofxparser\tests\OfxParser\Builders\SgmlOfxBuilderErrorHandlingTest.php" line="460" assertions="4" time="0.180795"/>
        <testcase name="testPricingDataWithEmptyStrings" class="OfxParserTest\Builders\SgmlOfxBuilderErrorHandlingTest" classname="OfxParserTest.Builders.SgmlOfxBuilderErrorHandlingTest" file="C:\Users\prote\Documents\software-devel\ksf_ofxparser\tests\OfxParser\Builders\SgmlOfxBuilderErrorHandlingTest.php" line="527" assertions="3" time="0.129139"/>
        <testcase name="testInvestmentAccountWithoutTransactionList" class="OfxParserTest\Builders\SgmlOfxBuilderErrorHandlingTest" classname="OfxParserTest.Builders.SgmlOfxBuilderErrorHandlingTest" file="C:\Users\prote\Documents\software-devel\ksf_ofxparser\tests\OfxParser\Builders\SgmlOfxBuilderErrorHandlingTest.php" line="585" assertions="1" time="0.068122"/>
        <testcase name="testBuildHeaderWithEmptyArray" class="OfxParserTest\Builders\SgmlOfxBuilderErrorHandlingTest" classname="OfxParserTest.Builders.SgmlOfxBuilderErrorHandlingTest" file="C:\Users\prote\Documents\software-devel\ksf_ofxparser\tests\OfxParser\Builders\SgmlOfxBuilderErrorHandlingTest.php" line="625" assertions="2" time="0.032303"/>
      </testsuite>
      <testsuite name="OfxParserTest\EdgeCasesTest" file="C:\Users\prote\Documents\software-devel\ksf_ofxparser\tests\OfxParser\EdgeCasesTest.php" tests="10" assertions="0" errors="10" warnings="0" failures="0" skipped="0" time="0.016634">
        <testcase name="testOfxWithBom" class="OfxParserTest\EdgeCasesTest" classname="OfxParserTest.EdgeCasesTest" file="C:\Users\prote\Documents\software-devel\ksf_ofxparser\tests\OfxParser\EdgeCasesTest.php" line="21" assertions="0" time="0.001323">
          <error type="Error">OfxParserTest\EdgeCasesTest::testOfxWithBom
Error: Class "OfxParserTest\Parser" not found

C:\Users\prote\Documents\software-devel\ksf_ofxparser\tests\OfxParser\EdgeCasesTest.php:49</error>
        </testcase>
        <testcase name="testTransactionWithNegativeZero" class="OfxParserTest\EdgeCasesTest" classname="OfxParserTest.EdgeCasesTest" file="C:\Users\prote\Documents\software-devel\ksf_ofxparser\tests\OfxParser\EdgeCasesTest.php" line="59" assertions="0" time="0.003148">
          <error type="Error">OfxParserTest\EdgeCasesTest::testTransactionWithNegativeZero
Error: Class "OfxParserTest\Parser" not found

C:\Users\prote\Documents\software-devel\ksf_ofxparser\tests\OfxParser\EdgeCasesTest.php:122</error>
        </testcase>
        <testcase name="testTransactionWithLargeAmount" class="OfxParserTest\EdgeCasesTest" classname="OfxParserTest.EdgeCasesTest" file="C:\Users\prote\Documents\software-devel\ksf_ofxparser\tests\OfxParser\EdgeCasesTest.php" line="134" assertions="0" time="0.003935">
          <error type="Error">OfxParserTest\EdgeCasesTest::testTransactionWithLargeAmount
Error: Class "OfxParserTest\Parser" not found

C:\Users\prote\Documents\software-devel\ksf_ofxparser\tests\OfxParser\EdgeCasesTest.php:197</error>
        </testcase>
        <testcase name="testDateAtY2kBoundary" class="OfxParserTest\EdgeCasesTest" classname="OfxParserTest.EdgeCasesTest" file="C:\Users\prote\Documents\software-devel\ksf_ofxparser\tests\OfxParser\EdgeCasesTest.php" line="207" assertions="0" time="0.001109">
          <error type="Error">OfxParserTest\EdgeCasesTest::testDateAtY2kBoundary
Error: Class "OfxParserTest\Parser" not found

C:\Users\prote\Documents\software-devel\ksf_ofxparser\tests\OfxParser\EdgeCasesTest.php:270</error>
        </testcase>
        <testcase name="testVeryLongTransactionName" class="OfxParserTest\EdgeCasesTest" classname="OfxParserTest.EdgeCasesTest" file="C:\Users\prote\Documents\software-devel\ksf_ofxparser\tests\OfxParser\EdgeCasesTest.php" line="281" assertions="0" time="0.001512">
          <error type="Error">OfxParserTest\EdgeCasesTest::testVeryLongTransactionName
Error: Class "OfxParserTest\Parser" not found

C:\Users\prote\Documents\software-devel\ksf_ofxparser\tests\OfxParser\EdgeCasesTest.php:346</error>
        </testcase>
        <testcase name="testAccountNumberWithLeadingZeros" class="OfxParserTest\EdgeCasesTest" classname="OfxParserTest.EdgeCasesTest" file="C:\Users\prote\Documents\software-devel\ksf_ofxparser\tests\OfxParser\EdgeCasesTest.php" line="356" assertions="0" time="0.000971">
          <error type="Error">OfxParserTest\EdgeCasesTest::testAccountNumberWithLeadingZeros
Error: Class "OfxParserTest\Parser" not found

C:\Users\prote\Documents\software-devel\ksf_ofxparser\tests\OfxParser\EdgeCasesTest.php:412</error>
        </testcase>
        <testcase name="testEmptyStatement" class="OfxParserTest\EdgeCasesTest" classname="OfxParserTest.EdgeCasesTest" file="C:\Users\prote\Documents\software-devel\ksf_ofxparser\tests\OfxParser\EdgeCasesTest.php" line="423" assertions="0" time="0.001113">
          <error type="Error">OfxParserTest\EdgeCasesTest::testEmptyStatement
Error: Class "OfxParserTest\Parser" not found

C:\Users\prote\Documents\software-devel\ksf_ofxparser\tests\OfxParser\EdgeCasesTest.php:479</error>
        </testcase>
        <testcase name="testStatusCodeWithLeadingZeros" class="OfxParserTest\EdgeCasesTest" classname="OfxParserTest.EdgeCasesTest" file="C:\Users\prote\Documents\software-devel\ksf_ofxparser\tests\OfxParser\EdgeCasesTest.php" line="489" assertions="0" time="0.001294">
          <error type="Error">OfxParserTest\EdgeCasesTest::testStatusCodeWithLeadingZeros
Error: Class "OfxParserTest\Parser" not found

C:\Users\prote\Documents\software-devel\ksf_ofxparser\tests\OfxParser\EdgeCasesTest.php:520</error>
        </testcase>
        <testcase name="testCurrencyRateOfOne" class="OfxParserTest\EdgeCasesTest" classname="OfxParserTest.EdgeCasesTest" file="C:\Users\prote\Documents\software-devel\ksf_ofxparser\tests\OfxParser\EdgeCasesTest.php" line="530" assertions="0" time="0.001119">
          <error type="Error">OfxParserTest\EdgeCasesTest::testCurrencyRateOfOne
Error: Class "OfxParserTest\Parser" not found

C:\Users\prote\Documents\software-devel\ksf_ofxparser\tests\OfxParser\EdgeCasesTest.php:597</error>
        </testcase>
        <testcase name="testMultipleBankAccounts" class="OfxParserTest\EdgeCasesTest" classname="OfxParserTest.EdgeCasesTest" file="C:\Users\prote\Documents\software-devel\ksf_ofxparser\tests\OfxParser\EdgeCasesTest.php" line="608" assertions="0" time="0.001110">
          <error type="Error">OfxParserTest\EdgeCasesTest::testMultipleBankAccounts
Error: Class "OfxParserTest\Parser" not found

C:\Users\prote\Documents\software-devel\ksf_ofxparser\tests\OfxParser\EdgeCasesTest.php:687</error>
        </testcase>
      </testsuite>
      <testsuite name="OfxParserTest\Entities\EntityStructureTest" file="C:\Users\prote\Documents\software-devel\ksf_ofxparser\tests\OfxParser\Entities\EntityStructureTest.php" tests="16" assertions="74" errors="0" warnings="0" failures="0" skipped="0" time="0.020807">
        <testcase name="testTransactionEntityStructure" class="OfxParserTest\Entities\EntityStructureTest" classname="OfxParserTest.Entities.EntityStructureTest" file="C:\Users\prote\Documents\software-devel\ksf_ofxparser\tests\OfxParser\Entities\EntityStructureTest.php" line="30" assertions="8" time="0.001358"/>
        <testcase name="testTransactionWithCurrency" class="OfxParserTest\Entities\EntityStructureTest" classname="OfxParserTest.Entities.EntityStructureTest" file="C:\Users\prote\Documents\software-devel\ksf_ofxparser\tests\OfxParser\Entities\EntityStructureTest.php" line="56" assertions="4" time="0.001076"/>
        <testcase name="testTransactionWithPayee" class="OfxParserTest\Entities\EntityStructureTest" classname="OfxParserTest.Entities.EntityStructureTest" file="C:\Users\prote\Documents\software-devel\ksf_ofxparser\tests\OfxParser\Entities\EntityStructureTest.php" line="77" assertions="4" time="0.001177"/>
        <testcase name="testBankAccountEntityStructure" class="OfxParserTest\Entities\EntityStructureTest" classname="OfxParserTest.Entities.EntityStructureTest" file="C:\Users\prote\Documents\software-devel\ksf_ofxparser\tests\OfxParser\Entities\EntityStructureTest.php" line="100" assertions="7" time="0.001307"/>
        <testcase name="testStatementEntityStructure" class="OfxParserTest\Entities\EntityStructureTest" classname="OfxParserTest.Entities.EntityStructureTest" file="C:\Users\prote\Documents\software-devel\ksf_ofxparser\tests\OfxParser\Entities\EntityStructureTest.php" line="124" assertions="6" time="0.002513"/>
        <testcase name="testSignOnEntityStructure" class="OfxParserTest\Entities\EntityStructureTest" classname="OfxParserTest.Entities.EntityStructureTest" file="C:\Users\prote\Documents\software-devel\ksf_ofxparser\tests\OfxParser\Entities\EntityStructureTest.php" line="153" assertions="7" time="0.001312"/>
        <testcase name="testStatusEntity" class="OfxParserTest\Entities\EntityStructureTest" classname="OfxParserTest.Entities.EntityStructureTest" file="C:\Users\prote\Documents\software-devel\ksf_ofxparser\tests\OfxParser\Entities\EntityStructureTest.php" line="181" assertions="5" time="0.001140"/>
        <testcase name="testInstituteEntity" class="OfxParserTest\Entities\EntityStructureTest" classname="OfxParserTest.Entities.EntityStructureTest" file="C:\Users\prote\Documents\software-devel\ksf_ofxparser\tests\OfxParser\Entities\EntityStructureTest.php" line="205" assertions="2" time="0.001273"/>
        <testcase name="testPayeeEntityCompleteAddress" class="OfxParserTest\Entities\EntityStructureTest" classname="OfxParserTest.Entities.EntityStructureTest" file="C:\Users\prote\Documents\software-devel\ksf_ofxparser\tests\OfxParser\Entities\EntityStructureTest.php" line="218" assertions="9" time="0.001346"/>
        <testcase name="testAccountInfoEntity" class="OfxParserTest\Entities\EntityStructureTest" classname="OfxParserTest.Entities.EntityStructureTest" file="C:\Users\prote\Documents\software-devel\ksf_ofxparser\tests\OfxParser\Entities\EntityStructureTest.php" line="245" assertions="2" time="0.001658"/>
        <testcase name="testTransactionWithBankAccountTo" class="OfxParserTest\Entities\EntityStructureTest" classname="OfxParserTest.Entities.EntityStructureTest" file="C:\Users\prote\Documents\software-devel\ksf_ofxparser\tests\OfxParser\Entities\EntityStructureTest.php" line="258" assertions="5" time="0.001209"/>
        <testcase name="testTransactionWithCardAccountTo" class="OfxParserTest\Entities\EntityStructureTest" classname="OfxParserTest.Entities.EntityStructureTest" file="C:\Users\prote\Documents\software-devel\ksf_ofxparser\tests\OfxParser\Entities\EntityStructureTest.php" line="280" assertions="2" time="0.001152"/>
        <testcase name="testTransactionAllDateFields" class="OfxParserTest\Entities\EntityStructureTest" classname="OfxParserTest.Entities.EntityStructureTest" file="C:\Users\prote\Documents\software-devel\ksf_ofxparser\tests\OfxParser\Entities\EntityStructureTest.php" line="297" assertions="3" time="0.001040"/>
        <testcase name="testBankAccountWithStatement" class="OfxParserTest\Entities\EntityStructureTest" classname="OfxParserTest.Entities.EntityStructureTest" file="C:\Users\prote\Documents\software-devel\ksf_ofxparser\tests\OfxParser\Entities\EntityStructureTest.php" line="317" assertions="3" time="0.000974"/>
        <testcase name="testEmptyCollections" class="OfxParserTest\Entities\EntityStructureTest" classname="OfxParserTest.Entities.EntityStructureTest" file="C:\Users\prote\Documents\software-devel\ksf_ofxparser\tests\OfxParser\Entities\EntityStructureTest.php" line="338" assertions="3" time="0.001151"/>
        <testcase name="testTransactionWithOriginalCurrency" class="OfxParserTest\Entities\EntityStructureTest" classname="OfxParserTest.Entities.EntityStructureTest" file="C:\Users\prote\Documents\software-devel\ksf_ofxparser\tests\OfxParser\Entities\EntityStructureTest.php" line="351" assertions="4" time="0.001122"/>
      </testsuite>
      <testsuite name="OfxParserTest\Entities\EntityTest" file="C:\Users\prote\Documents\software-devel\ksf_ofxparser\tests\OfxParser\Entities\EntityTest.php" tests="15" assertions="82" errors="0" warnings="0" failures="0" skipped="0" time="0.025420">
        <testcase name="testTransactionTypeDesc" class="OfxParserTest\Entities\EntityTest" classname="OfxParserTest.Entities.EntityTest" file="C:\Users\prote\Documents\software-devel\ksf_ofxparser\tests\OfxParser\Entities\EntityTest.php" line="27" assertions="18" time="0.001951"/>
        <testcase name="testTransactionProperties" class="OfxParserTest\Entities\EntityTest" classname="OfxParserTest.Entities.EntityTest" file="C:\Users\prote\Documents\software-devel\ksf_ofxparser\tests\OfxParser\Entities\EntityTest.php" line="86" assertions="11" time="0.005408"/>
        <testcase name="testTransactionWithPayee" class="OfxParserTest\Entities\EntityTest" classname="OfxParserTest.Entities.EntityTest" file="C:\Users\prote\Documents\software-devel\ksf_ofxparser\tests\OfxParser\Entities\EntityTest.php" line="116" assertions="3" time="0.001015"/>
        <testcase name="testTransactionWithBankAccountTo" class="OfxParserTest\Entities\EntityTest" classname="OfxParserTest.Entities.EntityTest" file="C:\Users\prote\Documents\software-devel\ksf_ofxparser\tests\OfxParser\Entities\EntityTest.php" line="130" assertions="2" time="0.002557"/>
        <testcase name="testStatusCodeDesc" class="OfxParserTest\Entities\EntityTest" classname="OfxParserTest.Entities.EntityTest" file="C:\Users\prote\Documents\software-devel\ksf_ofxparser\tests\OfxParser\Entities\EntityTest.php" line="143" assertions="5" time="0.001339"/>
        <testcase name="testStatusProperties" class="OfxParserTest\Entities\EntityTest" classname="OfxParserTest.Entities.EntityTest" file="C:\Users\prote\Documents\software-devel\ksf_ofxparser\tests\OfxParser\Entities\EntityTest.php" line="163" assertions="4" time="0.001157"/>
        <testcase name="testBankAccountProperties" class="OfxParserTest\Entities\EntityTest" classname="OfxParserTest.Entities.EntityTest" file="C:\Users\prote\Documents\software-devel\ksf_ofxparser\tests\OfxParser\Entities\EntityTest.php" line="177" assertions="7" time="0.001091"/>
        <testcase name="testBankAccountWithStatement" class="OfxParserTest\Entities\EntityTest" classname="OfxParserTest.Entities.EntityTest" file="C:\Users\prote\Documents\software-devel\ksf_ofxparser\tests\OfxParser\Entities\EntityTest.php" line="198" assertions="2" time="0.001028"/>
        <testcase name="testAccountInfoProperties" class="OfxParserTest\Entities\EntityTest" classname="OfxParserTest.Entities.EntityTest" file="C:\Users\prote\Documents\software-devel\ksf_ofxparser\tests\OfxParser\Entities\EntityTest.php" line="212" assertions="2" time="0.000870"/>
        <testcase name="testInstituteProperties" class="OfxParserTest\Entities\EntityTest" classname="OfxParserTest.Entities.EntityTest" file="C:\Users\prote\Documents\software-devel\ksf_ofxparser\tests\OfxParser\Entities\EntityTest.php" line="223" assertions="2" time="0.001311"/>
        <testcase name="testSignOnProperties" class="OfxParserTest\Entities\EntityTest" classname="OfxParserTest.Entities.EntityTest" file="C:\Users\prote\Documents\software-devel\ksf_ofxparser\tests\OfxParser\Entities\EntityTest.php" line="234" assertions="5" time="0.001959"/>
        <testcase name="testStatementProperties" class="OfxParserTest\Entities\EntityTest" classname="OfxParserTest.Entities.EntityTest" file="C:\Users\prote\Documents\software-devel\ksf_ofxparser\tests\OfxParser\Entities\EntityTest.php" line="256" assertions="4" time="0.001090"/>
        <testcase name="testStatementWithTransactions" class="OfxParserTest\Entities\EntityTest" classname="OfxParserTest.Entities.EntityTest" file="C:\Users\prote\Documents\software-devel\ksf_ofxparser\tests\OfxParser\Entities\EntityTest.php" line="271" assertions="3" time="0.001424"/>
        <testcase name="testPayeeProperties" class="OfxParserTest\Entities\EntityTest" classname="OfxParserTest.Entities.EntityTest" file="C:\Users\prote\Documents\software-devel\ksf_ofxparser\tests\OfxParser\Entities\EntityTest.php" line="290" assertions="8" time="0.001279"/>
        <testcase name="testPayeeWithMinimalData" class="OfxParserTest\Entities\EntityTest" classname="OfxParserTest.Entities.EntityTest" file="C:\Users\prote\Documents\software-devel\ksf_ofxparser\tests\OfxParser\Entities\EntityTest.php" line="311" assertions="6" time="0.001942"/>
      </testsuite>
      <testsuite name="OfxParserTest\Entities\InvestmentTest" file="C:\Users\prote\Documents\software-devel\ksf_ofxparser\tests\OfxParser\Entities\InvestmentTest.php" tests="3" assertions="4" errors="0" warnings="0" failures="0" skipped="0" time="0.003135">
        <testcase name="testLoadOfxException" class="OfxParserTest\Entities\InvestmentTest" classname="OfxParserTest.Entities.InvestmentTest" file="C:\Users\prote\Documents\software-devel\ksf_ofxparser\tests\OfxParser\Entities\InvestmentTest.php" line="64" assertions="1" time="0.001044"/>
        <testcase name="testLoadOfxValid" class="OfxParserTest\Entities\InvestmentTest" classname="OfxParserTest.Entities.InvestmentTest" file="C:\Users\prote\Documents\software-devel\ksf_ofxparser\tests\OfxParser\Entities\InvestmentTest.php" line="75" assertions="1" time="0.001058"/>
        <testcase name="testGetProperties" class="OfxParserTest\Entities\InvestmentTest" classname="OfxParserTest.Entities.InvestmentTest" file="C:\Users\prote\Documents\software-devel\ksf_ofxparser\tests\OfxParser\Entities\InvestmentTest.php" line="86" assertions="2" time="0.001033"/>
      </testsuite>
      <testsuite name="OfxParserTest\Entities\Investment\Transaction\Traits\InvestmentTraitsTest" file="C:\Users\prote\Documents\software-devel\ksf_ofxparser\tests\OfxParser\Entities\Investment\Transaction\Traits\InvestmentTraitsTest.php" tests="12" assertions="29" errors="0" warnings="0" failures="0" skipped="0" time="0.028455">
        <testcase name="testBuyTypeTraitLoadsBuyType" class="OfxParserTest\Entities\Investment\Transaction\Traits\InvestmentTraitsTest" classname="OfxParserTest.Entities.Investment.Transaction.Traits.InvestmentTraitsTest" file="C:\Users\prote\Documents\software-devel\ksf_ofxparser\tests\OfxParser\Entities\Investment\Transaction\Traits\InvestmentTraitsTest.php" line="18" assertions="1" time="0.001371"/>
        <testcase name="testBuyTypeTraitWithBuyToCover" class="OfxParserTest\Entities\Investment\Transaction\Traits\InvestmentTraitsTest" classname="OfxParserTest.Entities.Investment.Transaction.Traits.InvestmentTraitsTest" file="C:\Users\prote\Documents\software-devel\ksf_ofxparser\tests\OfxParser\Entities\Investment\Transaction\Traits\InvestmentTraitsTest.php" line="51" assertions="1" time="0.001368"/>
        <testcase name="testSellTypeTraitLoadsSellType" class="OfxParserTest\Entities\Investment\Transaction\Traits\InvestmentTraitsTest" classname="OfxParserTest.Entities.Investment.Transaction.Traits.InvestmentTraitsTest" file="C:\Users\prote\Documents\software-devel\ksf_ofxparser\tests\OfxParser\Entities\Investment\Transaction\Traits\InvestmentTraitsTest.php" line="84" assertions="1" time="0.002079"/>
        <testcase name="testSellTypeTraitWithSellShort" class="OfxParserTest\Entities\Investment\Transaction\Traits\InvestmentTraitsTest" classname="OfxParserTest.Entities.Investment.Transaction.Traits.InvestmentTraitsTest" file="C:\Users\prote\Documents\software-devel\ksf_ofxparser\tests\OfxParser\Entities\Investment\Transaction\Traits\InvestmentTraitsTest.php" line="117" assertions="1" time="0.002773"/>
        <testcase name="testIncomeTypeTraitLoadsIncomeType" class="OfxParserTest\Entities\Investment\Transaction\Traits\InvestmentTraitsTest" classname="OfxParserTest.Entities.Investment.Transaction.Traits.InvestmentTraitsTest" file="C:\Users\prote\Documents\software-devel\ksf_ofxparser\tests\OfxParser\Entities\Investment\Transaction\Traits\InvestmentTraitsTest.php" line="150" assertions="1" time="0.001375"/>
        <testcase name="testIncomeTypeTraitWithInterest" class="OfxParserTest\Entities\Investment\Transaction\Traits\InvestmentTraitsTest" classname="OfxParserTest.Entities.Investment.Transaction.Traits.InvestmentTraitsTest" file="C:\Users\prote\Documents\software-devel\ksf_ofxparser\tests\OfxParser\Entities\Investment\Transaction\Traits\InvestmentTraitsTest.php" line="180" assertions="1" time="0.004458"/>
        <testcase name="testIncomeTypeTraitWithCapitalGains" class="OfxParserTest\Entities\Investment\Transaction\Traits\InvestmentTraitsTest" classname="OfxParserTest.Entities.Investment.Transaction.Traits.InvestmentTraitsTest" file="C:\Users\prote\Documents\software-devel\ksf_ofxparser\tests\OfxParser\Entities\Investment\Transaction\Traits\InvestmentTraitsTest.php" line="209" assertions="1" time="0.001310"/>
        <testcase name="testSecIdTraitLoadsSecurityId" class="OfxParserTest\Entities\Investment\Transaction\Traits\InvestmentTraitsTest" classname="OfxParserTest.Entities.Investment.Transaction.Traits.InvestmentTraitsTest" file="C:\Users\prote\Documents\software-devel\ksf_ofxparser\tests\OfxParser\Entities\Investment\Transaction\Traits\InvestmentTraitsTest.php" line="238" assertions="2" time="0.002690"/>
        <testcase name="testPricingTraitLoadsPricingFields" class="OfxParserTest\Entities\Investment\Transaction\Traits\InvestmentTraitsTest" classname="OfxParserTest.Entities.Investment.Transaction.Traits.InvestmentTraitsTest" file="C:\Users\prote\Documents\software-devel\ksf_ofxparser\tests\OfxParser\Entities\Investment\Transaction\Traits\InvestmentTraitsTest.php" line="272" assertions="3" time="0.001741"/>
        <testcase name="testInvTranTraitLoadsTransactionFields" class="OfxParserTest\Entities\Investment\Transaction\Traits\InvestmentTraitsTest" classname="OfxParserTest.Entities.Investment.Transaction.Traits.InvestmentTraitsTest" file="C:\Users\prote\Documents\software-devel\ksf_ofxparser\tests\OfxParser\Entities\Investment\Transaction\Traits\InvestmentTraitsTest.php" line="309" assertions="4" time="0.001540"/>
        <testcase name="testAllTraitsInBuySecurity" class="OfxParserTest\Entities\Investment\Transaction\Traits\InvestmentTraitsTest" classname="OfxParserTest.Entities.Investment.Transaction.Traits.InvestmentTraitsTest" file="C:\Users\prote\Documents\software-devel\ksf_ofxparser\tests\OfxParser\Entities\Investment\Transaction\Traits\InvestmentTraitsTest.php" line="343" assertions="7" time="0.005921"/>
        <testcase name="testAllTraitsInSellSecurity" class="OfxParserTest\Entities\Investment\Transaction\Traits\InvestmentTraitsTest" classname="OfxParserTest.Entities.Investment.Transaction.Traits.InvestmentTraitsTest" file="C:\Users\prote\Documents\software-devel\ksf_ofxparser\tests\OfxParser\Entities\Investment\Transaction\Traits\InvestmentTraitsTest.php" line="391" assertions="6" time="0.001830"/>
      </testsuite>
      <testsuite name="OfxParserTest\Entities\LoaderTraitTest" file="C:\Users\prote\Documents\software-devel\ksf_ofxparser\tests\OfxParser\Entities\LoaderTraitTest.php" tests="1" assertions="3" errors="0" warnings="0" failures="0" skipped="0" time="0.001375">
        <testcase name="testLoadMap" class="OfxParserTest\Entities\LoaderTraitTest" classname="OfxParserTest.Entities.LoaderTraitTest" file="C:\Users\prote\Documents\software-devel\ksf_ofxparser\tests\OfxParser\Entities\LoaderTraitTest.php" line="53" assertions="3" time="0.001375"/>
      </testsuite>
      <testsuite name="OfxParserTest\Loaders\SgmlOfxLoaderTest" file="C:\Users\prote\Documents\software-devel\ksf_ofxparser\tests\OfxParser\Loaders\SgmlOfxLoaderTest.php" tests="16" assertions="29" errors="0" warnings="0" failures="0" skipped="0" time="0.275047">
        <testcase name="testCanHandleWithSgmlHeader" class="OfxParserTest\Loaders\SgmlOfxLoaderTest" classname="OfxParserTest.Loaders.SgmlOfxLoaderTest" file="C:\Users\prote\Documents\software-devel\ksf_ofxparser\tests\OfxParser\Loaders\SgmlOfxLoaderTest.php" line="23" assertions="1" time="0.000995"/>
        <testcase name="testCanHandleWithDataOfxsgml" class="OfxParserTest\Loaders\SgmlOfxLoaderTest" classname="OfxParserTest.Loaders.SgmlOfxLoaderTest" file="C:\Users\prote\Documents\software-devel\ksf_ofxparser\tests\OfxParser\Loaders\SgmlOfxLoaderTest.php" line="36" assertions="1" time="0.000873"/>
        <testcase name="testCanHandleRejectsXmlHeader" class="OfxParserTest\Loaders\SgmlOfxLoaderTest" classname="OfxParserTest.Loaders.SgmlOfxLoaderTest" file="C:\Users\prote\Documents\software-devel\ksf_ofxparser\tests\OfxParser\Loaders\SgmlOfxLoaderTest.php" line="49" assertions="1" time="0.001033"/>
        <testcase name="testCanHandleRejectsInvalidHeader" class="OfxParserTest\Loaders\SgmlOfxLoaderTest" classname="OfxParserTest.Loaders.SgmlOfxLoaderTest" file="C:\Users\prote\Documents\software-devel\ksf_ofxparser\tests\OfxParser\Loaders\SgmlOfxLoaderTest.php" line="62" assertions="1" time="0.000953"/>
        <testcase name="testLoadWithValidSignOnMessage" class="OfxParserTest\Loaders\SgmlOfxLoaderTest" classname="OfxParserTest.Loaders.SgmlOfxLoaderTest" file="C:\Users\prote\Documents\software-devel\ksf_ofxparser\tests\OfxParser\Loaders\SgmlOfxLoaderTest.php" line="75" assertions="4" time="0.020567"/>
        <testcase name="testLoadWithBankStatement" class="OfxParserTest\Loaders\SgmlOfxLoaderTest" classname="OfxParserTest.Loaders.SgmlOfxLoaderTest" file="C:\Users\prote\Documents\software-devel\ksf_ofxparser\tests\OfxParser\Loaders\SgmlOfxLoaderTest.php" line="104" assertions="2" time="0.058618"/>
        <testcase name="testLoadWithCreditCardMessage" class="OfxParserTest\Loaders\SgmlOfxLoaderTest" classname="OfxParserTest.Loaders.SgmlOfxLoaderTest" file="C:\Users\prote\Documents\software-devel\ksf_ofxparser\tests\OfxParser\Loaders\SgmlOfxLoaderTest.php" line="145" assertions="1" time="0.043441"/>
        <testcase name="testLoadWithInvestmentMessage" class="OfxParserTest\Loaders\SgmlOfxLoaderTest" classname="OfxParserTest.Loaders.SgmlOfxLoaderTest" file="C:\Users\prote\Documents\software-devel\ksf_ofxparser\tests\OfxParser\Loaders\SgmlOfxLoaderTest.php" line="175" assertions="1" time="0.058143"/>
        <testcase name="testLoadWithMissingMessageSetsThrows" class="OfxParserTest\Loaders\SgmlOfxLoaderTest" classname="OfxParserTest.Loaders.SgmlOfxLoaderTest" file="C:\Users\prote\Documents\software-devel\ksf_ofxparser\tests\OfxParser\Loaders\SgmlOfxLoaderTest.php" line="207" assertions="2" time="0.007037"/>
        <testcase name="testLoadWithOnlyBankMessage" class="OfxParserTest\Loaders\SgmlOfxLoaderTest" classname="OfxParserTest.Loaders.SgmlOfxLoaderTest" file="C:\Users\prote\Documents\software-devel\ksf_ofxparser\tests\OfxParser\Loaders\SgmlOfxLoaderTest.php" line="221" assertions="1" time="0.013533"/>
        <testcase name="testGetFormatName" class="OfxParserTest\Loaders\SgmlOfxLoaderTest" classname="OfxParserTest.Loaders.SgmlOfxLoaderTest" file="C:\Users\prote\Documents\software-devel\ksf_ofxparser\tests\OfxParser\Loaders\SgmlOfxLoaderTest.php" line="244" assertions="1" time="0.001082"/>
        <testcase name="testGetVersion" class="OfxParserTest\Loaders\SgmlOfxLoaderTest" classname="OfxParserTest.Loaders.SgmlOfxLoaderTest" file="C:\Users\prote\Documents\software-devel\ksf_ofxparser\tests\OfxParser\Loaders\SgmlOfxLoaderTest.php" line="252" assertions="1" time="0.001062"/>
        <testcase name="testHeaderParsingWithMultipleFields" class="OfxParserTest\Loaders\SgmlOfxLoaderTest" classname="OfxParserTest.Loaders.SgmlOfxLoaderTest" file="C:\Users\prote\Documents\software-devel\ksf_ofxparser\tests\OfxParser\Loaders\SgmlOfxLoaderTest.php" line="260" assertions="5" time="0.016042"/>
        <testcase name="testHeaderParsingWithWindowsLineEndings" class="OfxParserTest\Loaders\SgmlOfxLoaderTest" classname="OfxParserTest.Loaders.SgmlOfxLoaderTest" file="C:\Users\prote\Documents\software-devel\ksf_ofxparser\tests\OfxParser\Loaders\SgmlOfxLoaderTest.php" line="287" assertions="2" time="0.016264"/>
        <testcase name="testLoadWithEmptyLinesInHeader" class="OfxParserTest\Loaders\SgmlOfxLoaderTest" classname="OfxParserTest.Loaders.SgmlOfxLoaderTest" file="C:\Users\prote\Documents\software-devel\ksf_ofxparser\tests\OfxParser\Loaders\SgmlOfxLoaderTest.php" line="301" assertions="2" time="0.018078"/>
        <testcase name="testLoadWithConstructorDependencies" class="OfxParserTest\Loaders\SgmlOfxLoaderTest" classname="OfxParserTest.Loaders.SgmlOfxLoaderTest" file="C:\Users\prote\Documents\software-devel\ksf_ofxparser\tests\OfxParser\Loaders\SgmlOfxLoaderTest.php" line="323" assertions="3" time="0.017325"/>
      </testsuite>
      <testsuite name="OfxParserTest\OfxTest" file="C:\Users\prote\Documents\software-devel\ksf_ofxparser\tests\OfxParser\OfxTest.php" tests="37" assertions="117" errors="0" warnings="0" failures="0" skipped="0" time="0.119628">
        <testsuite name="OfxParserTest\OfxTest::testCreateAmountFromStr" tests="17" assertions="17" errors="0" warnings="0" failures="0" skipped="0" time="0.051706">
          <testcase name="testCreateAmountFromStr with data set &quot;1000.00&quot;" class="OfxParserTest\OfxTest" classname="OfxParserTest.OfxTest" file="C:\Users\prote\Documents\software-devel\ksf_ofxparser\tests\OfxParser\OfxTest.php" line="56" assertions="1" time="0.002439"/>
          <testcase name="testCreateAmountFromStr with data set &quot;1000,00&quot;" class="OfxParserTest\OfxTest" classname="OfxParserTest.OfxTest" file="C:\Users\prote\Documents\software-devel\ksf_ofxparser\tests\OfxParser\OfxTest.php" line="56" assertions="1" time="0.002219"/>
          <testcase name="testCreateAmountFromStr with data set &quot;1,000.00&quot;" class="OfxParserTest\OfxTest" classname="OfxParserTest.OfxTest" file="C:\Users\prote\Documents\software-devel\ksf_ofxparser\tests\OfxParser\OfxTest.php" line="56" assertions="1" time="0.002463"/>
          <testcase name="testCreateAmountFromStr with data set &quot;1.000,00&quot;" class="OfxParserTest\OfxTest" classname="OfxParserTest.OfxTest" file="C:\Users\prote\Documents\software-devel\ksf_ofxparser\tests\OfxParser\OfxTest.php" line="56" assertions="1" time="0.002608"/>
          <testcase name="testCreateAmountFromStr with data set &quot;-1000.00&quot;" class="OfxParserTest\OfxTest" classname="OfxParserTest.OfxTest" file="C:\Users\prote\Documents\software-devel\ksf_ofxparser\tests\OfxParser\OfxTest.php" line="56" assertions="1" time="0.006733"/>
          <testcase name="testCreateAmountFromStr with data set &quot;-1000,00&quot;" class="OfxParserTest\OfxTest" classname="OfxParserTest.OfxTest" file="C:\Users\prote\Documents\software-devel\ksf_ofxparser\tests\OfxParser\OfxTest.php" line="56" assertions="1" time="0.002341"/>
          <testcase name="testCreateAmountFromStr with data set &quot;-1,000.00&quot;" class="OfxParserTest\OfxTest" classname="OfxParserTest.OfxTest" file="C:\Users\prote\Documents\software-devel\ksf_ofxparser\tests\OfxParser\OfxTest.php" line="56" assertions="1" time="0.002353"/>
          <testcase name="testCreateAmountFromStr with data set &quot;-1.000,00&quot;" class="OfxParserTest\OfxTest" classname="OfxParserTest.OfxTest" file="C:\Users\prote\Documents\software-devel\ksf_ofxparser\tests\OfxParser\OfxTest.php" line="56" assertions="1" time="0.002315"/>
          <testcase name="testCreateAmountFromStr with data set #0" class="OfxParserTest\OfxTest" classname="OfxParserTest.OfxTest" file="C:\Users\prote\Documents\software-devel\ksf_ofxparser\tests\OfxParser\OfxTest.php" line="56" assertions="1" time="0.003938"/>
          <testcase name="testCreateAmountFromStr with data set #1" class="OfxParserTest\OfxTest" classname="OfxParserTest.OfxTest" file="C:\Users\prote\Documents\software-devel\ksf_ofxparser\tests\OfxParser\OfxTest.php" line="56" assertions="1" time="0.002480"/>
          <testcase name="testCreateAmountFromStr with data set #2" class="OfxParserTest\OfxTest" classname="OfxParserTest.OfxTest" file="C:\Users\prote\Documents\software-devel\ksf_ofxparser\tests\OfxParser\OfxTest.php" line="56" assertions="1" time="0.004384"/>
          <testcase name="testCreateAmountFromStr with data set &quot;+1&quot;" class="OfxParserTest\OfxTest" classname="OfxParserTest.OfxTest" file="C:\Users\prote\Documents\software-devel\ksf_ofxparser\tests\OfxParser\OfxTest.php" line="56" assertions="1" time="0.004613"/>
          <testcase name="testCreateAmountFromStr with data set &quot;+10&quot;" class="OfxParserTest\OfxTest" classname="OfxParserTest.OfxTest" file="C:\Users\prote\Documents\software-devel\ksf_ofxparser\tests\OfxParser\OfxTest.php" line="56" assertions="1" time="0.002169"/>
          <testcase name="testCreateAmountFromStr with data set &quot;+1000.00&quot;" class="OfxParserTest\OfxTest" classname="OfxParserTest.OfxTest" file="C:\Users\prote\Documents\software-devel\ksf_ofxparser\tests\OfxParser\OfxTest.php" line="56" assertions="1" time="0.002195"/>
          <testcase name="testCreateAmountFromStr with data set &quot;+1000,00&quot;" class="OfxParserTest\OfxTest" classname="OfxParserTest.OfxTest" file="C:\Users\prote\Documents\software-devel\ksf_ofxparser\tests\OfxParser\OfxTest.php" line="56" assertions="1" time="0.004087"/>
          <testcase name="testCreateAmountFromStr with data set &quot;+1,000.00&quot;" class="OfxParserTest\OfxTest" classname="OfxParserTest.OfxTest" file="C:\Users\prote\Documents\software-devel\ksf_ofxparser\tests\OfxParser\OfxTest.php" line="56" assertions="1" time="0.002201"/>
          <testcase name="testCreateAmountFromStr with data set &quot;+1.000,00&quot;" class="OfxParserTest\OfxTest" classname="OfxParserTest.OfxTest" file="C:\Users\prote\Documents\software-devel\ksf_ofxparser\tests\OfxParser\OfxTest.php" line="56" assertions="1" time="0.002169"/>
        </testsuite>
        <testcase name="testCreateDateTimeFromOFXDateFormats" class="OfxParserTest\OfxTest" classname="OfxParserTest.OfxTest" file="C:\Users\prote\Documents\software-devel\ksf_ofxparser\tests\OfxParser\OfxTest.php" line="66" assertions="4" time="0.002812"/>
        <testcase name="testBuildsSignOn" class="OfxParserTest\OfxTest" classname="OfxParserTest.OfxTest" file="C:\Users\prote\Documents\software-devel\ksf_ofxparser\tests\OfxParser\OfxTest.php" line="93" assertions="8" time="0.003498"/>
        <testcase name="testBuildsMultipleBankAccounts" class="OfxParserTest\OfxTest" classname="OfxParserTest.OfxTest" file="C:\Users\prote\Documents\software-devel\ksf_ofxparser\tests\OfxParser\OfxTest.php" line="107" assertions="2" time="0.004584"/>
        <testcase name="testBuildsBankAccount" class="OfxParserTest\OfxTest" classname="OfxParserTest.OfxTest" file="C:\Users\prote\Documents\software-devel\ksf_ofxparser\tests\OfxParser\OfxTest.php" line="120" assertions="40" time="0.010251"/>
        <testcase name="testBuildHeaderSetsHeaderProperty" class="OfxParserTest\OfxTest" classname="OfxParserTest.OfxTest" file="C:\Users\prote\Documents\software-devel\ksf_ofxparser\tests\OfxParser\OfxTest.php" line="188" assertions="4" time="0.002515"/>
        <testcase name="testBuildHeaderWithEmptyArray" class="OfxParserTest\OfxTest" classname="OfxParserTest.OfxTest" file="C:\Users\prote\Documents\software-devel\ksf_ofxparser\tests\OfxParser\OfxTest.php" line="211" assertions="3" time="0.003864"/>
        <testcase name="testCreateTagsAddsMissingSignonMsgsrsv1" class="OfxParserTest\OfxTest" classname="OfxParserTest.OfxTest" file="C:\Users\prote\Documents\software-devel\ksf_ofxparser\tests\OfxParser\OfxTest.php" line="221" assertions="2" time="0.002617"/>
        <testcase name="testCreateTagsAddsMissingSonrs" class="OfxParserTest\OfxTest" classname="OfxParserTest.OfxTest" file="C:\Users\prote\Documents\software-devel\ksf_ofxparser\tests\OfxParser\OfxTest.php" line="232" assertions="1" time="0.002501"/>
        <testcase name="testCreateTagsDoesNotModifyCompleteXml" class="OfxParserTest\OfxTest" classname="OfxParserTest.OfxTest" file="C:\Users\prote\Documents\software-devel\ksf_ofxparser\tests\OfxParser\OfxTest.php" line="242" assertions="1" time="0.003349"/>
        <testcase name="testBuildTransactionsHandlesEmptyTransactions" class="OfxParserTest\OfxTest" classname="OfxParserTest.OfxTest" file="C:\Users\prote\Documents\software-devel\ksf_ofxparser\tests\OfxParser\OfxTest.php" line="252" assertions="2" time="0.002576"/>
        <testcase name="testBuildTransactionsWithPayee" class="OfxParserTest\OfxTest" classname="OfxParserTest.OfxTest" file="C:\Users\prote\Documents\software-devel\ksf_ofxparser\tests\OfxParser\OfxTest.php" line="267" assertions="4" time="0.002681"/>
        <testcase name="testBuildTransactionsWithBankAccountTo" class="OfxParserTest\OfxTest" classname="OfxParserTest.OfxTest" file="C:\Users\prote\Documents\software-devel\ksf_ofxparser\tests\OfxParser\OfxTest.php" line="285" assertions="4" time="0.002749"/>
        <testcase name="testBuildTransactionsWithCardAccountTo" class="OfxParserTest\OfxTest" classname="OfxParserTest.OfxTest" file="C:\Users\prote\Documents\software-devel\ksf_ofxparser\tests\OfxParser\OfxTest.php" line="303" assertions="3" time="0.002631"/>
        <testcase name="testBuildStatusWithAllFields" class="OfxParserTest\OfxTest" classname="OfxParserTest.OfxTest" file="C:\Users\prote\Documents\software-devel\ksf_ofxparser\tests\OfxParser\OfxTest.php" line="320" assertions="4" time="0.002406"/>
        <testcase name="testBuildPayeeWithAllFields" class="OfxParserTest\OfxTest" classname="OfxParserTest.OfxTest" file="C:\Users\prote\Documents\software-devel\ksf_ofxparser\tests\OfxParser\OfxTest.php" line="336" assertions="8" time="0.003504"/>
        <testcase name="testBuildPayeeWithMinimalFields" class="OfxParserTest\OfxTest" classname="OfxParserTest.OfxTest" file="C:\Users\prote\Documents\software-devel\ksf_ofxparser\tests\OfxParser\OfxTest.php" line="358" assertions="3" time="0.005934"/>
        <testcase name="testCreateAmountFromStrWithScientificNotation" class="OfxParserTest\OfxTest" classname="OfxParserTest.OfxTest" file="C:\Users\prote\Documents\software-devel\ksf_ofxparser\tests\OfxParser\OfxTest.php" line="373" assertions="2" time="0.002243"/>
        <testcase name="testCreateDateTimeFromStrWithTimezone" class="OfxParserTest\OfxTest" classname="OfxParserTest.OfxTest" file="C:\Users\prote\Documents\software-devel\ksf_ofxparser\tests\OfxParser\OfxTest.php" line="384" assertions="2" time="0.002336"/>
        <testcase name="testCreateDateTimeFromStrWithMilliseconds" class="OfxParserTest\OfxTest" classname="OfxParserTest.OfxTest" file="C:\Users\prote\Documents\software-devel\ksf_ofxparser\tests\OfxParser\OfxTest.php" line="397" assertions="2" time="0.002561"/>
        <testcase name="testCreateDateTimeFromStrReturnsNullOnInvalidDate" class="OfxParserTest\OfxTest" classname="OfxParserTest.OfxTest" file="C:\Users\prote\Documents\software-devel\ksf_ofxparser\tests\OfxParser\OfxTest.php" line="410" assertions="1" time="0.002311"/>
      </testsuite>
      <testsuite name="OfxParserTest\Ofx\InvestmentTest" file="C:\Users\prote\Documents\software-devel\ksf_ofxparser\tests\OfxParser\Ofx\InvestmentTest.php" tests="15" assertions="34" errors="0" warnings="0" failures="0" skipped="0" time="0.033549">
        <testcase name="testConstructorWithNullXml" class="OfxParserTest\Ofx\InvestmentTest" classname="OfxParserTest.Ofx.InvestmentTest" file="C:\Users\prote\Documents\software-devel\ksf_ofxparser\tests\OfxParser\Ofx\InvestmentTest.php" line="16" assertions="1" time="0.001034"/>
        <testcase name="testBuildAccountsWithSingleAccount" class="OfxParserTest\Ofx\InvestmentTest" classname="OfxParserTest.Ofx.InvestmentTest" file="C:\Users\prote\Documents\software-devel\ksf_ofxparser\tests\OfxParser\Ofx\InvestmentTest.php" line="26" assertions="4" time="0.002000"/>
        <testcase name="testBuildAccountsWithMultipleAccounts" class="OfxParserTest\Ofx\InvestmentTest" classname="OfxParserTest.Ofx.InvestmentTest" file="C:\Users\prote\Documents\software-devel\ksf_ofxparser\tests\OfxParser\Ofx\InvestmentTest.php" line="72" assertions="4" time="0.001593"/>
        <testcase name="testBuildTransactionsWithBuyMutualFund" class="OfxParserTest\Ofx\InvestmentTest" classname="OfxParserTest.Ofx.InvestmentTest" file="C:\Users\prote\Documents\software-devel\ksf_ofxparser\tests\OfxParser\Ofx\InvestmentTest.php" line="122" assertions="2" time="0.002346"/>
        <testcase name="testBuildTransactionsWithBuyStock" class="OfxParserTest\Ofx\InvestmentTest" classname="OfxParserTest.Ofx.InvestmentTest" file="C:\Users\prote\Documents\software-devel\ksf_ofxparser\tests\OfxParser\Ofx\InvestmentTest.php" line="180" assertions="2" time="0.002025"/>
        <testcase name="testBuildTransactionsWithBuyOther" class="OfxParserTest\Ofx\InvestmentTest" classname="OfxParserTest.Ofx.InvestmentTest" file="C:\Users\prote\Documents\software-devel\ksf_ofxparser\tests\OfxParser\Ofx\InvestmentTest.php" line="238" assertions="2" time="0.001997"/>
        <testcase name="testBuildTransactionsWithSellMutualFund" class="OfxParserTest\Ofx\InvestmentTest" classname="OfxParserTest.Ofx.InvestmentTest" file="C:\Users\prote\Documents\software-devel\ksf_ofxparser\tests\OfxParser\Ofx\InvestmentTest.php" line="296" assertions="2" time="0.005492"/>
        <testcase name="testBuildTransactionsWithSellStock" class="OfxParserTest\Ofx\InvestmentTest" classname="OfxParserTest.Ofx.InvestmentTest" file="C:\Users\prote\Documents\software-devel\ksf_ofxparser\tests\OfxParser\Ofx\InvestmentTest.php" line="354" assertions="2" time="0.003979"/>
        <testcase name="testBuildTransactionsWithSellOther" class="OfxParserTest\Ofx\InvestmentTest" classname="OfxParserTest.Ofx.InvestmentTest" file="C:\Users\prote\Documents\software-devel\ksf_ofxparser\tests\OfxParser\Ofx\InvestmentTest.php" line="412" assertions="2" time="0.001943"/>
        <testcase name="testBuildTransactionsWithIncome" class="OfxParserTest\Ofx\InvestmentTest" classname="OfxParserTest.Ofx.InvestmentTest" file="C:\Users\prote\Documents\software-devel\ksf_ofxparser\tests\OfxParser\Ofx\InvestmentTest.php" line="470" assertions="2" time="0.001959"/>
        <testcase name="testBuildTransactionsWithReinvest" class="OfxParserTest\Ofx\InvestmentTest" classname="OfxParserTest.Ofx.InvestmentTest" file="C:\Users\prote\Documents\software-devel\ksf_ofxparser\tests\OfxParser\Ofx\InvestmentTest.php" line="524" assertions="2" time="0.002428"/>
        <testcase name="testBuildTransactionsWithInvBankTran" class="OfxParserTest\Ofx\InvestmentTest" classname="OfxParserTest.Ofx.InvestmentTest" file="C:\Users\prote\Documents\software-devel\ksf_ofxparser\tests\OfxParser\Ofx\InvestmentTest.php" line="579" assertions="2" time="0.001812"/>
        <testcase name="testEmptyInvTranList" class="OfxParserTest\Ofx\InvestmentTest" classname="OfxParserTest.Ofx.InvestmentTest" file="C:\Users\prote\Documents\software-devel\ksf_ofxparser\tests\OfxParser\Ofx\InvestmentTest.php" line="628" assertions="1" time="0.001547"/>
        <testcase name="testStatementDatesAreParsed" class="OfxParserTest\Ofx\InvestmentTest" classname="OfxParserTest.Ofx.InvestmentTest" file="C:\Users\prote\Documents\software-devel\ksf_ofxparser\tests\OfxParser\Ofx\InvestmentTest.php" line="663" assertions="4" time="0.001815"/>
        <testcase name="testSignOnIsParsed" class="OfxParserTest\Ofx\InvestmentTest" classname="OfxParserTest.Ofx.InvestmentTest" file="C:\Users\prote\Documents\software-devel\ksf_ofxparser\tests\OfxParser\Ofx\InvestmentTest.php" line="705" assertions="2" time="0.001579"/>
      </testsuite>
      <testsuite name="OfxParserTest\ParserTest" file="C:\Users\prote\Documents\software-devel\ksf_ofxparser\tests\OfxParser\ParserTest.php" tests="41" assertions="70" errors="0" warnings="0" failures="0" skipped="0" time="4.499785">
        <testcase name="testCreditCardStatementTransactionsAreLoaded" class="OfxParserTest\ParserTest" classname="OfxParserTest.ParserTest" file="C:\Users\prote\Documents\software-devel\ksf_ofxparser\tests\OfxParser\ParserTest.php" line="13" assertions="1" time="0.128355"/>
        <testcase name="testXmlLoadStringThrowsExceptionWithInvalidXml" class="OfxParserTest\ParserTest" classname="OfxParserTest.ParserTest" file="C:\Users\prote\Documents\software-devel\ksf_ofxparser\tests\OfxParser\ParserTest.php" line="22" assertions="2" time="0.001218"/>
        <testcase name="testXmlLoadStringLoadsValidXml" class="OfxParserTest\ParserTest" classname="OfxParserTest.ParserTest" file="C:\Users\prote\Documents\software-devel\ksf_ofxparser\tests\OfxParser\ParserTest.php" line="34" assertions="2" time="0.001034"/>
        <testsuite name="OfxParserTest\ParserTest::testCloseUnclosedXmlTags" tests="7" assertions="7" errors="0" warnings="0" failures="0" skipped="0" time="0.006566">
          <testcase name="testCloseUnclosedXmlTags with data set #0" class="OfxParserTest\ParserTest" classname="OfxParserTest.ParserTest" file="C:\Users\prote\Documents\software-devel\ksf_ofxparser\tests\OfxParser\ParserTest.php" line="68" assertions="1" time="0.001189"/>
          <testcase name="testCloseUnclosedXmlTags with data set #1" class="OfxParserTest\ParserTest" classname="OfxParserTest.ParserTest" file="C:\Users\prote\Documents\software-devel\ksf_ofxparser\tests\OfxParser\ParserTest.php" line="68" assertions="1" time="0.001017"/>
          <testcase name="testCloseUnclosedXmlTags with data set #2" class="OfxParserTest\ParserTest" classname="OfxParserTest.ParserTest" file="C:\Users\prote\Documents\software-devel\ksf_ofxparser\tests\OfxParser\ParserTest.php" line="68" assertions="1" time="0.000893"/>
          <testcase name="testCloseUnclosedXmlTags with data set #3" class="OfxParserTest\ParserTest" classname="OfxParserTest.ParserTest" file="C:\Users\prote\Documents\software-devel\ksf_ofxparser\tests\OfxParser\ParserTest.php" line="68" assertions="1" time="0.000789"/>
          <testcase name="testCloseUnclosedXmlTags with data set #4" class="OfxParserTest\ParserTest" classname="OfxParserTest.ParserTest" file="C:\Users\prote\Documents\software-devel\ksf_ofxparser\tests\OfxParser\ParserTest.php" line="68" assertions="1" time="0.000898"/>
          <testcase name="testCloseUnclosedXmlTags with data set #5" class="OfxParserTest\ParserTest" classname="OfxParserTest.ParserTest" file="C:\Users\prote\Documents\software-devel\ksf_ofxparser\tests\OfxParser\ParserTest.php" line="68" assertions="1" time="0.000880"/>
          <testcase name="testCloseUnclosedXmlTags with data set #6" class="OfxParserTest\ParserTest" classname="OfxParserTest.ParserTest" file="C:\Users\prote\Documents\software-devel\ksf_ofxparser\tests\OfxParser\ParserTest.php" line="68" assertions="1" time="0.000901"/>
        </testsuite>
        <testsuite name="OfxParserTest\ParserTest::testConvertSgmlToXml" tests="2" assertions="2" errors="0" warnings="0" failures="0" skipped="0" time="0.002494">
          <testcase name="testConvertSgmlToXml with data set #0" class="OfxParserTest\ParserTest" classname="OfxParserTest.ParserTest" file="C:\Users\prote\Documents\software-devel\ksf_ofxparser\tests\OfxParser\ParserTest.php" line="116" assertions="1" time="0.001347"/>
          <testcase name="testConvertSgmlToXml with data set #1" class="OfxParserTest\ParserTest" classname="OfxParserTest.ParserTest" file="C:\Users\prote\Documents\software-devel\ksf_ofxparser\tests\OfxParser\ParserTest.php" line="116" assertions="1" time="0.001146"/>
        </testsuite>
        <testcase name="testLoadFromFileWhenFileDoesNotExist" class="OfxParserTest\ParserTest" classname="OfxParserTest.ParserTest" file="C:\Users\prote\Documents\software-devel\ksf_ofxparser\tests\OfxParser\ParserTest.php" line="129" assertions="1" time="0.001246"/>
        <testsuite name="OfxParserTest\ParserTest::testLoadFromFileWhenFileDoesExist" tests="8" assertions="8" errors="0" warnings="0" failures="0" skipped="0" time="0.035335">
          <testcase name="testLoadFromFileWhenFileDoesExist with data set &quot;ofxdata.ofx&quot;" class="OfxParserTest\ParserTest" classname="OfxParserTest.ParserTest" file="C:\Users\prote\Documents\software-devel\ksf_ofxparser\tests\OfxParser\ParserTest.php" line="140" assertions="1" time="0.020808"/>
          <testcase name="testLoadFromFileWhenFileDoesExist with data set &quot;ofxdata-oneline.ofx&quot;" class="OfxParserTest\ParserTest" classname="OfxParserTest.ParserTest" file="C:\Users\prote\Documents\software-devel\ksf_ofxparser\tests\OfxParser\ParserTest.php" line="140" assertions="1" time="0.002131"/>
          <testcase name="testLoadFromFileWhenFileDoesExist with data set &quot;ofxdata-cmfr.ofx&quot;" class="OfxParserTest\ParserTest" classname="OfxParserTest.ParserTest" file="C:\Users\prote\Documents\software-devel\ksf_ofxparser\tests\OfxParser\ParserTest.php" line="140" assertions="1" time="0.001800"/>
          <testcase name="testLoadFromFileWhenFileDoesExist with data set &quot;ofxdata-bb.ofx&quot;" class="OfxParserTest\ParserTest" classname="OfxParserTest.ParserTest" file="C:\Users\prote\Documents\software-devel\ksf_ofxparser\tests\OfxParser\ParserTest.php" line="140" assertions="1" time="0.002878"/>
          <testcase name="testLoadFromFileWhenFileDoesExist with data set &quot;ofxdata-bb-two-stmtrs.ofx&quot;" class="OfxParserTest\ParserTest" classname="OfxParserTest.ParserTest" file="C:\Users\prote\Documents\software-devel\ksf_ofxparser\tests\OfxParser\ParserTest.php" line="140" assertions="1" time="0.001987"/>
          <testcase name="testLoadFromFileWhenFileDoesExist with data set &quot;ofxdata-credit-card.ofx&quot;" class="OfxParserTest\ParserTest" classname="OfxParserTest.ParserTest" file="C:\Users\prote\Documents\software-devel\ksf_ofxparser\tests\OfxParser\ParserTest.php" line="140" assertions="1" time="0.001859"/>
          <testcase name="testLoadFromFileWhenFileDoesExist with data set &quot;ofxdata-bpbfc.ofx&quot;" class="OfxParserTest\ParserTest" classname="OfxParserTest.ParserTest" file="C:\Users\prote\Documents\software-devel\ksf_ofxparser\tests\OfxParser\ParserTest.php" line="140" assertions="1" time="0.001959"/>
          <testcase name="testLoadFromFileWhenFileDoesExist with data set &quot;ofxdata-memoWithQuotes.ofx&quot;" class="OfxParserTest\ParserTest" classname="OfxParserTest.ParserTest" file="C:\Users\prote\Documents\software-devel\ksf_ofxparser\tests\OfxParser\ParserTest.php" line="140" assertions="1" time="0.001913"/>
        </testsuite>
        <testsuite name="OfxParserTest\ParserTest::testLoadFromString" tests="8" assertions="16" errors="0" warnings="0" failures="0" skipped="0" time="3.181229">
          <testcase name="testLoadFromString with data set &quot;ofxdata.ofx&quot;" class="OfxParserTest\ParserTest" classname="OfxParserTest.ParserTest" file="C:\Users\prote\Documents\software-devel\ksf_ofxparser\tests\OfxParser\ParserTest.php" line="176" assertions="2" time="0.210872"/>
          <testcase name="testLoadFromString with data set &quot;ofxdata-oneline.ofx&quot;" class="OfxParserTest\ParserTest" classname="OfxParserTest.ParserTest" file="C:\Users\prote\Documents\software-devel\ksf_ofxparser\tests\OfxParser\ParserTest.php" line="176" assertions="2" time="0.207081"/>
          <testcase name="testLoadFromString with data set &quot;ofxdata-cmfr.ofx&quot;" class="OfxParserTest\ParserTest" classname="OfxParserTest.ParserTest" file="C:\Users\prote\Documents\software-devel\ksf_ofxparser\tests\OfxParser\ParserTest.php" line="176" assertions="2" time="1.021286"/>
          <testcase name="testLoadFromString with data set &quot;ofxdata-bb.ofx&quot;" class="OfxParserTest\ParserTest" classname="OfxParserTest.ParserTest" file="C:\Users\prote\Documents\software-devel\ksf_ofxparser\tests\OfxParser\ParserTest.php" line="176" assertions="2" time="0.119700"/>
          <testcase name="testLoadFromString with data set &quot;ofxdata-bb-two-stmtrs.ofx&quot;" class="OfxParserTest\ParserTest" classname="OfxParserTest.ParserTest" file="C:\Users\prote\Documents\software-devel\ksf_ofxparser\tests\OfxParser\ParserTest.php" line="176" assertions="2" time="0.895814"/>
          <testcase name="testLoadFromString with data set &quot;ofxdata-credit-card.ofx&quot;" class="OfxParserTest\ParserTest" classname="OfxParserTest.ParserTest" file="C:\Users\prote\Documents\software-devel\ksf_ofxparser\tests\OfxParser\ParserTest.php" line="176" assertions="2" time="0.140497"/>
          <testcase name="testLoadFromString with data set &quot;ofxdata-bpbfc.ofx&quot;" class="OfxParserTest\ParserTest" classname="OfxParserTest.ParserTest" file="C:\Users\prote\Documents\software-devel\ksf_ofxparser\tests\OfxParser\ParserTest.php" line="176" assertions="2" time="0.226471"/>
          <testcase name="testLoadFromString with data set &quot;ofxdata-memoWithQuotes.ofx&quot;" class="OfxParserTest\ParserTest" classname="OfxParserTest.ParserTest" file="C:\Users\prote\Documents\software-devel\ksf_ofxparser\tests\OfxParser\ParserTest.php" line="176" assertions="2" time="0.359508"/>
        </testsuite>
        <testcase name="testLoadFromStringWithEmptyContent" class="OfxParserTest\ParserTest" classname="OfxParserTest.ParserTest" file="C:\Users\prote\Documents\software-devel\ksf_ofxparser\tests\OfxParser\ParserTest.php" line="191" assertions="2" time="0.001137"/>
        <testcase name="testLoadFromStringWithNoOFXTag" class="OfxParserTest\ParserTest" classname="OfxParserTest.ParserTest" file="C:\Users\prote\Documents\software-devel\ksf_ofxparser\tests\OfxParser\ParserTest.php" line="200" assertions="2" time="0.000962"/>
        <testcase name="testLoadFromStringWithInvalidOfxSchema" class="OfxParserTest\ParserTest" classname="OfxParserTest.ParserTest" file="C:\Users\prote\Documents\software-devel\ksf_ofxparser\tests\OfxParser\ParserTest.php" line="209" assertions="2" time="0.004823"/>
        <testcase name="testParseHeaderWithXmlStyle" class="OfxParserTest\ParserTest" classname="OfxParserTest.ParserTest" file="C:\Users\prote\Documents\software-devel\ksf_ofxparser\tests\OfxParser\ParserTest.php" line="220" assertions="2" time="0.001253"/>
        <testcase name="testParseHeaderWithSGMLStyleColonSeparated" class="OfxParserTest\ParserTest" classname="OfxParserTest.ParserTest" file="C:\Users\prote\Documents\software-devel\ksf_ofxparser\tests\OfxParser\ParserTest.php" line="233" assertions="5" time="0.001530"/>
        <testcase name="testParseHeaderWithSGMLStyleEqualsSeparated" class="OfxParserTest\ParserTest" classname="OfxParserTest.ParserTest" file="C:\Users\prote\Documents\software-devel\ksf_ofxparser\tests\OfxParser\ParserTest.php" line="249" assertions="4" time="0.001250"/>
        <testcase name="testParseHeaderWithMalformedData" class="OfxParserTest\ParserTest" classname="OfxParserTest.ParserTest" file="C:\Users\prote\Documents\software-devel\ksf_ofxparser\tests\OfxParser\ParserTest.php" line="264" assertions="4" time="0.001567"/>
        <testcase name="testConvertSgmlToXmlHandlesMultipleLines" class="OfxParserTest\ParserTest" classname="OfxParserTest.ParserTest" file="C:\Users\prote\Documents\software-devel\ksf_ofxparser\tests\OfxParser\ParserTest.php" line="279" assertions="2" time="0.001372"/>
        <testcase name="testConvertSgmlToXmlHandlesNestedUnclosedTags" class="OfxParserTest\ParserTest" classname="OfxParserTest.ParserTest" file="C:\Users\prote\Documents\software-devel\ksf_ofxparser\tests\OfxParser\ParserTest.php" line="292" assertions="1" time="0.001363"/>
        <testcase name="testLoadFromFilePreservesHeader" class="OfxParserTest\ParserTest" classname="OfxParserTest.ParserTest" file="C:\Users\prote\Documents\software-devel\ksf_ofxparser\tests\OfxParser\ParserTest.php" line="304" assertions="3" time="0.212423"/>
        <testcase name="testLoadFromFileHandlesMultipleBankAccounts" class="OfxParserTest\ParserTest" classname="OfxParserTest.ParserTest" file="C:\Users\prote\Documents\software-devel\ksf_ofxparser\tests\OfxParser\ParserTest.php" line="314" assertions="3" time="0.913269"/>
        <testcase name="testCreateOfxCallsCorrectParser" class="OfxParserTest\ParserTest" classname="OfxParserTest.ParserTest" file="C:\Users\prote\Documents\software-devel\ksf_ofxparser\tests\OfxParser\ParserTest.php" line="323" assertions="1" time="0.001356"/>
      </testsuite>
      <testsuite name="OfxParserTest\ParserUtilityTest" file="C:\Users\prote\Documents\software-devel\ksf_ofxparser\tests\OfxParser\ParserUtilityTest.php" tests="11" assertions="0" errors="11" warnings="0" failures="0" skipped="0" time="0.018928">
        <testcase name="testParseHeader" class="OfxParserTest\ParserUtilityTest" classname="OfxParserTest.ParserUtilityTest" file="C:\Users\prote\Documents\software-devel\ksf_ofxparser\tests\OfxParser\ParserUtilityTest.php" line="22" assertions="0" time="0.001113">
          <error type="Error">OfxParserTest\ParserUtilityTest::testParseHeader
Error: Class "OfxParserTest\Parser" not found

C:\Users\prote\Documents\software-devel\ksf_ofxparser\tests\OfxParser\ParserUtilityTest.php:36</error>
        </testcase>
        <testcase name="testParseHeaderWithWindowsLineEndings" class="OfxParserTest\ParserUtilityTest" classname="OfxParserTest.ParserUtilityTest" file="C:\Users\prote\Documents\software-devel\ksf_ofxparser\tests\OfxParser\ParserUtilityTest.php" line="55" assertions="0" time="0.001194">
          <error type="Error">OfxParserTest\ParserUtilityTest::testParseHeaderWithWindowsLineEndings
Error: Class "OfxParserTest\Parser" not found

C:\Users\prote\Documents\software-devel\ksf_ofxparser\tests\OfxParser\ParserUtilityTest.php:59</error>
        </testcase>
        <testcase name="testDefensiveParsingConfiguration" class="OfxParserTest\ParserUtilityTest" classname="OfxParserTest.ParserUtilityTest" file="C:\Users\prote\Documents\software-devel\ksf_ofxparser\tests\OfxParser\ParserUtilityTest.php" line="74" assertions="0" time="0.001586">
          <error type="Error">OfxParserTest\ParserUtilityTest::testDefensiveParsingConfiguration
Error: Class "OfxParserTest\Parser" not found

C:\Users\prote\Documents\software-devel\ksf_ofxparser\tests\OfxParser\ParserUtilityTest.php:76</error>
        </testcase>
        <testcase name="testDefensiveParsingWithCustomConfig" class="OfxParserTest\ParserUtilityTest" classname="OfxParserTest.ParserUtilityTest" file="C:\Users\prote\Documents\software-devel\ksf_ofxparser\tests\OfxParser\ParserUtilityTest.php" line="94" assertions="0" time="0.001027">
          <error type="Error">OfxParserTest\ParserUtilityTest::testDefensiveParsingWithCustomConfig
Error: Cannot access private property OfxParser\Config\DefensiveParsingConfig::$continueOnError

C:\Users\prote\Documents\software-devel\ksf_ofxparser\tests\OfxParser\ParserUtilityTest.php:97</error>
        </testcase>
        <testcase name="testParsingPathTracking" class="OfxParserTest\ParserUtilityTest" classname="OfxParserTest.ParserUtilityTest" file="C:\Users\prote\Documents\software-devel\ksf_ofxparser\tests\OfxParser\ParserUtilityTest.php" line="108" assertions="0" time="0.001208">
          <error type="Error">OfxParserTest\ParserUtilityTest::testParsingPathTracking
Error: Class "OfxParserTest\Parser" not found

C:\Users\prote\Documents\software-devel\ksf_ofxparser\tests\OfxParser\ParserUtilityTest.php:110</error>
        </testcase>
        <testcase name="testSgmlPathDetection" class="OfxParserTest\ParserUtilityTest" classname="OfxParserTest.ParserUtilityTest" file="C:\Users\prote\Documents\software-devel\ksf_ofxparser\tests\OfxParser\ParserUtilityTest.php" line="172" assertions="0" time="0.005420">
          <error type="Error">OfxParserTest\ParserUtilityTest::testSgmlPathDetection
Error: Class "OfxParserTest\Parser" not found

C:\Users\prote\Documents\software-devel\ksf_ofxparser\tests\OfxParser\ParserUtilityTest.php:228</error>
        </testcase>
        <testcase name="testGetParsingPathInfo" class="OfxParserTest\ParserUtilityTest" classname="OfxParserTest.ParserUtilityTest" file="C:\Users\prote\Documents\software-devel\ksf_ofxparser\tests\OfxParser\ParserUtilityTest.php" line="238" assertions="0" time="0.001023">
          <error type="Error">OfxParserTest\ParserUtilityTest::testGetParsingPathInfo
Error: Class "OfxParserTest\Parser" not found

C:\Users\prote\Documents\software-devel\ksf_ofxparser\tests\OfxParser\ParserUtilityTest.php:240</error>
        </testcase>
        <testcase name="testOfxWithHeaderOnly" class="OfxParserTest\ParserUtilityTest" classname="OfxParserTest.ParserUtilityTest" file="C:\Users\prote\Documents\software-devel\ksf_ofxparser\tests\OfxParser\ParserUtilityTest.php" line="282" assertions="0" time="0.001141">
          <error type="Error">OfxParserTest\ParserUtilityTest::testOfxWithHeaderOnly
Error: Class "OfxParserTest\Parser" not found

C:\Users\prote\Documents\software-devel\ksf_ofxparser\tests\OfxParser\ParserUtilityTest.php:297</error>
        </testcase>
        <testcase name="testOfxWithIncompleteHeader" class="OfxParserTest\ParserUtilityTest" classname="OfxParserTest.ParserUtilityTest" file="C:\Users\prote\Documents\software-devel\ksf_ofxparser\tests\OfxParser\ParserUtilityTest.php" line="312" assertions="0" time="0.002437">
          <error type="Error">OfxParserTest\ParserUtilityTest::testOfxWithIncompleteHeader
Error: Class "OfxParserTest\Parser" not found

C:\Users\prote\Documents\software-devel\ksf_ofxparser\tests\OfxParser\ParserUtilityTest.php:331</error>
        </testcase>
        <testcase name="testCustomLoadersConfiguration" class="OfxParserTest\ParserUtilityTest" classname="OfxParserTest.ParserUtilityTest" file="C:\Users\prote\Documents\software-devel\ksf_ofxparser\tests\OfxParser\ParserUtilityTest.php" line="341" assertions="0" time="0.001159">
          <error type="Error">OfxParserTest\ParserUtilityTest::testCustomLoadersConfiguration
Error: Class "OfxParserTest\Parser" not found

C:\Users\prote\Documents\software-devel\ksf_ofxparser\tests\OfxParser\ParserUtilityTest.php:349</error>
        </testcase>
        <testcase name="testHeaderAccessAfterParsing" class="OfxParserTest\ParserUtilityTest" classname="OfxParserTest.ParserUtilityTest" file="C:\Users\prote\Documents\software-devel\ksf_ofxparser\tests\OfxParser\ParserUtilityTest.php" line="356" assertions="0" time="0.001620">
          <error type="Error">OfxParserTest\ParserUtilityTest::testHeaderAccessAfterParsing
Error: Class "OfxParserTest\Parser" not found

C:\Users\prote\Documents\software-devel\ksf_ofxparser\tests\OfxParser\ParserUtilityTest.php:387</error>
        </testcase>
      </testsuite>
      <testsuite name="OfxParserTest\Parsers\CurrencyTest" file="C:\Users\prote\Documents\software-devel\ksf_ofxparser\tests\OfxParser\Parsers\CurrencyTest.php" tests="4" assertions="21" errors="0" warnings="4" failures="0" skipped="0" time="1.041798">
        <testcase name="testSgmlTransactionWithCurrency" class="OfxParserTest\Parsers\CurrencyTest" classname="OfxParserTest.Parsers.CurrencyTest" file="C:\Users\prote\Documents\software-devel\ksf_ofxparser\tests\OfxParser\Parsers\CurrencyTest.php" line="33" assertions="13" time="0.213822">
          <warning type="PHPUnit\Framework\Warning">OfxParserTest\Parsers\CurrencyTest::testSgmlTransactionWithCurrency
"@covers OfxParser\Ofx::buildTransaction" is invalid</warning>
        </testcase>
        <testcase name="testSgmlTransactionWithoutCurrency" class="OfxParserTest\Parsers\CurrencyTest" classname="OfxParserTest.Parsers.CurrencyTest" file="C:\Users\prote\Documents\software-devel\ksf_ofxparser\tests\OfxParser\Parsers\CurrencyTest.php" line="70" assertions="4" time="0.212894">
          <warning type="PHPUnit\Framework\Warning">OfxParserTest\Parsers\CurrencyTest::testSgmlTransactionWithoutCurrency
"@covers OfxParser\Ofx::buildTransaction" is invalid</warning>
        </testcase>
        <testcase name="testCurrencyCalculation" class="OfxParserTest\Parsers\CurrencyTest" classname="OfxParserTest.Parsers.CurrencyTest" file="C:\Users\prote\Documents\software-devel\ksf_ofxparser\tests\OfxParser\Parsers\CurrencyTest.php" line="95" assertions="1" time="0.212291">
          <warning type="PHPUnit\Framework\Warning">OfxParserTest\Parsers\CurrencyTest::testCurrencyCalculation
"@covers OfxParser\Ofx::buildTransaction" is invalid</warning>
        </testcase>
        <testcase name="testStatementCurrency" class="OfxParserTest\Parsers\CurrencyTest" classname="OfxParserTest.Parsers.CurrencyTest" file="C:\Users\prote\Documents\software-devel\ksf_ofxparser\tests\OfxParser\Parsers\CurrencyTest.php" line="119" assertions="3" time="0.402793">
          <warning type="PHPUnit\Framework\Warning">OfxParserTest\Parsers\CurrencyTest::testStatementCurrency
"@covers OfxParser\Ofx::buildTransaction" is invalid</warning>
        </testcase>
      </testsuite>
      <testsuite name="OfxParserTest\Parsers\InterXferTest" file="C:\Users\prote\Documents\software-devel\ksf_ofxparser\tests\OfxParser\Parsers\InterXferTest.php" tests="5" assertions="42" errors="0" warnings="0" failures="0" skipped="0" time="0.783112">
        <testcase name="testParseBasicInterXferInformation" class="OfxParserTest\Parsers\InterXferTest" classname="OfxParserTest.Parsers.InterXferTest" file="C:\Users\prote\Documents\software-devel\ksf_ofxparser\tests\OfxParser\Parsers\InterXferTest.php" line="25" assertions="13" time="0.199206"/>
        <testcase name="testParseInterXferWithProcessingDates" class="OfxParserTest\Parsers\InterXferTest" classname="OfxParserTest.Parsers.InterXferTest" file="C:\Users\prote\Documents\software-devel\ksf_ofxparser\tests\OfxParser\Parsers\InterXferTest.php" line="113" assertions="9" time="0.190638"/>
        <testcase name="testParseMultipleInterXfers" class="OfxParserTest\Parsers\InterXferTest" classname="OfxParserTest.Parsers.InterXferTest" file="C:\Users\prote\Documents\software-devel\ksf_ofxparser\tests\OfxParser\Parsers\InterXferTest.php" line="198" assertions="11" time="0.312104"/>
        <testcase name="testParseXmlFormatInterXfer" class="OfxParserTest\Parsers\InterXferTest" classname="OfxParserTest.Parsers.InterXferTest" file="C:\Users\prote\Documents\software-devel\ksf_ofxparser\tests\OfxParser\Parsers\InterXferTest.php" line="311" assertions="7" time="0.003457"/>
        <testcase name="testOfxWithoutInterXfersReturnsEmptyArray" class="OfxParserTest\Parsers\InterXferTest" classname="OfxParserTest.Parsers.InterXferTest" file="C:\Users\prote\Documents\software-devel\ksf_ofxparser\tests\OfxParser\Parsers\InterXferTest.php" line="378" assertions="2" time="0.077706"/>
      </testsuite>
      <testsuite name="OfxParserTest\Parsers\InvestmentTest" file="C:\Users\prote\Documents\software-devel\ksf_ofxparser\tests\OfxParser\Parsers\InvestmentTest.php" tests="4" assertions="75" errors="0" warnings="0" failures="0" skipped="0" time="0.421226">
        <testcase name="testParseInvestmentsXML" class="OfxParserTest\Parsers\InvestmentTest" classname="OfxParserTest.Parsers.InvestmentTest" file="C:\Users\prote\Documents\software-devel\ksf_ofxparser\tests\OfxParser\Parsers\InvestmentTest.php" line="13" assertions="51" time="0.016343"/>
        <testcase name="testParseInvestmentsXMLOneLine" class="OfxParserTest\Parsers\InvestmentTest" classname="OfxParserTest.Parsers.InvestmentTest" file="C:\Users\prote\Documents\software-devel\ksf_ofxparser\tests\OfxParser\Parsers\InvestmentTest.php" line="99" assertions="12" time="0.028030"/>
        <testcase name="testParseInvestmentsXMLMultipleAccounts" class="OfxParserTest\Parsers\InvestmentTest" classname="OfxParserTest.Parsers.InvestmentTest" file="C:\Users\prote\Documents\software-devel\ksf_ofxparser\tests\OfxParser\Parsers\InvestmentTest.php" line="131" assertions="1" time="0.003208"/>
        <testcase name="testGoogleFinanceInvestments" class="OfxParserTest\Parsers\InvestmentTest" classname="OfxParserTest.Parsers.InvestmentTest" file="C:\Users\prote\Documents\software-devel\ksf_ofxparser\tests\OfxParser\Parsers\InvestmentTest.php" line="181" assertions="11" time="0.373645"/>
      </testsuite>
      <testsuite name="OfxParserTest\Parsers\LoanAccountTest" file="C:\Users\prote\Documents\software-devel\ksf_ofxparser\tests\OfxParser\Parsers\LoanAccountTest.php" tests="8" assertions="50" errors="0" warnings="0" failures="0" skipped="0" time="0.705111">
        <testcase name="testParseLoanAccountBasicInformation" class="OfxParserTest\Parsers\LoanAccountTest" classname="OfxParserTest.Parsers.LoanAccountTest" file="C:\Users\prote\Documents\software-devel\ksf_ofxparser\tests\OfxParser\Parsers\LoanAccountTest.php" line="19" assertions="8" time="0.088449"/>
        <testcase name="testParseCarLoanWithPaymentInfo" class="OfxParserTest\Parsers\LoanAccountTest" classname="OfxParserTest.Parsers.LoanAccountTest" file="C:\Users\prote\Documents\software-devel\ksf_ofxparser\tests\OfxParser\Parsers\LoanAccountTest.php" line="95" assertions="9" time="0.105249"/>
        <testcase name="testParseLineOfCredit" class="OfxParserTest\Parsers\LoanAccountTest" classname="OfxParserTest.Parsers.LoanAccountTest" file="C:\Users\prote\Documents\software-devel\ksf_ofxparser\tests\OfxParser\Parsers\LoanAccountTest.php" line="180" assertions="6" time="0.100543"/>
        <testcase name="testParseLoanWithTermInformation" class="OfxParserTest\Parsers\LoanAccountTest" classname="OfxParserTest.Parsers.LoanAccountTest" file="C:\Users\prote\Documents\software-devel\ksf_ofxparser\tests\OfxParser\Parsers\LoanAccountTest.php" line="261" assertions="6" time="0.108211"/>
        <testcase name="testParseLoanWithTransactionHistory" class="OfxParserTest\Parsers\LoanAccountTest" classname="OfxParserTest.Parsers.LoanAccountTest" file="C:\Users\prote\Documents\software-devel\ksf_ofxparser\tests\OfxParser\Parsers\LoanAccountTest.php" line="342" assertions="9" time="0.107217"/>
        <testcase name="testParseMultipleLoanAccounts" class="OfxParserTest\Parsers\LoanAccountTest" classname="OfxParserTest.Parsers.LoanAccountTest" file="C:\Users\prote\Documents\software-devel\ksf_ofxparser\tests\OfxParser\Parsers\LoanAccountTest.php" line="433" assertions="5" time="0.129499"/>
        <testcase name="testParseXmlFormatLoanAccount" class="OfxParserTest\Parsers\LoanAccountTest" classname="OfxParserTest.Parsers.LoanAccountTest" file="C:\Users\prote\Documents\software-devel\ksf_ofxparser\tests\OfxParser\Parsers\LoanAccountTest.php" line="531" assertions="6" time="0.004819"/>
        <testcase name="testOfxWithoutLoanAccounts" class="OfxParserTest\Parsers\LoanAccountTest" classname="OfxParserTest.Parsers.LoanAccountTest" file="C:\Users\prote\Documents\software-devel\ksf_ofxparser\tests\OfxParser\Parsers\LoanAccountTest.php" line="595" assertions="1" time="0.061123"/>
      </testsuite>
      <testsuite name="OfxParserTest\Parsers\ProfileTest" file="C:\Users\prote\Documents\software-devel\ksf_ofxparser\tests\OfxParser\Parsers\ProfileTest.php" tests="5" assertions="38" errors="0" warnings="0" failures="0" skipped="0" time="0.487924">
        <testcase name="testParseBasicProfileInformation" class="OfxParserTest\Parsers\ProfileTest" classname="OfxParserTest.Parsers.ProfileTest" file="C:\Users\prote\Documents\software-devel\ksf_ofxparser\tests\OfxParser\Parsers\ProfileTest.php" line="32" assertions="12" time="0.161911"/>
        <testcase name="testParseSupportedMessageSets" class="OfxParserTest\Parsers\ProfileTest" classname="OfxParserTest.Parsers.ProfileTest" file="C:\Users\prote\Documents\software-devel\ksf_ofxparser\tests\OfxParser\Parsers\ProfileTest.php" line="142" assertions="11" time="0.168845"/>
        <testcase name="testParseSignonRequirements" class="OfxParserTest\Parsers\ProfileTest" classname="OfxParserTest.Parsers.ProfileTest" file="C:\Users\prote\Documents\software-devel\ksf_ofxparser\tests\OfxParser\Parsers\ProfileTest.php" line="270" assertions="9" time="0.099113"/>
        <testcase name="testParseXmlFormatProfile" class="OfxParserTest\Parsers\ProfileTest" classname="OfxParserTest.Parsers.ProfileTest" file="C:\Users\prote\Documents\software-devel\ksf_ofxparser\tests\OfxParser\Parsers\ProfileTest.php" line="344" assertions="5" time="0.003006"/>
        <testcase name="testOfxWithoutProfileReturnsNull" class="OfxParserTest\Parsers\ProfileTest" classname="OfxParserTest.Parsers.ProfileTest" file="C:\Users\prote\Documents\software-devel\ksf_ofxparser\tests\OfxParser\Parsers\ProfileTest.php" line="425" assertions="1" time="0.055049"/>
      </testsuite>
      <testsuite name="OfxParserTest\Parsers\SecurityListTest" file="C:\Users\prote\Documents\software-devel\ksf_ofxparser\tests\OfxParser\Parsers\SecurityListTest.php" tests="9" assertions="55" errors="0" warnings="0" failures="0" skipped="0" time="0.502115">
        <testcase name="testParseStockSecurityBasicFields" class="OfxParserTest\Parsers\SecurityListTest" classname="OfxParserTest.Parsers.SecurityListTest" file="C:\Users\prote\Documents\software-devel\ksf_ofxparser\tests\OfxParser\Parsers\SecurityListTest.php" line="20" assertions="10" time="0.051848"/>
        <testcase name="testParseBondSecurityWithCouponAndMaturity" class="OfxParserTest\Parsers\SecurityListTest" classname="OfxParserTest.Parsers.SecurityListTest" file="C:\Users\prote\Documents\software-devel\ksf_ofxparser\tests\OfxParser\Parsers\SecurityListTest.php" line="82" assertions="12" time="0.059066"/>
        <testcase name="testParseMutualFundSecurity" class="OfxParserTest\Parsers\SecurityListTest" classname="OfxParserTest.Parsers.SecurityListTest" file="C:\Users\prote\Documents\software-devel\ksf_ofxparser\tests\OfxParser\Parsers\SecurityListTest.php" line="150" assertions="8" time="0.054906"/>
        <testcase name="testParseMultipleSecurities" class="OfxParserTest\Parsers\SecurityListTest" classname="OfxParserTest.Parsers.SecurityListTest" file="C:\Users\prote\Documents\software-devel\ksf_ofxparser\tests\OfxParser\Parsers\SecurityListTest.php" line="211" assertions="5" time="0.092120"/>
        <testcase name="testFindSecurityById" class="OfxParserTest\Parsers\SecurityListTest" classname="OfxParserTest.Parsers.SecurityListTest" file="C:\Users\prote\Documents\software-devel\ksf_ofxparser\tests\OfxParser\Parsers\SecurityListTest.php" line="287" assertions="6" time="0.075442"/>
        <testcase name="testSecurityWithPriceInformation" class="OfxParserTest\Parsers\SecurityListTest" classname="OfxParserTest.Parsers.SecurityListTest" file="C:\Users\prote\Documents\software-devel\ksf_ofxparser\tests\OfxParser\Parsers\SecurityListTest.php" line="357" assertions="4" time="0.057100"/>
        <testcase name="testParseOtherSecurityType" class="OfxParserTest\Parsers\SecurityListTest" classname="OfxParserTest.Parsers.SecurityListTest" file="C:\Users\prote\Documents\software-devel\ksf_ofxparser\tests\OfxParser\Parsers\SecurityListTest.php" line="414" assertions="3" time="0.050806"/>
        <testcase name="testParseXmlFormatSecurityList" class="OfxParserTest\Parsers\SecurityListTest" classname="OfxParserTest.Parsers.SecurityListTest" file="C:\Users\prote\Documents\software-devel\ksf_ofxparser\tests\OfxParser\Parsers\SecurityListTest.php" line="467" assertions="6" time="0.001914"/>
        <testcase name="testOfxWithoutSecurityListReturnsNull" class="OfxParserTest\Parsers\SecurityListTest" classname="OfxParserTest.Parsers.SecurityListTest" file="C:\Users\prote\Documents\software-devel\ksf_ofxparser\tests\OfxParser\Parsers\SecurityListTest.php" line="515" assertions="1" time="0.058915"/>
      </testsuite>
      <testsuite name="OfxParserTest\Parsers\SgmlPayeeTest" file="C:\Users\prote\Documents\software-devel\ksf_ofxparser\tests\OfxParser\Parsers\SgmlPayeeTest.php" tests="4" assertions="36" errors="0" warnings="0" failures="0" skipped="0" time="1.216111">
        <testcase name="testSgmlTransactionWithCompletePayee" class="OfxParserTest\Parsers\SgmlPayeeTest" classname="OfxParserTest.Parsers.SgmlPayeeTest" file="C:\Users\prote\Documents\software-devel\ksf_ofxparser\tests\OfxParser\Parsers\SgmlPayeeTest.php" line="31" assertions="16" time="0.297744"/>
        <testcase name="testSgmlTransactionWithPartialPayee" class="OfxParserTest\Parsers\SgmlPayeeTest" classname="OfxParserTest.Parsers.SgmlPayeeTest" file="C:\Users\prote\Documents\software-devel\ksf_ofxparser\tests\OfxParser\Parsers\SgmlPayeeTest.php" line="69" assertions="9" time="0.300132"/>
        <testcase name="testSgmlTransactionWithoutPayee" class="OfxParserTest\Parsers\SgmlPayeeTest" classname="OfxParserTest.Parsers.SgmlPayeeTest" file="C:\Users\prote\Documents\software-devel\ksf_ofxparser\tests\OfxParser\Parsers\SgmlPayeeTest.php" line="99" assertions="3" time="0.308080"/>
        <testcase name="testSgmlPayeeMatchesXmlBehavior" class="OfxParserTest\Parsers\SgmlPayeeTest" classname="OfxParserTest.Parsers.SgmlPayeeTest" file="C:\Users\prote\Documents\software-devel\ksf_ofxparser\tests\OfxParser\Parsers\SgmlPayeeTest.php" line="120" assertions="8" time="0.310155"/>
      </testsuite>
      <testsuite name="OfxParserTest\RealWorldBankFilesTest" file="C:\Users\prote\Documents\software-devel\ksf_ofxparser\tests\OfxParser\RealWorldBankFilesTest.php" tests="17" assertions="150" errors="0" warnings="0" failures="0" skipped="0" time="11.722912">
        <testcase name="testCibcHisaWithBankIdVerification" class="OfxParserTest\RealWorldBankFilesTest" classname="OfxParserTest.RealWorldBankFilesTest" file="C:\Users\prote\Documents\software-devel\ksf_ofxparser\tests\OfxParser\RealWorldBankFilesTest.php" line="81" assertions="5" time="0.199522"/>
        <testcase name="testCibcVisaCreditCard" class="OfxParserTest\RealWorldBankFilesTest" classname="OfxParserTest.RealWorldBankFilesTest" file="C:\Users\prote\Documents\software-devel\ksf_ofxparser\tests\OfxParser\RealWorldBankFilesTest.php" line="93" assertions="11" time="0.197258"/>
        <testcase name="testManulifeCheckingAccount" class="OfxParserTest\RealWorldBankFilesTest" classname="OfxParserTest.RealWorldBankFilesTest" file="C:\Users\prote\Documents\software-devel\ksf_ofxparser\tests\OfxParser\RealWorldBankFilesTest.php" line="100" assertions="4" time="0.495609"/>
        <testcase name="testRbcSavingsAccount" class="OfxParserTest\RealWorldBankFilesTest" classname="OfxParserTest.RealWorldBankFilesTest" file="C:\Users\prote\Documents\software-devel\ksf_ofxparser\tests\OfxParser\RealWorldBankFilesTest.php" line="110" assertions="4" time="0.099620"/>
        <testcase name="testSimpliiSavingsAccount" class="OfxParserTest\RealWorldBankFilesTest" classname="OfxParserTest.RealWorldBankFilesTest" file="C:\Users\prote\Documents\software-devel\ksf_ofxparser\tests\OfxParser\RealWorldBankFilesTest.php" line="120" assertions="4" time="0.126590"/>
        <testcase name="testFakeHisaWithBalanceVerification" class="OfxParserTest\RealWorldBankFilesTest" classname="OfxParserTest.RealWorldBankFilesTest" file="C:\Users\prote\Documents\software-devel\ksf_ofxparser\tests\OfxParser\RealWorldBankFilesTest.php" line="130" assertions="6" time="0.219366"/>
        <testcase name="testFakeCreditCard" class="OfxParserTest\RealWorldBankFilesTest" classname="OfxParserTest.RealWorldBankFilesTest" file="C:\Users\prote\Documents\software-devel\ksf_ofxparser\tests\OfxParser\RealWorldBankFilesTest.php" line="143" assertions="11" time="0.193534"/>
        <testcase name="testFakeCheckingAccount" class="OfxParserTest\RealWorldBankFilesTest" classname="OfxParserTest.RealWorldBankFilesTest" file="C:\Users\prote\Documents\software-devel\ksf_ofxparser\tests\OfxParser\RealWorldBankFilesTest.php" line="150" assertions="4" time="0.176818"/>
        <testcase name="testAtbCreditCard" class="OfxParserTest\RealWorldBankFilesTest" classname="OfxParserTest.RealWorldBankFilesTest" file="C:\Users\prote\Documents\software-devel\ksf_ofxparser\tests\OfxParser\RealWorldBankFilesTest.php" line="162" assertions="18" time="0.336849"/>
        <testcase name="testCapitalOneCreditCard" class="OfxParserTest\RealWorldBankFilesTest" classname="OfxParserTest.RealWorldBankFilesTest" file="C:\Users\prote\Documents\software-devel\ksf_ofxparser\tests\OfxParser\RealWorldBankFilesTest.php" line="177" assertions="18" time="0.409012"/>
        <testcase name="testPrescoMasterCard" class="OfxParserTest\RealWorldBankFilesTest" classname="OfxParserTest.RealWorldBankFilesTest" file="C:\Users\prote\Documents\software-devel\ksf_ofxparser\tests\OfxParser\RealWorldBankFilesTest.php" line="190" assertions="1" time="0.001597"/>
        <testcase name="testRbcVisaInternational" class="OfxParserTest\RealWorldBankFilesTest" classname="OfxParserTest.RealWorldBankFilesTest" file="C:\Users\prote\Documents\software-devel\ksf_ofxparser\tests\OfxParser\RealWorldBankFilesTest.php" line="203" assertions="1" time="0.001807"/>
        <testcase name="testFakeCreditCardOne" class="OfxParserTest\RealWorldBankFilesTest" classname="OfxParserTest.RealWorldBankFilesTest" file="C:\Users\prote\Documents\software-devel\ksf_ofxparser\tests\OfxParser\RealWorldBankFilesTest.php" line="216" assertions="20" time="0.405766"/>
        <testcase name="testFakeCreditCardTwo" class="OfxParserTest\RealWorldBankFilesTest" classname="OfxParserTest.RealWorldBankFilesTest" file="C:\Users\prote\Documents\software-devel\ksf_ofxparser\tests\OfxParser\RealWorldBankFilesTest.php" line="226" assertions="18" time="0.390878"/>
        <testcase name="testFakeMasterCard" class="OfxParserTest\RealWorldBankFilesTest" classname="OfxParserTest.RealWorldBankFilesTest" file="C:\Users\prote\Documents\software-devel\ksf_ofxparser\tests\OfxParser\RealWorldBankFilesTest.php" line="234" assertions="10" time="0.303127"/>
        <testcase name="testFakeVisaInternational" class="OfxParserTest\RealWorldBankFilesTest" classname="OfxParserTest.RealWorldBankFilesTest" file="C:\Users\prote\Documents\software-devel\ksf_ofxparser\tests\OfxParser\RealWorldBankFilesTest.php" line="247" assertions="12" time="0.273370"/>
        <testcase name="testAllFixturesCanBeParsed" class="OfxParserTest\RealWorldBankFilesTest" classname="OfxParserTest.RealWorldBankFilesTest" file="C:\Users\prote\Documents\software-devel\ksf_ofxparser\tests\OfxParser\RealWorldBankFilesTest.php" line="273" assertions="3" time="7.892187"/>
      </testsuite>
      <testsuite name="OfxParserTest\Sgml\ElementFactoryTest" file="C:\Users\prote\Documents\software-devel\ksf_ofxparser\tests\OfxParser\Sgml\ElementFactoryTest.php" tests="23" assertions="79" errors="0" warnings="0" failures="0" skipped="0" time="0.114054">
        <testcase name="testCreateElementWithKnownValueElement" class="OfxParserTest\Sgml\ElementFactoryTest" classname="OfxParserTest.Sgml.ElementFactoryTest" file="C:\Users\prote\Documents\software-devel\ksf_ofxparser\tests\OfxParser\Sgml\ElementFactoryTest.php" line="27" assertions="2" time="0.001085"/>
        <testcase name="testCreateElementWithKnownContainerElement" class="OfxParserTest\Sgml\ElementFactoryTest" classname="OfxParserTest.Sgml.ElementFactoryTest" file="C:\Users\prote\Documents\software-devel\ksf_ofxparser\tests\OfxParser\Sgml\ElementFactoryTest.php" line="38" assertions="2" time="0.004601"/>
        <testcase name="testCreateElementWithUnknownElement" class="OfxParserTest\Sgml\ElementFactoryTest" classname="OfxParserTest.Sgml.ElementFactoryTest" file="C:\Users\prote\Documents\software-devel\ksf_ofxparser\tests\OfxParser\Sgml\ElementFactoryTest.php" line="49" assertions="2" time="0.001187"/>
        <testcase name="testCreateElementWithLowercaseTag" class="OfxParserTest\Sgml\ElementFactoryTest" classname="OfxParserTest.Sgml.ElementFactoryTest" file="C:\Users\prote\Documents\software-devel\ksf_ofxparser\tests\OfxParser\Sgml\ElementFactoryTest.php" line="60" assertions="1" time="0.001127"/>
        <testcase name="testCreateElementWithMixedCaseTag" class="OfxParserTest\Sgml\ElementFactoryTest" classname="OfxParserTest.Sgml.ElementFactoryTest" file="C:\Users\prote\Documents\software-devel\ksf_ofxparser\tests\OfxParser\Sgml\ElementFactoryTest.php" line="70" assertions="1" time="0.038512"/>
        <testcase name="testIsValueElementWithKnownElements" class="OfxParserTest\Sgml\ElementFactoryTest" classname="OfxParserTest.Sgml.ElementFactoryTest" file="C:\Users\prote\Documents\software-devel\ksf_ofxparser\tests\OfxParser\Sgml\ElementFactoryTest.php" line="80" assertions="6" time="0.002563"/>
        <testcase name="testIsValueElementWithContainerElements" class="OfxParserTest\Sgml\ElementFactoryTest" classname="OfxParserTest.Sgml.ElementFactoryTest" file="C:\Users\prote\Documents\software-devel\ksf_ofxparser\tests\OfxParser\Sgml\ElementFactoryTest.php" line="93" assertions="3" time="0.032754"/>
        <testcase name="testIsValueElementWithUnknownElement" class="OfxParserTest\Sgml\ElementFactoryTest" classname="OfxParserTest.Sgml.ElementFactoryTest" file="C:\Users\prote\Documents\software-devel\ksf_ofxparser\tests\OfxParser\Sgml\ElementFactoryTest.php" line="103" assertions="1" time="0.001067"/>
        <testcase name="testIsContainerElementWithKnownElements" class="OfxParserTest\Sgml\ElementFactoryTest" classname="OfxParserTest.Sgml.ElementFactoryTest" file="C:\Users\prote\Documents\software-devel\ksf_ofxparser\tests\OfxParser\Sgml\ElementFactoryTest.php" line="111" assertions="6" time="0.002919"/>
        <testcase name="testIsContainerElementWithValueElements" class="OfxParserTest\Sgml\ElementFactoryTest" classname="OfxParserTest.Sgml.ElementFactoryTest" file="C:\Users\prote\Documents\software-devel\ksf_ofxparser\tests\OfxParser\Sgml\ElementFactoryTest.php" line="124" assertions="3" time="0.001159"/>
        <testcase name="testIsContainerElementWithUnknownElement" class="OfxParserTest\Sgml\ElementFactoryTest" classname="OfxParserTest.Sgml.ElementFactoryTest" file="C:\Users\prote\Documents\software-devel\ksf_ofxparser\tests\OfxParser\Sgml\ElementFactoryTest.php" line="134" assertions="1" time="0.001061"/>
        <testcase name="testRegisterValueElement" class="OfxParserTest\Sgml\ElementFactoryTest" classname="OfxParserTest.Sgml.ElementFactoryTest" file="C:\Users\prote\Documents\software-devel\ksf_ofxparser\tests\OfxParser\Sgml\ElementFactoryTest.php" line="142" assertions="3" time="0.001250"/>
        <testcase name="testRegisterValueElementWithDifferentTypes" class="OfxParserTest\Sgml\ElementFactoryTest" classname="OfxParserTest.Sgml.ElementFactoryTest" file="C:\Users\prote\Documents\software-devel\ksf_ofxparser\tests\OfxParser\Sgml\ElementFactoryTest.php" line="157" assertions="3" time="0.001221"/>
        <testcase name="testRegisterContainerElement" class="OfxParserTest\Sgml\ElementFactoryTest" classname="OfxParserTest.Sgml.ElementFactoryTest" file="C:\Users\prote\Documents\software-devel\ksf_ofxparser\tests\OfxParser\Sgml\ElementFactoryTest.php" line="171" assertions="3" time="0.001254"/>
        <testcase name="testRegisterContainerElementNoDuplicates" class="OfxParserTest\Sgml\ElementFactoryTest" classname="OfxParserTest.Sgml.ElementFactoryTest" file="C:\Users\prote\Documents\software-devel\ksf_ofxparser\tests\OfxParser\Sgml\ElementFactoryTest.php" line="186" assertions="1" time="0.001056"/>
        <testcase name="testCreateElementWithLineAndColumn" class="OfxParserTest\Sgml\ElementFactoryTest" classname="OfxParserTest.Sgml.ElementFactoryTest" file="C:\Users\prote\Documents\software-devel\ksf_ofxparser\tests\OfxParser\Sgml\ElementFactoryTest.php" line="198" assertions="1" time="0.003071"/>
        <testcase name="testCurrencyFieldsAreValueElements" class="OfxParserTest\Sgml\ElementFactoryTest" classname="OfxParserTest.Sgml.ElementFactoryTest" file="C:\Users\prote\Documents\software-devel\ksf_ofxparser\tests\OfxParser\Sgml\ElementFactoryTest.php" line="209" assertions="4" time="0.001304"/>
        <testcase name="testCurrencyIsCurrencyElement" class="OfxParserTest\Sgml\ElementFactoryTest" classname="OfxParserTest.Sgml.ElementFactoryTest" file="C:\Users\prote\Documents\software-devel\ksf_ofxparser\tests\OfxParser\Sgml\ElementFactoryTest.php" line="231" assertions="5" time="0.002024"/>
        <testcase name="testInvestmentFieldsAreValueElements" class="OfxParserTest\Sgml\ElementFactoryTest" classname="OfxParserTest.Sgml.ElementFactoryTest" file="C:\Users\prote\Documents\software-devel\ksf_ofxparser\tests\OfxParser\Sgml\ElementFactoryTest.php" line="247" assertions="7" time="0.001336"/>
        <testcase name="testInvestmentContainersAreContainerElements" class="OfxParserTest\Sgml\ElementFactoryTest" classname="OfxParserTest.Sgml.ElementFactoryTest" file="C:\Users\prote\Documents\software-devel\ksf_ofxparser\tests\OfxParser\Sgml\ElementFactoryTest.php" line="261" assertions="6" time="0.001335"/>
        <testcase name="testPayeeFieldsAreValueElements" class="OfxParserTest\Sgml\ElementFactoryTest" classname="OfxParserTest.Sgml.ElementFactoryTest" file="C:\Users\prote\Documents\software-devel\ksf_ofxparser\tests\OfxParser\Sgml\ElementFactoryTest.php" line="274" assertions="7" time="0.001334"/>
        <testcase name="testAccountInfoContainersAreContainerElements" class="OfxParserTest\Sgml\ElementFactoryTest" classname="OfxParserTest.Sgml.ElementFactoryTest" file="C:\Users\prote\Documents\software-devel\ksf_ofxparser\tests\OfxParser\Sgml\ElementFactoryTest.php" line="288" assertions="3" time="0.001298"/>
        <testcase name="testAllRequiredTransactionFields" class="OfxParserTest\Sgml\ElementFactoryTest" classname="OfxParserTest.Sgml.ElementFactoryTest" file="C:\Users\prote\Documents\software-devel\ksf_ofxparser\tests\OfxParser\Sgml\ElementFactoryTest.php" line="298" assertions="8" time="0.009535"/>
      </testsuite>
      <testsuite name="OfxParserTest\Sgml\SgmlParserTest" file="C:\Users\prote\Documents\software-devel\ksf_ofxparser\tests\OfxParser\Sgml\SgmlParserTest.php" tests="16" assertions="55" errors="0" warnings="0" failures="0" skipped="0" time="0.276871">
        <testcase name="testParseSimpleContainer" class="OfxParserTest\Sgml\SgmlParserTest" classname="OfxParserTest.Sgml.SgmlParserTest" file="C:\Users\prote\Documents\software-devel\ksf_ofxparser\tests\OfxParser\Sgml\SgmlParserTest.php" line="32" assertions="4" time="0.016804"/>
        <testcase name="testParseValueElements" class="OfxParserTest\Sgml\SgmlParserTest" classname="OfxParserTest.Sgml.SgmlParserTest" file="C:\Users\prote\Documents\software-devel\ksf_ofxparser\tests\OfxParser\Sgml\SgmlParserTest.php" line="59" assertions="3" time="0.009432"/>
        <testcase name="testAutoCloseUnclosedTags" class="OfxParserTest\Sgml\SgmlParserTest" classname="OfxParserTest.Sgml.SgmlParserTest" file="C:\Users\prote\Documents\software-devel\ksf_ofxparser\tests\OfxParser\Sgml\SgmlParserTest.php" line="88" assertions="2" time="0.036880"/>
        <testcase name="testNestedContainers" class="OfxParserTest\Sgml\SgmlParserTest" classname="OfxParserTest.Sgml.SgmlParserTest" file="C:\Users\prote\Documents\software-devel\ksf_ofxparser\tests\OfxParser\Sgml\SgmlParserTest.php" line="114" assertions="4" time="0.012914"/>
        <testcase name="testEmptyValueElement" class="OfxParserTest\Sgml\SgmlParserTest" classname="OfxParserTest.Sgml.SgmlParserTest" file="C:\Users\prote\Documents\software-devel\ksf_ofxparser\tests\OfxParser\Sgml\SgmlParserTest.php" line="140" assertions="2" time="0.022844"/>
        <testcase name="testMultipleSiblings" class="OfxParserTest\Sgml\SgmlParserTest" classname="OfxParserTest.Sgml.SgmlParserTest" file="C:\Users\prote\Documents\software-devel\ksf_ofxparser\tests\OfxParser\Sgml\SgmlParserTest.php" line="160" assertions="2" time="0.005015"/>
        <testcase name="testWhitespaceInValues" class="OfxParserTest\Sgml\SgmlParserTest" classname="OfxParserTest.Sgml.SgmlParserTest" file="C:\Users\prote\Documents\software-devel\ksf_ofxparser\tests\OfxParser\Sgml\SgmlParserTest.php" line="178" assertions="2" time="0.011833"/>
        <testcase name="testTagNameCaseSensitivity" class="OfxParserTest\Sgml\SgmlParserTest" classname="OfxParserTest.Sgml.SgmlParserTest" file="C:\Users\prote\Documents\software-devel\ksf_ofxparser\tests\OfxParser\Sgml\SgmlParserTest.php" line="198" assertions="1" time="0.012311"/>
        <testcase name="testContainerWithNoChildren" class="OfxParserTest\Sgml\SgmlParserTest" classname="OfxParserTest.Sgml.SgmlParserTest" file="C:\Users\prote\Documents\software-devel\ksf_ofxparser\tests\OfxParser\Sgml\SgmlParserTest.php" line="218" assertions="3" time="0.004556"/>
        <testcase name="testDeeplyNestedStructure" class="OfxParserTest\Sgml\SgmlParserTest" classname="OfxParserTest.Sgml.SgmlParserTest" file="C:\Users\prote\Documents\software-devel\ksf_ofxparser\tests\OfxParser\Sgml\SgmlParserTest.php" line="240" assertions="14" time="0.023089"/>
        <testcase name="testUnknownElementHandling" class="OfxParserTest\Sgml\SgmlParserTest" classname="OfxParserTest.Sgml.SgmlParserTest" file="C:\Users\prote\Documents\software-devel\ksf_ofxparser\tests\OfxParser\Sgml\SgmlParserTest.php" line="281" assertions="1" time="0.037131"/>
        <testcase name="testMultipleSameNamedSiblings" class="OfxParserTest\Sgml\SgmlParserTest" classname="OfxParserTest.Sgml.SgmlParserTest" file="C:\Users\prote\Documents\software-devel\ksf_ofxparser\tests\OfxParser\Sgml\SgmlParserTest.php" line="301" assertions="2" time="0.006446"/>
        <testcase name="testElementStructureBasics" class="OfxParserTest\Sgml\SgmlParserTest" classname="OfxParserTest.Sgml.SgmlParserTest" file="C:\Users\prote\Documents\software-devel\ksf_ofxparser\tests\OfxParser\Sgml\SgmlParserTest.php" line="320" assertions="2" time="0.011339"/>
        <testcase name="testContainersHaveChildren" class="OfxParserTest\Sgml\SgmlParserTest" classname="OfxParserTest.Sgml.SgmlParserTest" file="C:\Users\prote\Documents\software-devel\ksf_ofxparser\tests\OfxParser\Sgml\SgmlParserTest.php" line="338" assertions="3" time="0.007613"/>
        <testcase name="testRealOfxStructure" class="OfxParserTest\Sgml\SgmlParserTest" classname="OfxParserTest.Sgml.SgmlParserTest" file="C:\Users\prote\Documents\software-devel\ksf_ofxparser\tests\OfxParser\Sgml\SgmlParserTest.php" line="361" assertions="8" time="0.051137"/>
        <testcase name="testVariousTagStructures" class="OfxParserTest\Sgml\SgmlParserTest" classname="OfxParserTest.Sgml.SgmlParserTest" file="C:\Users\prote\Documents\software-devel\ksf_ofxparser\tests\OfxParser\Sgml\SgmlParserTest.php" line="407" assertions="2" time="0.007525"/>
      </testsuite>
      <testsuite name="OfxParserTest\UtilsTest" file="C:\Users\prote\Documents\software-devel\ksf_ofxparser\tests\OfxParser\UtilsTest.php" tests="38" assertions="57" errors="0" warnings="0" failures="0" skipped="0" time="0.099122">
        <testsuite name="OfxParserTest\UtilsTest::testCreateAmountFromStr" tests="27" assertions="27" errors="0" warnings="0" failures="0" skipped="0" time="0.070371">
          <testcase name="testCreateAmountFromStr with data set #0" class="OfxParserTest\UtilsTest" classname="OfxParserTest.UtilsTest" file="C:\Users\prote\Documents\software-devel\ksf_ofxparser\tests\OfxParser\UtilsTest.php" line="60" assertions="1" time="0.001076"/>
          <testcase name="testCreateAmountFromStr with data set #1" class="OfxParserTest\UtilsTest" classname="OfxParserTest.UtilsTest" file="C:\Users\prote\Documents\software-devel\ksf_ofxparser\tests\OfxParser\UtilsTest.php" line="60" assertions="1" time="0.000852"/>
          <testcase name="testCreateAmountFromStr with data set #2" class="OfxParserTest\UtilsTest" classname="OfxParserTest.UtilsTest" file="C:\Users\prote\Documents\software-devel\ksf_ofxparser\tests\OfxParser\UtilsTest.php" line="60" assertions="1" time="0.000862"/>
          <testcase name="testCreateAmountFromStr with data set &quot;1000.01&quot;" class="OfxParserTest\UtilsTest" classname="OfxParserTest.UtilsTest" file="C:\Users\prote\Documents\software-devel\ksf_ofxparser\tests\OfxParser\UtilsTest.php" line="60" assertions="1" time="0.000887"/>
          <testcase name="testCreateAmountFromStr with data set &quot;1000,01&quot;" class="OfxParserTest\UtilsTest" classname="OfxParserTest.UtilsTest" file="C:\Users\prote\Documents\software-devel\ksf_ofxparser\tests\OfxParser\UtilsTest.php" line="60" assertions="1" time="0.000860"/>
          <testcase name="testCreateAmountFromStr with data set &quot;1,000.01&quot;" class="OfxParserTest\UtilsTest" classname="OfxParserTest.UtilsTest" file="C:\Users\prote\Documents\software-devel\ksf_ofxparser\tests\OfxParser\UtilsTest.php" line="60" assertions="1" time="0.000842"/>
          <testcase name="testCreateAmountFromStr with data set &quot;1.000,01&quot;" class="OfxParserTest\UtilsTest" classname="OfxParserTest.UtilsTest" file="C:\Users\prote\Documents\software-devel\ksf_ofxparser\tests\OfxParser\UtilsTest.php" line="60" assertions="1" time="0.000862"/>
          <testcase name="testCreateAmountFromStr with data set #3" class="OfxParserTest\UtilsTest" classname="OfxParserTest.UtilsTest" file="C:\Users\prote\Documents\software-devel\ksf_ofxparser\tests\OfxParser\UtilsTest.php" line="60" assertions="1" time="0.000857"/>
          <testcase name="testCreateAmountFromStr with data set #4" class="OfxParserTest\UtilsTest" classname="OfxParserTest.UtilsTest" file="C:\Users\prote\Documents\software-devel\ksf_ofxparser\tests\OfxParser\UtilsTest.php" line="60" assertions="1" time="0.000861"/>
          <testcase name="testCreateAmountFromStr with data set #5" class="OfxParserTest\UtilsTest" classname="OfxParserTest.UtilsTest" file="C:\Users\prote\Documents\software-devel\ksf_ofxparser\tests\OfxParser\UtilsTest.php" line="60" assertions="1" time="0.006275"/>
          <testcase name="testCreateAmountFromStr with data set &quot;-1000.01&quot;" class="OfxParserTest\UtilsTest" classname="OfxParserTest.UtilsTest" file="C:\Users\prote\Documents\software-devel\ksf_ofxparser\tests\OfxParser\UtilsTest.php" line="60" assertions="1" time="0.000844"/>
          <testcase name="testCreateAmountFromStr with data set &quot;-1000,01&quot;" class="OfxParserTest\UtilsTest" classname="OfxParserTest.UtilsTest" file="C:\Users\prote\Documents\software-devel\ksf_ofxparser\tests\OfxParser\UtilsTest.php" line="60" assertions="1" time="0.001474"/>
          <testcase name="testCreateAmountFromStr with data set &quot;-1,000.01&quot;" class="OfxParserTest\UtilsTest" classname="OfxParserTest.UtilsTest" file="C:\Users\prote\Documents\software-devel\ksf_ofxparser\tests\OfxParser\UtilsTest.php" line="60" assertions="1" time="0.000852"/>
          <testcase name="testCreateAmountFromStr with data set &quot;-1.000,01&quot;" class="OfxParserTest\UtilsTest" classname="OfxParserTest.UtilsTest" file="C:\Users\prote\Documents\software-devel\ksf_ofxparser\tests\OfxParser\UtilsTest.php" line="60" assertions="1" time="0.000860"/>
          <testcase name="testCreateAmountFromStr with data set &quot;+1&quot;" class="OfxParserTest\UtilsTest" classname="OfxParserTest.UtilsTest" file="C:\Users\prote\Documents\software-devel\ksf_ofxparser\tests\OfxParser\UtilsTest.php" line="60" assertions="1" time="0.000862"/>
          <testcase name="testCreateAmountFromStr with data set &quot;+10&quot;" class="OfxParserTest\UtilsTest" classname="OfxParserTest.UtilsTest" file="C:\Users\prote\Documents\software-devel\ksf_ofxparser\tests\OfxParser\UtilsTest.php" line="60" assertions="1" time="0.000873"/>
          <testcase name="testCreateAmountFromStr with data set &quot;+100&quot;" class="OfxParserTest\UtilsTest" classname="OfxParserTest.UtilsTest" file="C:\Users\prote\Documents\software-devel\ksf_ofxparser\tests\OfxParser\UtilsTest.php" line="60" assertions="1" time="0.001081"/>
          <testcase name="testCreateAmountFromStr with data set &quot;+1000.01&quot;" class="OfxParserTest\UtilsTest" classname="OfxParserTest.UtilsTest" file="C:\Users\prote\Documents\software-devel\ksf_ofxparser\tests\OfxParser\UtilsTest.php" line="60" assertions="1" time="0.000894"/>
          <testcase name="testCreateAmountFromStr with data set &quot;+1000,01&quot;" class="OfxParserTest\UtilsTest" classname="OfxParserTest.UtilsTest" file="C:\Users\prote\Documents\software-devel\ksf_ofxparser\tests\OfxParser\UtilsTest.php" line="60" assertions="1" time="0.004176"/>
          <testcase name="testCreateAmountFromStr with data set &quot;+1,000.01&quot;" class="OfxParserTest\UtilsTest" classname="OfxParserTest.UtilsTest" file="C:\Users\prote\Documents\software-devel\ksf_ofxparser\tests\OfxParser\UtilsTest.php" line="60" assertions="1" time="0.000969"/>
          <testcase name="testCreateAmountFromStr with data set &quot;+1.000,01&quot;" class="OfxParserTest\UtilsTest" classname="OfxParserTest.UtilsTest" file="C:\Users\prote\Documents\software-devel\ksf_ofxparser\tests\OfxParser\UtilsTest.php" line="60" assertions="1" time="0.005531"/>
          <testcase name="testCreateAmountFromStr with data set &quot;2,225,000&quot;" class="OfxParserTest\UtilsTest" classname="OfxParserTest.UtilsTest" file="C:\Users\prote\Documents\software-devel\ksf_ofxparser\tests\OfxParser\UtilsTest.php" line="60" assertions="1" time="0.001662"/>
          <testcase name="testCreateAmountFromStr with data set &quot;2,225,000.01&quot;" class="OfxParserTest\UtilsTest" classname="OfxParserTest.UtilsTest" file="C:\Users\prote\Documents\software-devel\ksf_ofxparser\tests\OfxParser\UtilsTest.php" line="60" assertions="1" time="0.000914"/>
          <testcase name="testCreateAmountFromStr with data set &quot;2.225.000&quot;" class="OfxParserTest\UtilsTest" classname="OfxParserTest.UtilsTest" file="C:\Users\prote\Documents\software-devel\ksf_ofxparser\tests\OfxParser\UtilsTest.php" line="60" assertions="1" time="0.032588"/>
          <testcase name="testCreateAmountFromStr with data set &quot;2.225.000,01&quot;" class="OfxParserTest\UtilsTest" classname="OfxParserTest.UtilsTest" file="C:\Users\prote\Documents\software-devel\ksf_ofxparser\tests\OfxParser\UtilsTest.php" line="60" assertions="1" time="0.000859"/>
          <testcase name="testCreateAmountFromStr with data set &quot;0.02&quot;" class="OfxParserTest\UtilsTest" classname="OfxParserTest.UtilsTest" file="C:\Users\prote\Documents\software-devel\ksf_ofxparser\tests\OfxParser\UtilsTest.php" line="60" assertions="1" time="0.000837"/>
          <testcase name="testCreateAmountFromStr with data set &quot;-,03&quot;" class="OfxParserTest\UtilsTest" classname="OfxParserTest.UtilsTest" file="C:\Users\prote\Documents\software-devel\ksf_ofxparser\tests\OfxParser\UtilsTest.php" line="60" assertions="1" time="0.000861"/>
        </testsuite>
        <testcase name="testCreateDateTimeFromOFXDateFormats" class="OfxParserTest\UtilsTest" classname="OfxParserTest.UtilsTest" file="C:\Users\prote\Documents\software-devel\ksf_ofxparser\tests\OfxParser\UtilsTest.php" line="66" assertions="7" time="0.001672"/>
        <testcase name="testCreateDateTimeFromStrWithAllFormats" class="OfxParserTest\UtilsTest" classname="OfxParserTest.UtilsTest" file="C:\Users\prote\Documents\software-devel\ksf_ofxparser\tests\OfxParser\UtilsTest.php" line="99" assertions="4" time="0.005973"/>
        <testcase name="testCreateDateTimeFromStrWithInvalidFormat" class="OfxParserTest\UtilsTest" classname="OfxParserTest.UtilsTest" file="C:\Users\prote\Documents\software-devel\ksf_ofxparser\tests\OfxParser\UtilsTest.php" line="118" assertions="2" time="0.003411"/>
        <testcase name="testCreateDateTimeFromStrWithPartialDate" class="OfxParserTest\UtilsTest" classname="OfxParserTest.UtilsTest" file="C:\Users\prote\Documents\software-devel\ksf_ofxparser\tests\OfxParser\UtilsTest.php" line="125" assertions="2" time="0.001893"/>
        <testcase name="testCreateDateTimeFromStrIgnoresErrors" class="OfxParserTest\UtilsTest" classname="OfxParserTest.UtilsTest" file="C:\Users\prote\Documents\software-devel\ksf_ofxparser\tests\OfxParser\UtilsTest.php" line="132" assertions="1" time="0.001125"/>
        <testcase name="testCreateDateTimeFromStrThrowsExceptionOnInvalidDate" class="OfxParserTest\UtilsTest" classname="OfxParserTest.UtilsTest" file="C:\Users\prote\Documents\software-devel\ksf_ofxparser\tests\OfxParser\UtilsTest.php" line="138" assertions="1" time="0.003469"/>
        <testcase name="testCreateAmountFromStrWithEdgeCases" class="OfxParserTest\UtilsTest" classname="OfxParserTest.UtilsTest" file="C:\Users\prote\Documents\software-devel\ksf_ofxparser\tests\OfxParser\UtilsTest.php" line="144" assertions="4" time="0.002637"/>
        <testcase name="testCreateAmountFromStrWithWhitespace" class="OfxParserTest\UtilsTest" classname="OfxParserTest.UtilsTest" file="C:\Users\prote\Documents\software-devel\ksf_ofxparser\tests\OfxParser\UtilsTest.php" line="152" assertions="2" time="0.001060"/>
        <testcase name="testCreateAmountFromStrWithLargeNumbers" class="OfxParserTest\UtilsTest" classname="OfxParserTest.UtilsTest" file="C:\Users\prote\Documents\software-devel\ksf_ofxparser\tests\OfxParser\UtilsTest.php" line="158" assertions="3" time="0.004644"/>
        <testcase name="testCreateAmountFromStrWithPositiveSign" class="OfxParserTest\UtilsTest" classname="OfxParserTest.UtilsTest" file="C:\Users\prote\Documents\software-devel\ksf_ofxparser\tests\OfxParser\UtilsTest.php" line="165" assertions="2" time="0.001043"/>
        <testcase name="testCreateAmountFromStrWithOnlyDecimalSeparator" class="OfxParserTest\UtilsTest" classname="OfxParserTest.UtilsTest" file="C:\Users\prote\Documents\software-devel\ksf_ofxparser\tests\OfxParser\UtilsTest.php" line="171" assertions="2" time="0.001823"/>
      </testsuite>
      <testsuite name="OfxParserTest\XmlOfxParserTest" file="C:\Users\prote\Documents\software-devel\ksf_ofxparser\tests\OfxParser\XmlOfxParserTest.php" tests="8" assertions="33" errors="0" warnings="0" failures="0" skipped="0" time="0.031543">
        <testcase name="testXmlOfxWithCurrency" class="OfxParserTest\XmlOfxParserTest" classname="OfxParserTest.XmlOfxParserTest" file="C:\Users\prote\Documents\software-devel\ksf_ofxparser\tests\OfxParser\XmlOfxParserTest.php" line="25" assertions="9" time="0.002527"/>
        <testcase name="testXmlOfxWithIntuBid" class="OfxParserTest\XmlOfxParserTest" classname="OfxParserTest.XmlOfxParserTest" file="C:\Users\prote\Documents\software-devel\ksf_ofxparser\tests\OfxParser\XmlOfxParserTest.php" line="104" assertions="2" time="0.002302"/>
        <testcase name="testXmlOfxWithSignupAccountInfo" class="OfxParserTest\XmlOfxParserTest" classname="OfxParserTest.XmlOfxParserTest" file="C:\Users\prote\Documents\software-devel\ksf_ofxparser\tests\OfxParser\XmlOfxParserTest.php" line="164" assertions="4" time="0.001906"/>
        <testcase name="testXmlCreditCardAccount" class="OfxParserTest\XmlOfxParserTest" classname="OfxParserTest.XmlOfxParserTest" file="C:\Users\prote\Documents\software-devel\ksf_ofxparser\tests\OfxParser\XmlOfxParserTest.php" line="238" assertions="5" time="0.010099"/>
        <testcase name="testGetTransactionsHelper" class="OfxParserTest\XmlOfxParserTest" classname="OfxParserTest.XmlOfxParserTest" file="C:\Users\prote\Documents\software-devel\ksf_ofxparser\tests\OfxParser\XmlOfxParserTest.php" line="306" assertions="3" time="0.002010"/>
        <testcase name="testBuildHeader" class="OfxParserTest\XmlOfxParserTest" classname="OfxParserTest.XmlOfxParserTest" file="C:\Users\prote\Documents\software-devel\ksf_ofxparser\tests\OfxParser\XmlOfxParserTest.php" line="380" assertions="4" time="0.002070"/>
        <testcase name="testXmlWithAvailableBalance" class="OfxParserTest\XmlOfxParserTest" classname="OfxParserTest.XmlOfxParserTest" file="C:\Users\prote\Documents\software-devel\ksf_ofxparser\tests\OfxParser\XmlOfxParserTest.php" line="453" assertions="3" time="0.009458"/>
        <testcase name="testNullConstructor" class="OfxParserTest\XmlOfxParserTest" classname="OfxParserTest.XmlOfxParserTest" file="C:\Users\prote\Documents\software-devel\ksf_ofxparser\tests\OfxParser\XmlOfxParserTest.php" line="516" assertions="3" time="0.001171"/>
      </testsuite>
      <testsuite name="Tests\ParserAutoDetectTest" file="C:\Users\prote\Documents\software-devel\ksf_ofxparser\tests\ParserAutoDetectTest.php" tests="4" assertions="22" errors="0" warnings="0" failures="0" skipped="0" time="0.239777">
        <testcase name="testDetectsAndParsesXmlFiles" class="Tests\ParserAutoDetectTest" classname="Tests.ParserAutoDetectTest" file="C:\Users\prote\Documents\software-devel\ksf_ofxparser\tests\ParserAutoDetectTest.php" line="24" assertions="6" time="0.002399"/>
        <testcase name="testDetectsAndParsesSgmlFiles" class="Tests\ParserAutoDetectTest" classname="Tests.ParserAutoDetectTest" file="C:\Users\prote\Documents\software-devel\ksf_ofxparser\tests\ParserAutoDetectTest.php" line="94" assertions="6" time="0.078628"/>
        <testcase name="testBothPathsProduceCompatibleOutput" class="Tests\ParserAutoDetectTest" classname="Tests.ParserAutoDetectTest" file="C:\Users\prote\Documents\software-devel\ksf_ofxparser\tests\ParserAutoDetectTest.php" line="173" assertions="6" time="0.077900"/>
        <testcase name="testParsingMetricsAvailable" class="Tests\ParserAutoDetectTest" classname="Tests.ParserAutoDetectTest" file="C:\Users\prote\Documents\software-devel\ksf_ofxparser\tests\ParserAutoDetectTest.php" line="298" assertions="4" time="0.080850"/>
      </testsuite>
      <testsuite name="Tests\Performance\ParsingPerformanceTest" file="C:\Users\prote\Documents\software-devel\ksf_ofxparser\tests\Performance\ParsingPerformanceTest.php" tests="11" assertions="6" errors="0" warnings="0" failures="0" skipped="7" time="0.169257">
        <testcase name="testParse1000TransactionsUnder5Seconds" class="Tests\Performance\ParsingPerformanceTest" classname="Tests.Performance.ParsingPerformanceTest" file="C:\Users\prote\Documents\software-devel\ksf_ofxparser\tests\Performance\ParsingPerformanceTest.php" line="18" assertions="0" time="0.000999">
          <skipped/>
        </testcase>
        <testcase name="testParse10000TransactionsUnder30Seconds" class="Tests\Performance\ParsingPerformanceTest" classname="Tests.Performance.ParsingPerformanceTest" file="C:\Users\prote\Documents\software-devel\ksf_ofxparser\tests\Performance\ParsingPerformanceTest.php" line="54" assertions="0" time="0.001754">
          <skipped/>
        </testcase>
        <testcase name="testFormatDetectionFast" class="Tests\Performance\ParsingPerformanceTest" classname="Tests.Performance.ParsingPerformanceTest" file="C:\Users\prote\Documents\software-devel\ksf_ofxparser\tests\Performance\ParsingPerformanceTest.php" line="86" assertions="1" time="0.155634"/>
        <testcase name="testXMLFasterThanSGML" class="Tests\Performance\ParsingPerformanceTest" classname="Tests.Performance.ParsingPerformanceTest" file="C:\Users\prote\Documents\software-devel\ksf_ofxparser\tests\Performance\ParsingPerformanceTest.php" line="116" assertions="0" time="0.001168">
          <skipped/>
        </testcase>
        <testcase name="testIncrementalParsingCapability" class="Tests\Performance\ParsingPerformanceTest" classname="Tests.Performance.ParsingPerformanceTest" file="C:\Users\prote\Documents\software-devel\ksf_ofxparser\tests\Performance\ParsingPerformanceTest.php" line="158" assertions="0" time="0.000900">
          <skipped/>
        </testcase>
        <testcase name="testMemoryUsageFor1000Transactions" class="Tests\Performance\ParsingPerformanceTest" classname="Tests.Performance.ParsingPerformanceTest" file="C:\Users\prote\Documents\software-devel\ksf_ofxparser\tests\Performance\ParsingPerformanceTest.php" line="188" assertions="0" time="0.001141">
          <skipped/>
        </testcase>
        <testcase name="testMemoryScalingEfficiency" class="Tests\Performance\ParsingPerformanceTest" classname="Tests.Performance.ParsingPerformanceTest" file="C:\Users\prote\Documents\software-devel\ksf_ofxparser\tests\Performance\ParsingPerformanceTest.php" line="223" assertions="0" time="0.000897">
          <skipped/>
        </testcase>
        <testcase name="testLargeFileDoesntCrash" class="Tests\Performance\ParsingPerformanceTest" classname="Tests.Performance.ParsingPerformanceTest" file="C:\Users\prote\Documents\software-devel\ksf_ofxparser\tests\Performance\ParsingPerformanceTest.php" line="254" assertions="0" time="0.001038">
          <skipped/>
        </testcase>
        <testcase name="testCachedResultReuse" class="Tests\Performance\ParsingPerformanceTest" classname="Tests.Performance.ParsingPerformanceTest" file="C:\Users\prote\Documents\software-devel\ksf_ofxparser\tests\Performance\ParsingPerformanceTest.php" line="278" assertions="1" time="0.001246"/>
        <testcase name="testPeakMemoryReasonable" class="Tests\Performance\ParsingPerformanceTest" classname="Tests.Performance.ParsingPerformanceTest" file="C:\Users\prote\Documents\software-devel\ksf_ofxparser\tests\Performance\ParsingPerformanceTest.php" line="312" assertions="2" time="0.002201"/>
        <testcase name="testMemoryCleanupOnErrors" class="Tests\Performance\ParsingPerformanceTest" classname="Tests.Performance.ParsingPerformanceTest" file="C:\Users\prote\Documents\software-devel\ksf_ofxparser\tests\Performance\ParsingPerformanceTest.php" line="347" assertions="2" time="0.002278"/>
      </testsuite>
      <testsuite name="Tests\Recovery\RecoveryStrategyTest" file="C:\Users\prote\Documents\software-devel\ksf_ofxparser\tests\Recovery\RecoveryStrategyTest.php" tests="20" assertions="40" errors="0" warnings="0" failures="0" skipped="0" time="0.029255">
        <testcase name="testZeroAmountStrategyReturnsZero" class="Tests\Recovery\RecoveryStrategyTest" classname="Tests.Recovery.RecoveryStrategyTest" file="C:\Users\prote\Documents\software-devel\ksf_ofxparser\tests\Recovery\RecoveryStrategyTest.php" line="29" assertions="2" time="0.001233"/>
        <testcase name="testEmptyStringStrategyReturnsEmptyString" class="Tests\Recovery\RecoveryStrategyTest" classname="Tests.Recovery.RecoveryStrategyTest" file="C:\Users\prote\Documents\software-devel\ksf_ofxparser\tests\Recovery\RecoveryStrategyTest.php" line="41" assertions="2" time="0.001506"/>
        <testcase name="testDefaultValueStrategyReturnsDefault" class="Tests\Recovery\RecoveryStrategyTest" classname="Tests.Recovery.RecoveryStrategyTest" file="C:\Users\prote\Documents\software-devel\ksf_ofxparser\tests\Recovery\RecoveryStrategyTest.php" line="53" assertions="2" time="0.001216"/>
        <testcase name="testCurrentDateStrategyReturnsToday" class="Tests\Recovery\RecoveryStrategyTest" classname="Tests.Recovery.RecoveryStrategyTest" file="C:\Users\prote\Documents\software-devel\ksf_ofxparser\tests\Recovery\RecoveryStrategyTest.php" line="65" assertions="2" time="0.001230"/>
        <testcase name="testNullStrategyReturnsNull" class="Tests\Recovery\RecoveryStrategyTest" classname="Tests.Recovery.RecoveryStrategyTest" file="C:\Users\prote\Documents\software-devel\ksf_ofxparser\tests\Recovery\RecoveryStrategyTest.php" line="77" assertions="2" time="0.001219"/>
        <testcase name="testStrategyNameMethodWorks" class="Tests\Recovery\RecoveryStrategyTest" classname="Tests.Recovery.RecoveryStrategyTest" file="C:\Users\prote\Documents\software-devel\ksf_ofxparser\tests\Recovery\RecoveryStrategyTest.php" line="89" assertions="3" time="0.001612"/>
        <testcase name="testLogAndContinueStrategyAllowsContinuation" class="Tests\Recovery\RecoveryStrategyTest" classname="Tests.Recovery.RecoveryStrategyTest" file="C:\Users\prote\Documents\software-devel\ksf_ofxparser\tests\Recovery\RecoveryStrategyTest.php" line="102" assertions="3" time="0.002050"/>
        <testcase name="testSkipTransactionStrategySignalsSkip" class="Tests\Recovery\RecoveryStrategyTest" classname="Tests.Recovery.RecoveryStrategyTest" file="C:\Users\prote\Documents\software-devel\ksf_ofxparser\tests\Recovery\RecoveryStrategyTest.php" line="120" assertions="2" time="0.001180"/>
        <testcase name="testPartialTransactionStrategyAllowsPartial" class="Tests\Recovery\RecoveryStrategyTest" classname="Tests.Recovery.RecoveryStrategyTest" file="C:\Users\prote\Documents\software-devel\ksf_ofxparser\tests\Recovery\RecoveryStrategyTest.php" line="133" assertions="2" time="0.001308"/>
        <testcase name="testRecoveryContextUsesConfiguredStrategy" class="Tests\Recovery\RecoveryStrategyTest" classname="Tests.Recovery.RecoveryStrategyTest" file="C:\Users\prote\Documents\software-devel\ksf_ofxparser\tests\Recovery\RecoveryStrategyTest.php" line="151" assertions="1" time="0.001301"/>
        <testcase name="testRecoveryStrategyChain" class="Tests\Recovery\RecoveryStrategyTest" classname="Tests.Recovery.RecoveryStrategyTest" file="C:\Users\prote\Documents\software-devel\ksf_ofxparser\tests\Recovery\RecoveryStrategyTest.php" line="165" assertions="1" time="0.001200"/>
        <testcase name="testStrategyHandlesDifferentExceptionTypes" class="Tests\Recovery\RecoveryStrategyTest" classname="Tests.Recovery.RecoveryStrategyTest" file="C:\Users\prote\Documents\software-devel\ksf_ofxparser\tests\Recovery\RecoveryStrategyTest.php" line="180" assertions="3" time="0.001432"/>
        <testcase name="testDefaultValueStrategyPreservesType" class="Tests\Recovery\RecoveryStrategyTest" classname="Tests.Recovery.RecoveryStrategyTest" file="C:\Users\prote\Documents\software-devel\ksf_ofxparser\tests\Recovery\RecoveryStrategyTest.php" line="190" assertions="2" time="0.001996"/>
        <testcase name="testMultipleFieldStrategiesConfigured" class="Tests\Recovery\RecoveryStrategyTest" classname="Tests.Recovery.RecoveryStrategyTest" file="C:\Users\prote\Documents\software-devel\ksf_ofxparser\tests\Recovery\RecoveryStrategyTest.php" line="205" assertions="3" time="0.001350"/>
        <testcase name="testTransactionStrategiesComplementFieldStrategies" class="Tests\Recovery\RecoveryStrategyTest" classname="Tests.Recovery.RecoveryStrategyTest" file="C:\Users\prote\Documents\software-devel\ksf_ofxparser\tests\Recovery\RecoveryStrategyTest.php" line="220" assertions="4" time="0.002919"/>
        <testcase name="testRecoveryContextThrowsWhenNoStrategy" class="Tests\Recovery\RecoveryStrategyTest" classname="Tests.Recovery.RecoveryStrategyTest" file="C:\Users\prote\Documents\software-devel\ksf_ofxparser\tests\Recovery\RecoveryStrategyTest.php" line="239" assertions="1" time="0.001170"/>
        <testcase name="testStrictModeDisablesRecovery" class="Tests\Recovery\RecoveryStrategyTest" classname="Tests.Recovery.RecoveryStrategyTest" file="C:\Users\prote\Documents\software-devel\ksf_ofxparser\tests\Recovery\RecoveryStrategyTest.php" line="251" assertions="1" time="0.001340"/>
        <testcase name="testDefensiveModeEnablesRecovery" class="Tests\Recovery\RecoveryStrategyTest" classname="Tests.Recovery.RecoveryStrategyTest" file="C:\Users\prote\Documents\software-devel\ksf_ofxparser\tests\Recovery\RecoveryStrategyTest.php" line="264" assertions="1" time="0.001256"/>
        <testcase name="testRecoveryResultUsableInFlow" class="Tests\Recovery\RecoveryStrategyTest" classname="Tests.Recovery.RecoveryStrategyTest" file="C:\Users\prote\Documents\software-devel\ksf_ofxparser\tests\Recovery\RecoveryStrategyTest.php" line="275" assertions="2" time="0.001474"/>
        <testcase name="testStrategyAccessesContextData" class="Tests\Recovery\RecoveryStrategyTest" classname="Tests.Recovery.RecoveryStrategyTest" file="C:\Users\prote\Documents\software-devel\ksf_ofxparser\tests\Recovery\RecoveryStrategyTest.php" line="288" assertions="1" time="0.001263"/>
      </testsuite>
      <testsuite name="Tests\Regression\RegressionTest" file="C:\Users\prote\Documents\software-devel\ksf_ofxparser\tests\Regression\RegressionTest.php" tests="11" assertions="26" errors="0" warnings="0" failures="0" skipped="0" time="0.144220">
        <testcase name="testLargeAmountPrecisionPreserved" class="Tests\Regression\RegressionTest" classname="Tests.Regression.RegressionTest" file="C:\Users\prote\Documents\software-devel\ksf_ofxparser\tests\Regression\RegressionTest.php" line="45" assertions="1" time="0.009707"/>
        <testcase name="testZeroAmountNotNull" class="Tests\Regression\RegressionTest" classname="Tests.Regression.RegressionTest" file="C:\Users\prote\Documents\software-devel\ksf_ofxparser\tests\Regression\RegressionTest.php" line="72" assertions="2" time="0.002396"/>
        <testcase name="testNegativeAmountSignPreserved" class="Tests\Regression\RegressionTest" classname="Tests.Regression.RegressionTest" file="C:\Users\prote\Documents\software-devel\ksf_ofxparser\tests\Regression\RegressionTest.php" line="98" assertions="2" time="0.002412"/>
        <testcase name="testOldDatesCorrectlyParsed" class="Tests\Regression\RegressionTest" classname="Tests.Regression.RegressionTest" file="C:\Users\prote\Documents\software-devel\ksf_ofxparser\tests\Regression\RegressionTest.php" line="124" assertions="1" time="0.002537"/>
        <testcase name="testLeapYearDatesParsedCorrectly" class="Tests\Regression\RegressionTest" classname="Tests.Regression.RegressionTest" file="C:\Users\prote\Documents\software-devel\ksf_ofxparser\tests\Regression\RegressionTest.php" line="149" assertions="7" time="0.009063"/>
        <testcase name="testAmountRoundingConsistent" class="Tests\Regression\RegressionTest" classname="Tests.Regression.RegressionTest" file="C:\Users\prote\Documents\software-devel\ksf_ofxparser\tests\Regression\RegressionTest.php" line="178" assertions="3" time="0.005083"/>
        <testcase name="testXmlEntitiesDecoded" class="Tests\Regression\RegressionTest" classname="Tests.Regression.RegressionTest" file="C:\Users\prote\Documents\software-devel\ksf_ofxparser\tests\Regression\RegressionTest.php" line="212" assertions="1" time="0.002792"/>
        <testcase name="testLongTransactionIdHandled" class="Tests\Regression\RegressionTest" classname="Tests.Regression.RegressionTest" file="C:\Users\prote\Documents\software-devel\ksf_ofxparser\tests\Regression\RegressionTest.php" line="239" assertions="1" time="0.003622"/>
        <testcase name="testSameDateTransactionsSorted" class="Tests\Regression\RegressionTest" classname="Tests.Regression.RegressionTest" file="C:\Users\prote\Documents\software-devel\ksf_ofxparser\tests\Regression\RegressionTest.php" line="267" assertions="4" time="0.003149"/>
        <testcase name="testLargeStatementMemoryHandling" class="Tests\Regression\RegressionTest" classname="Tests.Regression.RegressionTest" file="C:\Users\prote\Documents\software-devel\ksf_ofxparser\tests\Regression\RegressionTest.php" line="298" assertions="2" time="0.100347"/>
        <testcase name="testParserStateDoesNotAffectResults" class="Tests\Regression\RegressionTest" classname="Tests.Regression.RegressionTest" file="C:\Users\prote\Documents\software-devel\ksf_ofxparser\tests\Regression\RegressionTest.php" line="317" assertions="2" time="0.003113"/>
      </testsuite>
      <testsuite name="OfxParserTest\Sgml\DateFormatterTest" file="C:\Users\prote\Documents\software-devel\ksf_ofxparser\tests\Sgml\DateFormatterTest.php" tests="7" assertions="46" errors="0" warnings="0" failures="0" skipped="0" time="0.011235">
        <testcase name="testGetRaw" class="OfxParserTest\Sgml\DateFormatterTest" classname="OfxParserTest.Sgml.DateFormatterTest" file="C:\Users\prote\Documents\software-devel\ksf_ofxparser\tests\Sgml\DateFormatterTest.php" line="10" assertions="4" time="0.001125"/>
        <testcase name="testGetNormalized" class="OfxParserTest\Sgml\DateFormatterTest" classname="OfxParserTest.Sgml.DateFormatterTest" file="C:\Users\prote\Documents\software-devel\ksf_ofxparser\tests\Sgml\DateFormatterTest.php" line="18" assertions="7" time="0.001640"/>
        <testcase name="testGetYMD" class="OfxParserTest\Sgml\DateFormatterTest" classname="OfxParserTest.Sgml.DateFormatterTest" file="C:\Users\prote\Documents\software-devel\ksf_ofxparser\tests\Sgml\DateFormatterTest.php" line="40" assertions="6" time="0.001695"/>
        <testcase name="testParseToDateTime" class="OfxParserTest\Sgml\DateFormatterTest" classname="OfxParserTest.Sgml.DateFormatterTest" file="C:\Users\prote\Documents\software-devel\ksf_ofxparser\tests\Sgml\DateFormatterTest.php" line="50" assertions="9" time="0.001907"/>
        <testcase name="testIsValid" class="OfxParserTest\Sgml\DateFormatterTest" classname="OfxParserTest.Sgml.DateFormatterTest" file="C:\Users\prote\Documents\software-devel\ksf_ofxparser\tests\Sgml\DateFormatterTest.php" line="73" assertions="11" time="0.002067"/>
        <testcase name="testFormat" class="OfxParserTest\Sgml\DateFormatterTest" classname="OfxParserTest.Sgml.DateFormatterTest" file="C:\Users\prote\Documents\software-devel\ksf_ofxparser\tests\Sgml\DateFormatterTest.php" line="91" assertions="5" time="0.001554"/>
        <testcase name="testEdgeCases" class="OfxParserTest\Sgml\DateFormatterTest" classname="OfxParserTest.Sgml.DateFormatterTest" file="C:\Users\prote\Documents\software-devel\ksf_ofxparser\tests\Sgml\DateFormatterTest.php" line="105" assertions="4" time="0.001248"/>
      </testsuite>
      <testsuite name="Tests\Sgml\ParserTest" file="C:\Users\prote\Documents\software-devel\ksf_ofxparser\tests\Sgml\ParserTest.php" tests="6" assertions="21" errors="0" warnings="0" failures="0" skipped="0" time="0.073710">
        <testcase name="testParsesSimpleElement" class="Tests\Sgml\ParserTest" classname="Tests.Sgml.ParserTest" file="C:\Users\prote\Documents\software-devel\ksf_ofxparser\tests\Sgml\ParserTest.php" line="12" assertions="6" time="0.006819"/>
        <testcase name="testHandlesUnclosedTags" class="Tests\Sgml\ParserTest" classname="Tests.Sgml.ParserTest" file="C:\Users\prote\Documents\software-devel\ksf_ofxparser\tests\Sgml\ParserTest.php" line="31" assertions="4" time="0.012480"/>
        <testcase name="testHandlesNestedContainers" class="Tests\Sgml\ParserTest" classname="Tests.Sgml.ParserTest" file="C:\Users\prote\Documents\software-devel\ksf_ofxparser\tests\Sgml\ParserTest.php" line="51" assertions="4" time="0.018829"/>
        <testcase name="testMagicGetterAccess" class="Tests\Sgml\ParserTest" classname="Tests.Sgml.ParserTest" file="C:\Users\prote\Documents\software-devel\ksf_ofxparser\tests\Sgml\ParserTest.php" line="77" assertions="1" time="0.008310"/>
        <testcase name="testValueElementValidation" class="Tests\Sgml\ParserTest" classname="Tests.Sgml.ParserTest" file="C:\Users\prote\Documents\software-devel\ksf_ofxparser\tests\Sgml\ParserTest.php" line="89" assertions="2" time="0.009332"/>
        <testcase name="testHandlesMultipleSiblings" class="Tests\Sgml\ParserTest" classname="Tests.Sgml.ParserTest" file="C:\Users\prote\Documents\software-devel\ksf_ofxparser\tests\Sgml\ParserTest.php" line="109" assertions="4" time="0.017940"/>
      </testsuite>
      <testsuite name="Tests\Sgml\TokenizerTest" file="C:\Users\prote\Documents\software-devel\ksf_ofxparser\tests\Sgml\TokenizerTest.php" tests="5" assertions="14" errors="0" warnings="0" failures="0" skipped="0" time="0.010605">
        <testcase name="testTokenizesOpeningTag" class="Tests\Sgml\TokenizerTest" classname="Tests.Sgml.TokenizerTest" file="C:\Users\prote\Documents\software-devel\ksf_ofxparser\tests\Sgml\TokenizerTest.php" line="11" assertions="2" time="0.001442"/>
        <testcase name="testTokenizesClosingTag" class="Tests\Sgml\TokenizerTest" classname="Tests.Sgml.TokenizerTest" file="C:\Users\prote\Documents\software-devel\ksf_ofxparser\tests\Sgml\TokenizerTest.php" line="20" assertions="2" time="0.001318"/>
        <testcase name="testTokenizesTextContent" class="Tests\Sgml\TokenizerTest" classname="Tests.Sgml.TokenizerTest" file="C:\Users\prote\Documents\software-devel\ksf_ofxparser\tests\Sgml\TokenizerTest.php" line="29" assertions="4" time="0.003756"/>
        <testcase name="testHandlesUnclosedTag" class="Tests\Sgml\TokenizerTest" classname="Tests.Sgml.TokenizerTest" file="C:\Users\prote\Documents\software-devel\ksf_ofxparser\tests\Sgml\TokenizerTest.php" line="44" assertions="4" time="0.002263"/>
        <testcase name="testSkipsWhitespaceBetweenTags" class="Tests\Sgml\TokenizerTest" classname="Tests.Sgml.TokenizerTest" file="C:\Users\prote\Documents\software-devel\ksf_ofxparser\tests\Sgml\TokenizerTest.php" line="61" assertions="2" time="0.001826"/>
      </testsuite>
      <testsuite name="Tests\TestOFXHelperTest" file="C:\Users\prote\Documents\software-devel\ksf_ofxparser\tests\TestOFXHelperTest.php" tests="1" assertions="0" errors="0" warnings="0" failures="0" skipped="1" time="0.000914">
        <testcase name="testSimpleOFXParsing" class="Tests\TestOFXHelperTest" classname="Tests.TestOFXHelperTest" file="C:\Users\prote\Documents\software-devel\ksf_ofxparser\tests\TestOFXHelperTest.php" line="19" assertions="0" time="0.000914">
          <skipped/>
        </testcase>
      </testsuite>
      <testsuite name="Tests\Unit\EdgeCaseParsingTest" file="C:\Users\prote\Documents\software-devel\ksf_ofxparser\tests\Unit\EdgeCaseParsingTest.php" tests="22" assertions="37" errors="0" warnings="0" failures="0" skipped="0" time="0.070926">
        <testcase name="testParseMinimumPositiveAmount" class="Tests\Unit\EdgeCaseParsingTest" classname="Tests.Unit.EdgeCaseParsingTest" file="C:\Users\prote\Documents\software-devel\ksf_ofxparser\tests\Unit\EdgeCaseParsingTest.php" line="41" assertions="1" time="0.002157"/>
        <testcase name="testParseMaximumPositiveAmount" class="Tests\Unit\EdgeCaseParsingTest" classname="Tests.Unit.EdgeCaseParsingTest" file="C:\Users\prote\Documents\software-devel\ksf_ofxparser\tests\Unit\EdgeCaseParsingTest.php" line="61" assertions="1" time="0.002386"/>
        <testcase name="testParseMinimumNegativeAmount" class="Tests\Unit\EdgeCaseParsingTest" classname="Tests.Unit.EdgeCaseParsingTest" file="C:\Users\prote\Documents\software-devel\ksf_ofxparser\tests\Unit\EdgeCaseParsingTest.php" line="81" assertions="1" time="0.002441"/>
        <testcase name="testParseMaximumNegativeAmount" class="Tests\Unit\EdgeCaseParsingTest" classname="Tests.Unit.EdgeCaseParsingTest" file="C:\Users\prote\Documents\software-devel\ksf_ofxparser\tests\Unit\EdgeCaseParsingTest.php" line="101" assertions="1" time="0.002105"/>
        <testcase name="testParseAmountWithExtraDecimals" class="Tests\Unit\EdgeCaseParsingTest" classname="Tests.Unit.EdgeCaseParsingTest" file="C:\Users\prote\Documents\software-devel\ksf_ofxparser\tests\Unit\EdgeCaseParsingTest.php" line="121" assertions="1" time="0.002128"/>
        <testcase name="testParseAmountWithoutDecimal" class="Tests\Unit\EdgeCaseParsingTest" classname="Tests.Unit.EdgeCaseParsingTest" file="C:\Users\prote\Documents\software-devel\ksf_ofxparser\tests\Unit\EdgeCaseParsingTest.php" line="142" assertions="1" time="0.002216"/>
        <testcase name="testParseZeroAmount" class="Tests\Unit\EdgeCaseParsingTest" classname="Tests.Unit.EdgeCaseParsingTest" file="C:\Users\prote\Documents\software-devel\ksf_ofxparser\tests\Unit\EdgeCaseParsingTest.php" line="162" assertions="3" time="0.003862"/>
        <testcase name="testParseAmountWithLeadingZeros" class="Tests\Unit\EdgeCaseParsingTest" classname="Tests.Unit.EdgeCaseParsingTest" file="C:\Users\prote\Documents\software-devel\ksf_ofxparser\tests\Unit\EdgeCaseParsingTest.php" line="186" assertions="1" time="0.002332"/>
        <testcase name="testParseUnixEpoch" class="Tests\Unit\EdgeCaseParsingTest" classname="Tests.Unit.EdgeCaseParsingTest" file="C:\Users\prote\Documents\software-devel\ksf_ofxparser\tests\Unit\EdgeCaseParsingTest.php" line="210" assertions="1" time="0.002432"/>
        <testcase name="testParseY2KDate" class="Tests\Unit\EdgeCaseParsingTest" classname="Tests.Unit.EdgeCaseParsingTest" file="C:\Users\prote\Documents\software-devel\ksf_ofxparser\tests\Unit\EdgeCaseParsingTest.php" line="230" assertions="1" time="0.002082"/>
        <testcase name="testParseLeapYearDate" class="Tests\Unit\EdgeCaseParsingTest" classname="Tests.Unit.EdgeCaseParsingTest" file="C:\Users\prote\Documents\software-devel\ksf_ofxparser\tests\Unit\EdgeCaseParsingTest.php" line="250" assertions="1" time="0.002290"/>
        <testcase name="testParseYearEnd" class="Tests\Unit\EdgeCaseParsingTest" classname="Tests.Unit.EdgeCaseParsingTest" file="C:\Users\prote\Documents\software-devel\ksf_ofxparser\tests\Unit\EdgeCaseParsingTest.php" line="270" assertions="1" time="0.002317"/>
        <testcase name="testParseFarFutureDate" class="Tests\Unit\EdgeCaseParsingTest" classname="Tests.Unit.EdgeCaseParsingTest" file="C:\Users\prote\Documents\software-devel\ksf_ofxparser\tests\Unit\EdgeCaseParsingTest.php" line="290" assertions="1" time="0.003155"/>
        <testcase name="testParseDateWithTime" class="Tests\Unit\EdgeCaseParsingTest" classname="Tests.Unit.EdgeCaseParsingTest" file="C:\Users\prote\Documents\software-devel\ksf_ofxparser\tests\Unit\EdgeCaseParsingTest.php" line="310" assertions="2" time="0.002190"/>
        <testcase name="testMaximumTransactionIdLength" class="Tests\Unit\EdgeCaseParsingTest" classname="Tests.Unit.EdgeCaseParsingTest" file="C:\Users\prote\Documents\software-devel\ksf_ofxparser\tests\Unit\EdgeCaseParsingTest.php" line="336" assertions="1" time="0.002245"/>
        <testcase name="testMaximumMemoLength" class="Tests\Unit\EdgeCaseParsingTest" classname="Tests.Unit.EdgeCaseParsingTest" file="C:\Users\prote\Documents\software-devel\ksf_ofxparser\tests\Unit\EdgeCaseParsingTest.php" line="359" assertions="1" time="0.004551"/>
        <testcase name="testMaximumPayeeLength" class="Tests\Unit\EdgeCaseParsingTest" classname="Tests.Unit.EdgeCaseParsingTest" file="C:\Users\prote\Documents\software-devel\ksf_ofxparser\tests\Unit\EdgeCaseParsingTest.php" line="382" assertions="1" time="0.004259"/>
        <testcase name="testAmpersandInField" class="Tests\Unit\EdgeCaseParsingTest" classname="Tests.Unit.EdgeCaseParsingTest" file="C:\Users\prote\Documents\software-devel\ksf_ofxparser\tests\Unit\EdgeCaseParsingTest.php" line="409" assertions="1" time="0.002681"/>
        <testcase name="testQuotesInField" class="Tests\Unit\EdgeCaseParsingTest" classname="Tests.Unit.EdgeCaseParsingTest" file="C:\Users\prote\Documents\software-devel\ksf_ofxparser\tests\Unit\EdgeCaseParsingTest.php" line="430" assertions="1" time="0.002988"/>
        <testcase name="testXmlEntitiesInField" class="Tests\Unit\EdgeCaseParsingTest" classname="Tests.Unit.EdgeCaseParsingTest" file="C:\Users\prote\Documents\software-devel\ksf_ofxparser\tests\Unit\EdgeCaseParsingTest.php" line="450" assertions="3" time="0.002241"/>
        <testcase name="testNewlinesInField" class="Tests\Unit\EdgeCaseParsingTest" classname="Tests.Unit.EdgeCaseParsingTest" file="C:\Users\prote\Documents\software-devel\ksf_ofxparser\tests\Unit\EdgeCaseParsingTest.php" line="472" assertions="1" time="0.002267"/>
        <testcase name="testTransactionTypeRecognition" class="Tests\Unit\EdgeCaseParsingTest" classname="Tests.Unit.EdgeCaseParsingTest" file="C:\Users\prote\Documents\software-devel\ksf_ofxparser\tests\Unit\EdgeCaseParsingTest.php" line="497" assertions="11" time="0.015601"/>
      </testsuite>
      <testsuite name="OfxParserTest\VersionCompatibilityTest" file="C:\Users\prote\Documents\software-devel\ksf_ofxparser\tests\VersionCompatibilityTest.php" tests="6" assertions="6" errors="0" warnings="0" failures="0" skipped="0" time="9.217676">
        <testcase name="testNoTypedPropertiesInPhp73Code" class="OfxParserTest\VersionCompatibilityTest" classname="OfxParserTest.VersionCompatibilityTest" file="C:\Users\prote\Documents\software-devel\ksf_ofxparser\tests\VersionCompatibilityTest.php" line="34" assertions="1" time="8.999422"/>
        <testcase name="testNoArrowFunctionsInPhp73Code" class="OfxParserTest\VersionCompatibilityTest" classname="OfxParserTest.VersionCompatibilityTest" file="C:\Users\prote\Documents\software-devel\ksf_ofxparser\tests\VersionCompatibilityTest.php" line="50" assertions="1" time="0.039710"/>
        <testcase name="testNoUnionTypesInPhp73Code" class="OfxParserTest\VersionCompatibilityTest" classname="OfxParserTest.VersionCompatibilityTest" file="C:\Users\prote\Documents\software-devel\ksf_ofxparser\tests\VersionCompatibilityTest.php" line="70" assertions="1" time="0.034852"/>
        <testcase name="testNoMatchExpressionsInPhp73Code" class="OfxParserTest\VersionCompatibilityTest" classname="OfxParserTest.VersionCompatibilityTest" file="C:\Users\prote\Documents\software-devel\ksf_ofxparser\tests\VersionCompatibilityTest.php" line="92" assertions="1" time="0.027999"/>
        <testcase name="testNoNamedArgumentsInPhp73Code" class="OfxParserTest\VersionCompatibilityTest" classname="OfxParserTest.VersionCompatibilityTest" file="C:\Users\prote\Documents\software-devel\ksf_ofxparser\tests\VersionCompatibilityTest.php" line="112" assertions="1" time="0.051535"/>
        <testcase name="testNoNullCoalescingAssignmentInPhp73Code" class="OfxParserTest\VersionCompatibilityTest" classname="OfxParserTest.VersionCompatibilityTest" file="C:\Users\prote\Documents\software-devel\ksf_ofxparser\tests\VersionCompatibilityTest.php" line="144" assertions="1" time="0.064158"/>
      </testsuite>
    </testsuite>
  </testsuite>
</testsuites>
>
